<html>
<body>
<pre>
<h1>µVision Build Log</h1>
<h2>Tool Versions:</h2>
IDE-Version: ¦ÌVision V5.16a
Copyright (C) 2015 ARM Ltd and ARM Germany GmbH. All rights reserved.
License Information: Microsoft LTD, Soft, LIC=BUUGK-ZZ2A9-PZJWB-2LCB3-Q36T6-CRMQF
 
Tool Versions:
Toolchain:       MDK-ARM Standard  Version: 5.18
Toolchain Path:  C:\mySoftware\MDK\ARM\ARMCC\Bin
C Compiler:      Armcc.exe V5.06 update 1 (build 61)
Assembler:       Armasm.exe V5.06 update 1 (build 61)
Linker/Locator:  ArmLink.exe V5.06 update 1 (build 61)
Library Manager: ArmAr.exe V5.06 update 1 (build 61)
Hex Converter:   FromElf.exe V5.06 update 1 (build 61)
CPU DLL:         SARMCM3.DLL V5.18
Dialog DLL:      DARMSTM.DLL V1.65.0.0
Target DLL:      Segger\JL2CM3.dll V2.99.2.0
Dialog DLL:      TARMSTM.DLL V1.64.0.0
 
<h2>Project:</h2>
F:\MDK_STM32\MDK_Template\TemplateV1.0_CMSIS_bare\Project\project.uvprojx
Project File Date:  08/12/2016

<h2>Output:</h2>
*** Using Compiler 'V5.06 update 1 (build 61)', folder: 'C:\mySoftware\MDK\ARM\ARMCC\Bin'
Rebuild target 'Template'
compiling digitron.c...
compiling main.c...
compiling stm32f10x_it.c...
compiling key.c...
compiling led.c...
compiling delay.c...
compiling rcc_config.c...
compiling exti_dup.c...
compiling misc.c...
compiling stm32f10x_exti.c...
compiling stm32f10x_gpio.c...
assembling startup_stm32f10x_md.s...
compiling stm32f10x_rcc.c...
compiling system_stm32f10x.c...
linking...
Program Size: Code=892 RO-data=252 RW-data=0 ZI-data=1632  
FromELF: creating hex file...
".\Objects\project.axf" - 0 Error(s), 0 Warning(s).

<h2>Software Packages used:</h2>

Package Vendor: ARM
                http://www.keil.com/pack/ARM.CMSIS.4.5.0.pack
                ARM::CMSIS:CORE:4.3.0
                CMSIS (Cortex Microcontroller Software Interface Standard)
   * Component: CORE Version: 4.3.0

Package Vendor: Keil
                http://www.keil.com/pack/Keil.STM32F1xx_DFP.1.1.0.pack
                Keil::Device:Startup:1.0.0
                STMicroelectronics STM32F1 Series Device Support, Drivers and Examples
   * Component: Startup Version: 1.0.0
   * Component: Framework Version: 3.5.1
   * Component: EXTI Version: 3.5.0
   * Component: GPIO Version: 3.5.0
   * Component: RCC Version: 3.5.0

<h2>Collection of Component include folders:</h2>
  F:\MDK_STM32\MDK_Template\TemplateV1.0_CMSIS_bare\Project\RTE
  F:\MDK_STM32\MDK_Template\TemplateV1.0_CMSIS_bare\Project\RTE\Device\STM32F103RB
  C:\mySoftware\MDK\ARM\PACK\ARM\CMSIS\4.5.0\CMSIS\Include
  C:\mySoftware\MDK\ARM\PACK\Keil\STM32F1xx_DFP\1.1.0\Device\Include
  C:\mySoftware\MDK\ARM\PACK\Keil\STM32F1xx_DFP\1.1.0\Device\StdPeriph_Driver\inc

<h2>Collection of Component Files used:</h2>

   * Component: ARM::CMSIS:CORE:4.3.0

   * Component: Keil::Device:Startup:1.0.0
      Source file:   Device\Source\ARM\startup_stm32f10x_md.s
      Source file:   Device\Source\ARM\STM32F1xx_OPT.s
      Source file:   Device\Source\system_stm32f10x.c
      Include file:  RTE_Driver\Config\RTE_Device.h

   * Component: Keil::Device:StdPeriph Drivers:Framework:3.5.1
      Include file:  Device\StdPeriph_Driver\templates\stm32f10x_it.h
      Source file:   Device\StdPeriph_Driver\templates\stm32f10x_it.c
      Source file:   Device\StdPeriph_Driver\src\misc.c
      Source file:   Device\StdPeriph_Driver\templates\stm32f10x_conf.h

   * Component: Keil::Device:StdPeriph Drivers:EXTI:3.5.0
      Include file:  Device\StdPeriph_Driver\inc\stm32f10x_exti.h
      Source file:   Device\StdPeriph_Driver\src\stm32f10x_exti.c

   * Component: Keil::Device:StdPeriph Drivers:GPIO:3.5.0
      Source file:   Device\StdPeriph_Driver\src\stm32f10x_gpio.c
      Include file:  Device\StdPeriph_Driver\inc\stm32f10x_gpio.h

   * Component: Keil::Device:StdPeriph Drivers:RCC:3.5.0
      Include file:  Device\StdPeriph_Driver\inc\stm32f10x_rcc.h
      Source file:   Device\StdPeriph_Driver\src\stm32f10x_rcc.c
Build Time Elapsed:  00:00:01
</pre>
</body>
</html>
