<html>
<body>
<pre>
<h1>µVision Build Log</h1>
<h2>Tool Versions:</h2>
IDE-Version: ¦ÌVision V5.16a
Copyright (C) 2015 ARM Ltd and ARM Germany GmbH. All rights reserved.
License Information: Microsoft LTD, Soft, LIC=BUUGK-ZZ2A9-PZJWB-2LCB3-Q36T6-CRMQF
 
Tool Versions:
Toolchain:       MDK-ARM Standard  Version: 5.18
Toolchain Path:  C:\mySoftware\MDK\ARM\ARMCC\Bin
C Compiler:      Armcc.exe V5.06 update 1 (build 61)
Assembler:       Armasm.exe V5.06 update 1 (build 61)
Linker/Locator:  ArmLink.exe V5.06 update 1 (build 61)
Library Manager: ArmAr.exe V5.06 update 1 (build 61)
Hex Converter:   FromElf.exe V5.06 update 1 (build 61)
CPU DLL:         SARMCM3.DLL V5.18
Dialog DLL:      DCM.DLL V1.13.6.0
Target DLL:      Segger\JL2CM3.dll V2.99.2.0
Dialog DLL:      TCM.DLL V1.14.8.0
 
<h2>Project:</h2>
F:\MDK_STM32\MDK_Template\TemplateV2.0_Cube_FreeRTOS\cube_prj\MDK-ARM\cube_prj.uvprojx
Project File Date:  10/07/2016

<h2>Output:</h2>
*** Using Compiler 'V5.06 update 1 (build 61)', folder: 'C:\mySoftware\MDK\ARM\ARMCC\Bin'
Rebuild target 'cube_prj'
assembling startup_stm32f107xc.s...
compiling system_stm32f1xx.c...
compiling stm32f1xx_hal_flash.c...
compiling stm32f1xx_hal_tim_ex.c...
compiling stm32f1xx_hal_flash_ex.c...
compiling stm32f1xx_hal_gpio.c...
compiling stm32f1xx_hal_rcc.c...
compiling stm32f1xx_hal.c...
compiling stm32f1xx_hal_rcc_ex.c...
compiling stm32f1xx_hal_tim.c...
compiling stm32f1xx_hal_cortex.c...
compiling stm32f1xx_hal_pwr.c...
compiling stm32f1xx_hal_crc.c...
compiling stm32f1xx_hal_dma.c...
compiling stm32f1xx_hal_uart.c...
compiling delay.c...
compiling exti_dup.c...
compiling tim_dup.c...
compiling bsp.c...
compiling key.c...
compiling uart_dup.c...
compiling lcd_ssd1289.c...
compiling led.c...
compiling gpio.c...
compiling stm32f1xx_it.c...
compiling stm32f1xx_hal_msp.c...
compiling main.c...
compiling crc.c...
compiling freertos.c...
compiling stm32f1xx_hal_timebase_TIM.c...
compiling dma.c...
compiling app_led.c...
compiling GUIConf.c...
compiling usart.c...
compiling GUI_X.c...
compiling event_groups.c...
compiling heap_4.c...
compiling LCDConf_FlexColor_Template.c...
compiling port.c...
compiling queue.c...
compiling croutine.c...
compiling list.c...
compiling timers.c...
compiling cmsis_os.c...
compiling tasks.c...
linking...
Program Size: Code=10444 RO-data=484 RW-data=116 ZI-data=5084  
FromELF: creating hex file...
"cube_prj\cube_prj.axf" - 0 Error(s), 0 Warning(s).

<h2>Software Packages used:</h2>

Package Vendor: ARM
                http://www.keil.com/pack/ARM.CMSIS.4.5.0.pack
                ARM::CMSIS:CORE:4.3.0
                CMSIS (Cortex Microcontroller Software Interface Standard)
   * Component: CORE Version: 4.3.0

<h2>Collection of Component include folders:</h2>
  F:\MDK_STM32\MDK_Template\TemplateV2.0_Cube_FreeRTOS\cube_prj\MDK-ARM\RTE
  C:\mySoftware\MDK\ARM\PACK\ARM\CMSIS\4.5.0\CMSIS\Include
  C:\mySoftware\MDK\ARM\PACK\Keil\STM32F1xx_DFP\1.1.0\Device\Include

<h2>Collection of Component Files used:</h2>

   * Component: ARM::CMSIS:CORE:4.3.0
Build Time Elapsed:  00:00:32
</pre>
</body>
</html>
