<!doctype html public "-//w3c//dtd html 4.0 transitional//en">
<html><head>
<title>Static Call Graph - [cube_prj\cube_prj.axf]</title></head>
<body><HR>
<H1>Static Call Graph for image cube_prj\cube_prj.axf</H1><HR>
<BR><P>#&#060CALLGRAPH&#062# ARM Linker, 5060300: Last Updated: Tue Aug 30 08:22:39 2016
<BR><P>
<H3>Maximum Stack Usage =        368 bytes + Unknown(Cycles, Untraceable Function Pointers)</H3><H3>
Call chain for Maximum Stack Depth:</H3>
main &rArr; GUI_Init &rArr; GUI__Config &rArr; LCD_X_Config &rArr; GUI_DEVICE_CreateAndLink &rArr; GUI_DEVICE_Create &rArr; GUI_ALLOC_GetFixedBlock &rArr; _InitOnce &rArr; _EnlargeBlocks &rArr; _Alloc &rArr;  _InitOnce (Cycle)
<P>
<H3>
Mutually Recursive functions
</H3> <LI><a href="#[1]">NMI_Handler</a>&nbsp;&nbsp;&nbsp;&rArr;&nbsp;&nbsp;&nbsp;<a href="#[1]">NMI_Handler</a><BR>
 <LI><a href="#[2]">HardFault_Handler</a>&nbsp;&nbsp;&nbsp;&rArr;&nbsp;&nbsp;&nbsp;<a href="#[2]">HardFault_Handler</a><BR>
 <LI><a href="#[3]">MemManage_Handler</a>&nbsp;&nbsp;&nbsp;&rArr;&nbsp;&nbsp;&nbsp;<a href="#[3]">MemManage_Handler</a><BR>
 <LI><a href="#[4]">BusFault_Handler</a>&nbsp;&nbsp;&nbsp;&rArr;&nbsp;&nbsp;&nbsp;<a href="#[4]">BusFault_Handler</a><BR>
 <LI><a href="#[5]">UsageFault_Handler</a>&nbsp;&nbsp;&nbsp;&rArr;&nbsp;&nbsp;&nbsp;<a href="#[5]">UsageFault_Handler</a><BR>
 <LI><a href="#[6]">SVC_Handler</a>&nbsp;&nbsp;&nbsp;&rArr;&nbsp;&nbsp;&nbsp;<a href="#[6]">SVC_Handler</a><BR>
 <LI><a href="#[7]">DebugMon_Handler</a>&nbsp;&nbsp;&nbsp;&rArr;&nbsp;&nbsp;&nbsp;<a href="#[7]">DebugMon_Handler</a><BR>
 <LI><a href="#[8]">PendSV_Handler</a>&nbsp;&nbsp;&nbsp;&rArr;&nbsp;&nbsp;&nbsp;<a href="#[8]">PendSV_Handler</a><BR>
 <LI><a href="#[1c]">ADC1_2_IRQHandler</a>&nbsp;&nbsp;&nbsp;&rArr;&nbsp;&nbsp;&nbsp;<a href="#[1c]">ADC1_2_IRQHandler</a><BR>
 <LI><a href="#[191]">_PopFreeBlock</a>&nbsp;&nbsp;&nbsp;&rArr;&nbsp;&nbsp;&nbsp;<a href="#[1a0]">_EnlargeBlocks</a><BR>
 <LI><a href="#[e2]">_Alloc</a>&nbsp;&nbsp;&nbsp;&rArr;&nbsp;&nbsp;&nbsp;<a href="#[e9]">_InitOnce</a><BR>
 <LI><a href="#[18e]">WM__InvalidateRect</a>&nbsp;&nbsp;&nbsp;&rArr;&nbsp;&nbsp;&nbsp;<a href="#[18e]">WM__InvalidateRect</a><BR>
 <LI><a href="#[182]">WM_InvalidateWindowAndDescsEx</a>&nbsp;&nbsp;&nbsp;&rArr;&nbsp;&nbsp;&nbsp;<a href="#[182]">WM_InvalidateWindowAndDescsEx</a><BR>
 <LI><a href="#[17d]">WM__InvalidateDrawAndDescs</a>&nbsp;&nbsp;&nbsp;&rArr;&nbsp;&nbsp;&nbsp;<a href="#[17d]">WM__InvalidateDrawAndDescs</a><BR>
 <LI><a href="#[179]">WM_SendToParent</a>&nbsp;&nbsp;&nbsp;&rArr;&nbsp;&nbsp;&nbsp;<a href="#[185]">WM__SendMessage</a><BR>
 <LI><a href="#[1a2]">_Findy1</a>&nbsp;&nbsp;&nbsp;&rArr;&nbsp;&nbsp;&nbsp;<a href="#[1a2]">_Findy1</a><BR>
 <LI><a href="#[1a4]">_Findx1</a>&nbsp;&nbsp;&nbsp;&rArr;&nbsp;&nbsp;&nbsp;<a href="#[1a4]">_Findx1</a><BR>
 <LI><a href="#[1a3]">_Findx0</a>&nbsp;&nbsp;&nbsp;&rArr;&nbsp;&nbsp;&nbsp;<a href="#[1a3]">_Findx0</a><BR>
</UL>
<P>
<H3>
Function Pointers
</H3><UL>
 <LI><a href="#[1c]">ADC1_2_IRQHandler</a> from startup_stm32f107xc.o(.text) referenced from startup_stm32f107xc.o(RESET)
 <LI><a href="#[4]">BusFault_Handler</a> from startup_stm32f107xc.o(.text) referenced from startup_stm32f107xc.o(RESET)
 <LI><a href="#[1e]">CAN1_RX0_IRQHandler</a> from startup_stm32f107xc.o(.text) referenced from startup_stm32f107xc.o(RESET)
 <LI><a href="#[1f]">CAN1_RX1_IRQHandler</a> from startup_stm32f107xc.o(.text) referenced from startup_stm32f107xc.o(RESET)
 <LI><a href="#[20]">CAN1_SCE_IRQHandler</a> from startup_stm32f107xc.o(.text) referenced from startup_stm32f107xc.o(RESET)
 <LI><a href="#[1d]">CAN1_TX_IRQHandler</a> from startup_stm32f107xc.o(.text) referenced from startup_stm32f107xc.o(RESET)
 <LI><a href="#[43]">CAN2_RX0_IRQHandler</a> from startup_stm32f107xc.o(.text) referenced from startup_stm32f107xc.o(RESET)
 <LI><a href="#[44]">CAN2_RX1_IRQHandler</a> from startup_stm32f107xc.o(.text) referenced from startup_stm32f107xc.o(RESET)
 <LI><a href="#[45]">CAN2_SCE_IRQHandler</a> from startup_stm32f107xc.o(.text) referenced from startup_stm32f107xc.o(RESET)
 <LI><a href="#[42]">CAN2_TX_IRQHandler</a> from startup_stm32f107xc.o(.text) referenced from startup_stm32f107xc.o(RESET)
 <LI><a href="#[15]">DMA1_Channel1_IRQHandler</a> from startup_stm32f107xc.o(.text) referenced from startup_stm32f107xc.o(RESET)
 <LI><a href="#[16]">DMA1_Channel2_IRQHandler</a> from startup_stm32f107xc.o(.text) referenced from startup_stm32f107xc.o(RESET)
 <LI><a href="#[17]">DMA1_Channel3_IRQHandler</a> from startup_stm32f107xc.o(.text) referenced from startup_stm32f107xc.o(RESET)
 <LI><a href="#[18]">DMA1_Channel4_IRQHandler</a> from stm32f1xx_it.o(i.DMA1_Channel4_IRQHandler) referenced from startup_stm32f107xc.o(RESET)
 <LI><a href="#[19]">DMA1_Channel5_IRQHandler</a> from stm32f1xx_it.o(i.DMA1_Channel5_IRQHandler) referenced from startup_stm32f107xc.o(RESET)
 <LI><a href="#[1a]">DMA1_Channel6_IRQHandler</a> from startup_stm32f107xc.o(.text) referenced from startup_stm32f107xc.o(RESET)
 <LI><a href="#[1b]">DMA1_Channel7_IRQHandler</a> from startup_stm32f107xc.o(.text) referenced from startup_stm32f107xc.o(RESET)
 <LI><a href="#[3b]">DMA2_Channel1_IRQHandler</a> from startup_stm32f107xc.o(.text) referenced from startup_stm32f107xc.o(RESET)
 <LI><a href="#[3c]">DMA2_Channel2_IRQHandler</a> from startup_stm32f107xc.o(.text) referenced from startup_stm32f107xc.o(RESET)
 <LI><a href="#[3d]">DMA2_Channel3_IRQHandler</a> from startup_stm32f107xc.o(.text) referenced from startup_stm32f107xc.o(RESET)
 <LI><a href="#[3e]">DMA2_Channel4_IRQHandler</a> from startup_stm32f107xc.o(.text) referenced from startup_stm32f107xc.o(RESET)
 <LI><a href="#[3f]">DMA2_Channel5_IRQHandler</a> from startup_stm32f107xc.o(.text) referenced from startup_stm32f107xc.o(RESET)
 <LI><a href="#[7]">DebugMon_Handler</a> from startup_stm32f107xc.o(.text) referenced from startup_stm32f107xc.o(RESET)
 <LI><a href="#[40]">ETH_IRQHandler</a> from startup_stm32f107xc.o(.text) referenced from startup_stm32f107xc.o(RESET)
 <LI><a href="#[41]">ETH_WKUP_IRQHandler</a> from startup_stm32f107xc.o(.text) referenced from startup_stm32f107xc.o(RESET)
 <LI><a href="#[10]">EXTI0_IRQHandler</a> from startup_stm32f107xc.o(.text) referenced from startup_stm32f107xc.o(RESET)
 <LI><a href="#[32]">EXTI15_10_IRQHandler</a> from startup_stm32f107xc.o(.text) referenced from startup_stm32f107xc.o(RESET)
 <LI><a href="#[11]">EXTI1_IRQHandler</a> from startup_stm32f107xc.o(.text) referenced from startup_stm32f107xc.o(RESET)
 <LI><a href="#[12]">EXTI2_IRQHandler</a> from startup_stm32f107xc.o(.text) referenced from startup_stm32f107xc.o(RESET)
 <LI><a href="#[13]">EXTI3_IRQHandler</a> from startup_stm32f107xc.o(.text) referenced from startup_stm32f107xc.o(RESET)
 <LI><a href="#[14]">EXTI4_IRQHandler</a> from startup_stm32f107xc.o(.text) referenced from startup_stm32f107xc.o(RESET)
 <LI><a href="#[21]">EXTI9_5_IRQHandler</a> from startup_stm32f107xc.o(.text) referenced from startup_stm32f107xc.o(RESET)
 <LI><a href="#[e]">FLASH_IRQHandler</a> from startup_stm32f107xc.o(.text) referenced from startup_stm32f107xc.o(RESET)
 <LI><a href="#[60]">GUIDRV_FlexColor_SetFunc66702</a> from guidrv_flexcolor_func66702.o(i.GUIDRV_FlexColor_SetFunc66702) referenced from lcdconf_flexcolor_template.o(i.LCD_X_Config)
 <LI><a href="#[5f]">GUIDRV_FlexColor_SetMode16bppC0B16</a> from guidrv_flexcolor_16bpp_c0b16.o(i.GUIDRV_FlexColor_SetMode16bppC0B16) referenced from lcdconf_flexcolor_template.o(i.LCD_X_Config)
 <LI><a href="#[54]">GUIDRV_FlexColor__GetPixelIndexNoCache</a> from guidrv_flexcolor.o(i.GUIDRV_FlexColor__GetPixelIndexNoCache) referenced from guidrv_flexcolor_16bpp_c0b16.o(i.GUIDRV_FlexColor_SetMode16bppC0B16)
 <LI><a href="#[58]">GUIDRV_FlexColor__SetLog2Phys</a> from guidrv_flexcolor.o(i.GUIDRV_FlexColor__SetLog2Phys) referenced from guidrv_flexcolor.o(i.GUIDRV_FlexColor__InitOnce)
 <LI><a href="#[55]">GUIDRV_FlexColor__SetPixelIndexNoCache</a> from guidrv_flexcolor.o(i.GUIDRV_FlexColor__SetPixelIndexNoCache) referenced from guidrv_flexcolor_16bpp_c0b16.o(i.GUIDRV_FlexColor_SetMode16bppC0B16)
 <LI><a href="#[9e]">GUIMONO_DispChar</a> from gui_charm.o(i.GUIMONO_DispChar) referenced from f6x8.o(.constdata)
 <LI><a href="#[9f]">GUIMONO_GetCharDistX</a> from gui_charm.o(i.GUIMONO_GetCharDistX) referenced from f6x8.o(.constdata)
 <LI><a href="#[a0]">GUIMONO_GetFontInfo</a> from gui_charm.o(i.GUIMONO_GetFontInfo) referenced from f6x8.o(.constdata)
 <LI><a href="#[a1]">GUIMONO_IsInFont</a> from gui_charm.o(i.GUIMONO_IsInFont) referenced from f6x8.o(.constdata)
 <LI><a href="#[73]">GUIPROP_DispChar</a> from gui_charp.o(i.GUIPROP_DispChar) referenced from yahei28.o(.constdata)
 <LI><a href="#[74]">GUIPROP_GetCharDistX</a> from gui_charp.o(i.GUIPROP_GetCharDistX) referenced from yahei28.o(.constdata)
 <LI><a href="#[75]">GUIPROP_GetFontInfo</a> from gui_charp.o(i.GUIPROP_GetFontInfo) referenced from yahei28.o(.constdata)
 <LI><a href="#[76]">GUIPROP_IsInFont</a> from gui_charp.o(i.GUIPROP_IsInFont) referenced from yahei28.o(.constdata)
 <LI><a href="#[68]">GUI_MEMDEV__WriteToActiveOpaque</a> from guidev_writetoactiveopaque.o(i.GUI_MEMDEV__WriteToActiveOpaque) referenced from guidev_16.o(i._GetDevFunc)
 <LI><a href="#[ba]">GUI_X_ExecIdle</a> from gui_x.o(i.GUI_X_ExecIdle) referenced from gui_waitevent.o(.data)
 <LI><a href="#[2]">HardFault_Handler</a> from startup_stm32f107xc.o(.text) referenced from startup_stm32f107xc.o(RESET)
 <LI><a href="#[2a]">I2C1_ER_IRQHandler</a> from startup_stm32f107xc.o(.text) referenced from startup_stm32f107xc.o(RESET)
 <LI><a href="#[29]">I2C1_EV_IRQHandler</a> from startup_stm32f107xc.o(.text) referenced from startup_stm32f107xc.o(RESET)
 <LI><a href="#[2c]">I2C2_ER_IRQHandler</a> from startup_stm32f107xc.o(.text) referenced from startup_stm32f107xc.o(RESET)
 <LI><a href="#[2b]">I2C2_EV_IRQHandler</a> from startup_stm32f107xc.o(.text) referenced from startup_stm32f107xc.o(RESET)
 <LI><a href="#[7c]">LCD_DrawHLine</a> from lcd.o(i.LCD_DrawHLine) referenced from gui_core.o(.constdata)
 <LI><a href="#[7d]">LCD_DrawPixel</a> from lcd.o(i.LCD_DrawPixel) referenced from gui_core.o(.constdata)
 <LI><a href="#[b8]">LCD_GetpPalConvTableBM</a> from lcd_color.o(i.LCD_GetpPalConvTableBM) referenced from gui_core.o(.data)
 <LI><a href="#[78]">LCD_Index2Color_M565</a> from guicc_m565_index2color.o(i.LCD_Index2Color_M565) referenced from guicc_m565.o(.constdata)
 <LI><a href="#[5e]">LcdReadDataMultiple</a> from lcdconf_flexcolor_template.o(i.LcdReadDataMultiple) referenced from lcdconf_flexcolor_template.o(i.LCD_X_Config)
 <LI><a href="#[5c]">LcdWriteData</a> from lcdconf_flexcolor_template.o(i.LcdWriteData) referenced from lcdconf_flexcolor_template.o(i.LCD_X_Config)
 <LI><a href="#[5d]">LcdWriteDataMultiple</a> from lcdconf_flexcolor_template.o(i.LcdWriteDataMultiple) referenced from lcdconf_flexcolor_template.o(i.LCD_X_Config)
 <LI><a href="#[5b]">LcdWriteReg</a> from lcdconf_flexcolor_template.o(i.LcdWriteReg) referenced from lcdconf_flexcolor_template.o(i.LCD_X_Config)
 <LI><a href="#[3]">MemManage_Handler</a> from startup_stm32f107xc.o(.text) referenced from startup_stm32f107xc.o(RESET)
 <LI><a href="#[1]">NMI_Handler</a> from startup_stm32f107xc.o(.text) referenced from startup_stm32f107xc.o(RESET)
 <LI><a href="#[46]">OTG_FS_IRQHandler</a> from startup_stm32f107xc.o(.text) referenced from startup_stm32f107xc.o(RESET)
 <LI><a href="#[34]">OTG_FS_WKUP_IRQHandler</a> from startup_stm32f107xc.o(.text) referenced from startup_stm32f107xc.o(RESET)
 <LI><a href="#[b]">PVD_IRQHandler</a> from startup_stm32f107xc.o(.text) referenced from startup_stm32f107xc.o(RESET)
 <LI><a href="#[8]">PendSV_Handler</a> from startup_stm32f107xc.o(.text) referenced from startup_stm32f107xc.o(RESET)
 <LI><a href="#[f]">RCC_IRQHandler</a> from startup_stm32f107xc.o(.text) referenced from startup_stm32f107xc.o(RESET)
 <LI><a href="#[33]">RTC_Alarm_IRQHandler</a> from startup_stm32f107xc.o(.text) referenced from startup_stm32f107xc.o(RESET)
 <LI><a href="#[d]">RTC_IRQHandler</a> from startup_stm32f107xc.o(.text) referenced from startup_stm32f107xc.o(RESET)
 <LI><a href="#[0]">Reset_Handler</a> from startup_stm32f107xc.o(.text) referenced from startup_stm32f107xc.o(RESET)
 <LI><a href="#[2d]">SPI1_IRQHandler</a> from startup_stm32f107xc.o(.text) referenced from startup_stm32f107xc.o(RESET)
 <LI><a href="#[2e]">SPI2_IRQHandler</a> from startup_stm32f107xc.o(.text) referenced from startup_stm32f107xc.o(RESET)
 <LI><a href="#[36]">SPI3_IRQHandler</a> from startup_stm32f107xc.o(.text) referenced from startup_stm32f107xc.o(RESET)
 <LI><a href="#[6]">SVC_Handler</a> from startup_stm32f107xc.o(.text) referenced from startup_stm32f107xc.o(RESET)
 <LI><a href="#[9]">SysTick_Handler</a> from stm32f1xx_it.o(i.SysTick_Handler) referenced from startup_stm32f107xc.o(RESET)
 <LI><a href="#[48]">SystemInit</a> from system_stm32f1xx.o(i.SystemInit) referenced from startup_stm32f107xc.o(.text)
 <LI><a href="#[c]">TAMPER_IRQHandler</a> from startup_stm32f107xc.o(.text) referenced from startup_stm32f107xc.o(RESET)
 <LI><a href="#[22]">TIM1_BRK_IRQHandler</a> from startup_stm32f107xc.o(.text) referenced from startup_stm32f107xc.o(RESET)
 <LI><a href="#[25]">TIM1_CC_IRQHandler</a> from startup_stm32f107xc.o(.text) referenced from startup_stm32f107xc.o(RESET)
 <LI><a href="#[24]">TIM1_TRG_COM_IRQHandler</a> from startup_stm32f107xc.o(.text) referenced from startup_stm32f107xc.o(RESET)
 <LI><a href="#[23]">TIM1_UP_IRQHandler</a> from startup_stm32f107xc.o(.text) referenced from startup_stm32f107xc.o(RESET)
 <LI><a href="#[26]">TIM2_IRQHandler</a> from startup_stm32f107xc.o(.text) referenced from startup_stm32f107xc.o(RESET)
 <LI><a href="#[27]">TIM3_IRQHandler</a> from startup_stm32f107xc.o(.text) referenced from startup_stm32f107xc.o(RESET)
 <LI><a href="#[28]">TIM4_IRQHandler</a> from startup_stm32f107xc.o(.text) referenced from startup_stm32f107xc.o(RESET)
 <LI><a href="#[35]">TIM5_IRQHandler</a> from startup_stm32f107xc.o(.text) referenced from startup_stm32f107xc.o(RESET)
 <LI><a href="#[39]">TIM6_IRQHandler</a> from startup_stm32f107xc.o(.text) referenced from startup_stm32f107xc.o(RESET)
 <LI><a href="#[3a]">TIM7_IRQHandler</a> from startup_stm32f107xc.o(.text) referenced from startup_stm32f107xc.o(RESET)
 <LI><a href="#[37]">UART4_IRQHandler</a> from startup_stm32f107xc.o(.text) referenced from startup_stm32f107xc.o(RESET)
 <LI><a href="#[38]">UART5_IRQHandler</a> from startup_stm32f107xc.o(.text) referenced from startup_stm32f107xc.o(RESET)
 <LI><a href="#[2f]">USART1_IRQHandler</a> from stm32f1xx_it.o(i.USART1_IRQHandler) referenced from startup_stm32f107xc.o(RESET)
 <LI><a href="#[30]">USART2_IRQHandler</a> from startup_stm32f107xc.o(.text) referenced from startup_stm32f107xc.o(RESET)
 <LI><a href="#[31]">USART3_IRQHandler</a> from startup_stm32f107xc.o(.text) referenced from startup_stm32f107xc.o(RESET)
 <LI><a href="#[5]">UsageFault_Handler</a> from startup_stm32f107xc.o(.text) referenced from startup_stm32f107xc.o(RESET)
 <LI><a href="#[a]">WWDG_IRQHandler</a> from startup_stm32f107xc.o(.text) referenced from startup_stm32f107xc.o(RESET)
 <LI><a href="#[80]">_CalcSizeOfChar</a> from gui_uc_encodeutf8.o(i._CalcSizeOfChar) referenced 2 times from gui_uc_encodeutf8.o(.constdata)
 <LI><a href="#[7a]">_Color2IndexBulk</a> from guicc_m565.o(i._Color2IndexBulk) referenced from guicc_m565.o(.constdata)
 <LI><a href="#[b5]">_Color2Index_0</a> from guicc_0.o(i._Color2Index_0) referenced from guicc_0.o(.constdata)
 <LI><a href="#[77]">_Color2Index_M565</a> from guicc_m565.o(i._Color2Index_M565) referenced from guicc_m565.o(.constdata)
 <LI><a href="#[82]">_DrawBitmap</a> from guidrv_flexcolor.o(i._DrawBitmap) referenced 2 times from guidrv_flexcolor.o(.constdata)
 <LI><a href="#[52]">_DrawBitmap</a> from guidrv_flexcolor_16bpp_c0b16.o(i._DrawBitmap) referenced from guidrv_flexcolor_16bpp_c0b16.o(i.GUIDRV_FlexColor_SetMode16bppC0B16)
 <LI><a href="#[83]">_DrawHLine</a> from guidrv_flexcolor.o(i._DrawHLine) referenced 2 times from guidrv_flexcolor.o(.constdata)
 <LI><a href="#[84]">_DrawVLine</a> from guidrv_flexcolor.o(i._DrawVLine) referenced 2 times from guidrv_flexcolor.o(.constdata)
 <LI><a href="#[81]">_Encode</a> from gui_uc_encodeutf8.o(i._Encode) referenced 2 times from gui_uc_encodeutf8.o(.constdata)
 <LI><a href="#[85]">_FillRect</a> from guidrv_flexcolor.o(i._FillRect) referenced 2 times from guidrv_flexcolor.o(.constdata)
 <LI><a href="#[53]">_FillRect</a> from guidrv_flexcolor_16bpp_c0b16.o(i._FillRect) referenced from guidrv_flexcolor_16bpp_c0b16.o(i.GUIDRV_FlexColor_SetMode16bppC0B16)
 <LI><a href="#[7e]">_GetCharCode</a> from gui_uc_encodeutf8.o(i._GetCharCode) referenced 2 times from gui_uc_encodeutf8.o(.constdata)
 <LI><a href="#[7f]">_GetCharSize</a> from gui_uc_encodeutf8.o(i._GetCharSize) referenced 2 times from gui_uc_encodeutf8.o(.constdata)
 <LI><a href="#[8c]">_GetDevData</a> from guidrv_flexcolor.o(i._GetDevData) referenced 2 times from guidrv_flexcolor.o(.constdata)
 <LI><a href="#[8a]">_GetDevFunc</a> from guidrv_flexcolor.o(i._GetDevFunc) referenced 2 times from guidrv_flexcolor.o(.constdata)
 <LI><a href="#[65]">_GetDevFunc_Init</a> from guidrv_flexcolor.o(i._GetDevFunc_Init) referenced from guidrv_flexcolor.o(i._GetDevFunc)
 <LI><a href="#[69]">_GetDevFunc_SetRect</a> from guidrv_flexcolor.o(i._GetDevFunc_SetRect) referenced from guidrv_flexcolor.o(i._GetDevFunc_SetRectOutside)
 <LI><a href="#[67]">_GetDevFunc_SetRectOutside</a> from guidrv_flexcolor.o(i._GetDevFunc_SetRectOutside) referenced from guidrv_flexcolor.o(i._GetDevFunc)
 <LI><a href="#[64]">_GetDevFunc_SetSize</a> from guidrv_flexcolor.o(i._GetDevFunc_SetSize) referenced from guidrv_flexcolor.o(i._GetDevFunc)
 <LI><a href="#[63]">_GetDevFunc_SetVSize</a> from guidrv_flexcolor.o(i._GetDevFunc_SetVSize) referenced from guidrv_flexcolor.o(i._GetDevFunc)
 <LI><a href="#[8b]">_GetDevProp</a> from guidrv_flexcolor.o(i._GetDevProp) referenced 2 times from guidrv_flexcolor.o(.constdata)
 <LI><a href="#[b7]">_GetIndexMask_0</a> from guicc_0.o(i._GetIndexMask_0) referenced from guicc_0.o(.constdata)
 <LI><a href="#[79]">_GetIndexMask_M565</a> from guicc_m565.o(i._GetIndexMask_M565) referenced from guicc_m565.o(.constdata)
 <LI><a href="#[86]">_GetPixelIndex</a> from guidrv_flexcolor.o(i._GetPixelIndex) referenced 2 times from guidrv_flexcolor.o(.constdata)
 <LI><a href="#[8d]">_GetRect</a> from guidrv_flexcolor.o(i._GetRect) referenced 2 times from guidrv_flexcolor.o(.constdata)
 <LI><a href="#[7b]">_Index2ColorBulk</a> from guicc_m565.o(i._Index2ColorBulk) referenced from guicc_m565.o(.constdata)
 <LI><a href="#[b6]">_Index2Color_0</a> from guicc_0.o(i._Index2Color_0) referenced from guicc_0.o(.constdata)
 <LI><a href="#[8e]">_Log2PhysX_X0Y0S0</a> from guidrv_flexcolor.o(i._Log2PhysX_X0Y0S0) referenced from guidrv_flexcolor.o(.constdata)
 <LI><a href="#[92]">_Log2PhysX_X0Y0S1</a> from guidrv_flexcolor.o(i._Log2PhysX_X0Y0S1) referenced from guidrv_flexcolor.o(.constdata)
 <LI><a href="#[90]">_Log2PhysX_X0Y1S0</a> from guidrv_flexcolor.o(i._Log2PhysX_X0Y1S0) referenced from guidrv_flexcolor.o(.constdata)
 <LI><a href="#[94]">_Log2PhysX_X0Y1S1</a> from guidrv_flexcolor.o(i._Log2PhysX_X0Y1S1) referenced from guidrv_flexcolor.o(.constdata)
 <LI><a href="#[8f]">_Log2PhysX_X1Y0S0</a> from guidrv_flexcolor.o(i._Log2PhysX_X1Y0S0) referenced from guidrv_flexcolor.o(.constdata)
 <LI><a href="#[93]">_Log2PhysX_X1Y0S1</a> from guidrv_flexcolor.o(i._Log2PhysX_X1Y0S1) referenced from guidrv_flexcolor.o(.constdata)
 <LI><a href="#[91]">_Log2PhysX_X1Y1S0</a> from guidrv_flexcolor.o(i._Log2PhysX_X1Y1S0) referenced from guidrv_flexcolor.o(.constdata)
 <LI><a href="#[95]">_Log2PhysX_X1Y1S1</a> from guidrv_flexcolor.o(i._Log2PhysX_X1Y1S1) referenced from guidrv_flexcolor.o(.constdata)
 <LI><a href="#[96]">_Log2PhysY_X0Y0S0</a> from guidrv_flexcolor.o(i._Log2PhysY_X0Y0S0) referenced from guidrv_flexcolor.o(.constdata)
 <LI><a href="#[9a]">_Log2PhysY_X0Y0S1</a> from guidrv_flexcolor.o(i._Log2PhysY_X0Y0S1) referenced from guidrv_flexcolor.o(.constdata)
 <LI><a href="#[98]">_Log2PhysY_X0Y1S0</a> from guidrv_flexcolor.o(i._Log2PhysY_X0Y1S0) referenced from guidrv_flexcolor.o(.constdata)
 <LI><a href="#[9c]">_Log2PhysY_X0Y1S1</a> from guidrv_flexcolor.o(i._Log2PhysY_X0Y1S1) referenced from guidrv_flexcolor.o(.constdata)
 <LI><a href="#[97]">_Log2PhysY_X1Y0S0</a> from guidrv_flexcolor.o(i._Log2PhysY_X1Y0S0) referenced from guidrv_flexcolor.o(.constdata)
 <LI><a href="#[9b]">_Log2PhysY_X1Y0S1</a> from guidrv_flexcolor.o(i._Log2PhysY_X1Y0S1) referenced from guidrv_flexcolor.o(.constdata)
 <LI><a href="#[99]">_Log2PhysY_X1Y1S0</a> from guidrv_flexcolor.o(i._Log2PhysY_X1Y1S0) referenced from guidrv_flexcolor.o(.constdata)
 <LI><a href="#[9d]">_Log2PhysY_X1Y1S1</a> from guidrv_flexcolor.o(i._Log2PhysY_X1Y1S1) referenced from guidrv_flexcolor.o(.constdata)
 <LI><a href="#[b9]">_Log2VisBuffered</a> from gui_charline.o(i._Log2VisBuffered) referenced from gui_charline.o(.data)
 <LI><a href="#[59]">_OnExit</a> from gui_core.o(i._OnExit) referenced from gui_core.o(i.GUI__Config)
 <LI><a href="#[5a]">_OnExit</a> from lcd_color.o(i._OnExit) referenced from lcd_color.o(i.LCD_InitColors)
 <LI><a href="#[62]">_OnExit</a> from wm.o(i._OnExit) referenced from wm.o(i.WM_Init)
 <LI><a href="#[6a]">_OnExit</a> from gui_alloc.o(i._OnExit) referenced from gui_alloc.o(i._InitOnce)
 <LI><a href="#[56]">_ReadData</a> from guidrv_flexcolor_16bpp_c0b16.o(i._ReadData) referenced from guidrv_flexcolor_16bpp_c0b16.o(i.GUIDRV_FlexColor_SetMode16bppC0B16)
 <LI><a href="#[6d]">_ReadPixelCust_16bpp</a> from guidrv_flexcolor.o(i._ReadPixelCust_16bpp) referenced from guidrv_flexcolor.o(i._SetDevFunc)
 <LI><a href="#[6c]">_ReadPixelCust_18bpp</a> from guidrv_flexcolor.o(i._ReadPixelCust_18bpp) referenced from guidrv_flexcolor.o(i._SetDevFunc)
 <LI><a href="#[4e]">_ReadPixel_16bpp_B16</a> from guidrv_flexcolor_func66702.o(i._ReadPixel_16bpp_B16) referenced from guidrv_flexcolor_func66702.o(i.GUIDRV_FlexColor_SetFunc66702)
 <LI><a href="#[4d]">_ReadPixel_16bpp_B8</a> from guidrv_flexcolor_func66702.o(i._ReadPixel_16bpp_B8) referenced from guidrv_flexcolor_func66702.o(i.GUIDRV_FlexColor_SetFunc66702)
 <LI><a href="#[6e]">_ReadRectCust_16bpp</a> from guidrv_flexcolor.o(i._ReadRectCust_16bpp) referenced from guidrv_flexcolor.o(i._SetDevFunc)
 <LI><a href="#[6b]">_ReadRectCust_18bpp</a> from guidrv_flexcolor.o(i._ReadRectCust_18bpp) referenced from guidrv_flexcolor.o(i._SetDevFunc)
 <LI><a href="#[4f]">_ReadRect_16bpp_B16</a> from guidrv_flexcolor_func66702.o(i._ReadRect_16bpp_B16) referenced from guidrv_flexcolor_func66702.o(i.GUIDRV_FlexColor_SetFunc66702)
 <LI><a href="#[50]">_ReadRect_16bpp_B8</a> from guidrv_flexcolor_func66702.o(i._ReadRect_16bpp_B8) referenced from guidrv_flexcolor_func66702.o(i.GUIDRV_FlexColor_SetFunc66702)
 <LI><a href="#[a7]">_SetBkColor</a> from lcd.o(i._SetBkColor) referenced from lcd.o(.constdata)
 <LI><a href="#[a6]">_SetColor</a> from lcd.o(i._SetColor) referenced from lcd.o(.constdata)
 <LI><a href="#[66]">_SetDevFunc</a> from guidrv_flexcolor.o(i._SetDevFunc) referenced from guidrv_flexcolor.o(i._GetDevFunc)
 <LI><a href="#[a8]">_SetDrawMode</a> from lcd.o(i._SetDrawMode) referenced from lcd.o(.constdata)
 <LI><a href="#[51]">_SetInterface</a> from guidrv_flexcolor_func66702.o(i._SetInterface) referenced from guidrv_flexcolor_func66702.o(i.GUIDRV_FlexColor_SetFunc66702)
 <LI><a href="#[89]">_SetOrg</a> from guidrv_flexcolor.o(i._SetOrg) referenced 2 times from guidrv_flexcolor.o(.constdata)
 <LI><a href="#[4c]">_SetOrientation</a> from guidrv_flexcolor_func66702.o(i._SetOrientation) referenced from guidrv_flexcolor_func66702.o(i.GUIDRV_FlexColor_SetFunc66702)
 <LI><a href="#[4a]">_SetPhysRAMAddr</a> from guidrv_flexcolor_func66702.o(i._SetPhysRAMAddr) referenced from guidrv_flexcolor_func66702.o(i.GUIDRV_FlexColor_SetFunc66702)
 <LI><a href="#[87]">_SetPixelIndex</a> from guidrv_flexcolor.o(i._SetPixelIndex) referenced 2 times from guidrv_flexcolor.o(.constdata)
 <LI><a href="#[4b]">_SetRect</a> from guidrv_flexcolor_func66702.o(i._SetRect) referenced from guidrv_flexcolor_func66702.o(i.GUIDRV_FlexColor_SetFunc66702)
 <LI><a href="#[6f]">_SetReg_B16</a> from guidrv_flexcolor_func66702.o(i._SetReg_B16) referenced from guidrv_flexcolor_func66702.o(i._SetInterface)
 <LI><a href="#[71]">_SetReg_B8</a> from guidrv_flexcolor_func66702.o(i._SetReg_B8) referenced from guidrv_flexcolor_func66702.o(i._SetInterface)
 <LI><a href="#[57]">_WriteData</a> from guidrv_flexcolor_16bpp_c0b16.o(i._WriteData) referenced from guidrv_flexcolor_16bpp_c0b16.o(i.GUIDRV_FlexColor_SetMode16bppC0B16)
 <LI><a href="#[70]">_WritePara_B16</a> from guidrv_flexcolor_func66702.o(i._WritePara_B16) referenced from guidrv_flexcolor_func66702.o(i._SetInterface)
 <LI><a href="#[72]">_WritePara_B8</a> from guidrv_flexcolor_func66702.o(i._WritePara_B8) referenced from guidrv_flexcolor_func66702.o(i._SetInterface)
 <LI><a href="#[88]">_XorPixel</a> from guidrv_flexcolor.o(i._XorPixel) referenced 2 times from guidrv_flexcolor.o(.constdata)
 <LI><a href="#[49]">__main</a> from entry.o(.ARM.Collect$$$$00000000) referenced from startup_stm32f107xc.o(.text)
 <LI><a href="#[61]">cbBackWin</a> from wm.o(i.cbBackWin) referenced from wm.o(i.WM_Init)
 <LI><a href="#[47]">main</a> from main.o(i.main) referenced from entry9a.o(.ARM.Collect$$$$0000000B)
</UL>
<P>
<H3>
Global Symbols
</H3>
<P><STRONG><a name="[49]"></a>__main</STRONG> (Thumb, 0 bytes, Stack size unknown bytes, entry.o(.ARM.Collect$$$$00000000))
<BR>[Address Reference Count : 1]<UL><LI> startup_stm32f107xc.o(.text)
</UL>
<P><STRONG><a name="[1be]"></a>_main_stk</STRONG> (Thumb, 0 bytes, Stack size unknown bytes, entry2.o(.ARM.Collect$$$$00000001))

<P><STRONG><a name="[bb]"></a>_main_scatterload</STRONG> (Thumb, 0 bytes, Stack size unknown bytes, entry5.o(.ARM.Collect$$$$00000004))
<BR><BR>[Calls]<UL><LI><a href="#[bc]">&gt;&gt;</a>&nbsp;&nbsp;&nbsp;__scatterload
</UL>

<P><STRONG><a name="[cd]"></a>__main_after_scatterload</STRONG> (Thumb, 0 bytes, Stack size unknown bytes, entry5.o(.ARM.Collect$$$$00000004))
<BR><BR>[Called By]<UL><LI><a href="#[bc]">&gt;&gt;</a>&nbsp;&nbsp;&nbsp;__scatterload
</UL>

<P><STRONG><a name="[1bf]"></a>_main_clock</STRONG> (Thumb, 0 bytes, Stack size unknown bytes, entry7b.o(.ARM.Collect$$$$00000008))

<P><STRONG><a name="[1c0]"></a>_main_cpp_init</STRONG> (Thumb, 0 bytes, Stack size unknown bytes, entry8b.o(.ARM.Collect$$$$0000000A))

<P><STRONG><a name="[1c1]"></a>_main_init</STRONG> (Thumb, 0 bytes, Stack size unknown bytes, entry9a.o(.ARM.Collect$$$$0000000B))

<P><STRONG><a name="[1c2]"></a>__rt_final_cpp</STRONG> (Thumb, 0 bytes, Stack size unknown bytes, entry10a.o(.ARM.Collect$$$$0000000D))

<P><STRONG><a name="[1c3]"></a>__rt_final_exit</STRONG> (Thumb, 0 bytes, Stack size unknown bytes, entry11a.o(.ARM.Collect$$$$0000000F))

<P><STRONG><a name="[0]"></a>Reset_Handler</STRONG> (Thumb, 8 bytes, Stack size 0 bytes, startup_stm32f107xc.o(.text))
<BR>[Address Reference Count : 1]<UL><LI> startup_stm32f107xc.o(RESET)
</UL>
<P><STRONG><a name="[1]"></a>NMI_Handler</STRONG> (Thumb, 2 bytes, Stack size 0 bytes, startup_stm32f107xc.o(.text))
<BR><BR>[Calls]<UL><LI><a href="#[1]">&gt;&gt;</a>&nbsp;&nbsp;&nbsp;NMI_Handler
</UL>
<BR>[Called By]<UL><LI><a href="#[1]">&gt;&gt;</a>&nbsp;&nbsp;&nbsp;NMI_Handler
</UL>
<BR>[Address Reference Count : 1]<UL><LI> startup_stm32f107xc.o(RESET)
</UL>
<P><STRONG><a name="[2]"></a>HardFault_Handler</STRONG> (Thumb, 2 bytes, Stack size 0 bytes, startup_stm32f107xc.o(.text))
<BR><BR>[Calls]<UL><LI><a href="#[2]">&gt;&gt;</a>&nbsp;&nbsp;&nbsp;HardFault_Handler
</UL>
<BR>[Called By]<UL><LI><a href="#[2]">&gt;&gt;</a>&nbsp;&nbsp;&nbsp;HardFault_Handler
</UL>
<BR>[Address Reference Count : 1]<UL><LI> startup_stm32f107xc.o(RESET)
</UL>
<P><STRONG><a name="[3]"></a>MemManage_Handler</STRONG> (Thumb, 2 bytes, Stack size 0 bytes, startup_stm32f107xc.o(.text))
<BR><BR>[Calls]<UL><LI><a href="#[3]">&gt;&gt;</a>&nbsp;&nbsp;&nbsp;MemManage_Handler
</UL>
<BR>[Called By]<UL><LI><a href="#[3]">&gt;&gt;</a>&nbsp;&nbsp;&nbsp;MemManage_Handler
</UL>
<BR>[Address Reference Count : 1]<UL><LI> startup_stm32f107xc.o(RESET)
</UL>
<P><STRONG><a name="[4]"></a>BusFault_Handler</STRONG> (Thumb, 2 bytes, Stack size 0 bytes, startup_stm32f107xc.o(.text))
<BR><BR>[Calls]<UL><LI><a href="#[4]">&gt;&gt;</a>&nbsp;&nbsp;&nbsp;BusFault_Handler
</UL>
<BR>[Called By]<UL><LI><a href="#[4]">&gt;&gt;</a>&nbsp;&nbsp;&nbsp;BusFault_Handler
</UL>
<BR>[Address Reference Count : 1]<UL><LI> startup_stm32f107xc.o(RESET)
</UL>
<P><STRONG><a name="[5]"></a>UsageFault_Handler</STRONG> (Thumb, 2 bytes, Stack size 0 bytes, startup_stm32f107xc.o(.text))
<BR><BR>[Calls]<UL><LI><a href="#[5]">&gt;&gt;</a>&nbsp;&nbsp;&nbsp;UsageFault_Handler
</UL>
<BR>[Called By]<UL><LI><a href="#[5]">&gt;&gt;</a>&nbsp;&nbsp;&nbsp;UsageFault_Handler
</UL>
<BR>[Address Reference Count : 1]<UL><LI> startup_stm32f107xc.o(RESET)
</UL>
<P><STRONG><a name="[6]"></a>SVC_Handler</STRONG> (Thumb, 2 bytes, Stack size 0 bytes, startup_stm32f107xc.o(.text))
<BR><BR>[Calls]<UL><LI><a href="#[6]">&gt;&gt;</a>&nbsp;&nbsp;&nbsp;SVC_Handler
</UL>
<BR>[Called By]<UL><LI><a href="#[6]">&gt;&gt;</a>&nbsp;&nbsp;&nbsp;SVC_Handler
</UL>
<BR>[Address Reference Count : 1]<UL><LI> startup_stm32f107xc.o(RESET)
</UL>
<P><STRONG><a name="[7]"></a>DebugMon_Handler</STRONG> (Thumb, 2 bytes, Stack size 0 bytes, startup_stm32f107xc.o(.text))
<BR><BR>[Calls]<UL><LI><a href="#[7]">&gt;&gt;</a>&nbsp;&nbsp;&nbsp;DebugMon_Handler
</UL>
<BR>[Called By]<UL><LI><a href="#[7]">&gt;&gt;</a>&nbsp;&nbsp;&nbsp;DebugMon_Handler
</UL>
<BR>[Address Reference Count : 1]<UL><LI> startup_stm32f107xc.o(RESET)
</UL>
<P><STRONG><a name="[8]"></a>PendSV_Handler</STRONG> (Thumb, 2 bytes, Stack size 0 bytes, startup_stm32f107xc.o(.text))
<BR><BR>[Calls]<UL><LI><a href="#[8]">&gt;&gt;</a>&nbsp;&nbsp;&nbsp;PendSV_Handler
</UL>
<BR>[Called By]<UL><LI><a href="#[8]">&gt;&gt;</a>&nbsp;&nbsp;&nbsp;PendSV_Handler
</UL>
<BR>[Address Reference Count : 1]<UL><LI> startup_stm32f107xc.o(RESET)
</UL>
<P><STRONG><a name="[1c]"></a>ADC1_2_IRQHandler</STRONG> (Thumb, 0 bytes, Stack size 0 bytes, startup_stm32f107xc.o(.text))
<BR><BR>[Calls]<UL><LI><a href="#[1c]">&gt;&gt;</a>&nbsp;&nbsp;&nbsp;ADC1_2_IRQHandler
</UL>
<BR>[Called By]<UL><LI><a href="#[1c]">&gt;&gt;</a>&nbsp;&nbsp;&nbsp;ADC1_2_IRQHandler
</UL>
<BR>[Address Reference Count : 1]<UL><LI> startup_stm32f107xc.o(RESET)
</UL>
<P><STRONG><a name="[1e]"></a>CAN1_RX0_IRQHandler</STRONG> (Thumb, 0 bytes, Stack size 0 bytes, startup_stm32f107xc.o(.text))
<BR>[Address Reference Count : 1]<UL><LI> startup_stm32f107xc.o(RESET)
</UL>
<P><STRONG><a name="[1f]"></a>CAN1_RX1_IRQHandler</STRONG> (Thumb, 0 bytes, Stack size 0 bytes, startup_stm32f107xc.o(.text))
<BR>[Address Reference Count : 1]<UL><LI> startup_stm32f107xc.o(RESET)
</UL>
<P><STRONG><a name="[20]"></a>CAN1_SCE_IRQHandler</STRONG> (Thumb, 0 bytes, Stack size 0 bytes, startup_stm32f107xc.o(.text))
<BR>[Address Reference Count : 1]<UL><LI> startup_stm32f107xc.o(RESET)
</UL>
<P><STRONG><a name="[1d]"></a>CAN1_TX_IRQHandler</STRONG> (Thumb, 0 bytes, Stack size 0 bytes, startup_stm32f107xc.o(.text))
<BR>[Address Reference Count : 1]<UL><LI> startup_stm32f107xc.o(RESET)
</UL>
<P><STRONG><a name="[43]"></a>CAN2_RX0_IRQHandler</STRONG> (Thumb, 0 bytes, Stack size 0 bytes, startup_stm32f107xc.o(.text))
<BR>[Address Reference Count : 1]<UL><LI> startup_stm32f107xc.o(RESET)
</UL>
<P><STRONG><a name="[44]"></a>CAN2_RX1_IRQHandler</STRONG> (Thumb, 0 bytes, Stack size 0 bytes, startup_stm32f107xc.o(.text))
<BR>[Address Reference Count : 1]<UL><LI> startup_stm32f107xc.o(RESET)
</UL>
<P><STRONG><a name="[45]"></a>CAN2_SCE_IRQHandler</STRONG> (Thumb, 0 bytes, Stack size 0 bytes, startup_stm32f107xc.o(.text))
<BR>[Address Reference Count : 1]<UL><LI> startup_stm32f107xc.o(RESET)
</UL>
<P><STRONG><a name="[42]"></a>CAN2_TX_IRQHandler</STRONG> (Thumb, 0 bytes, Stack size 0 bytes, startup_stm32f107xc.o(.text))
<BR>[Address Reference Count : 1]<UL><LI> startup_stm32f107xc.o(RESET)
</UL>
<P><STRONG><a name="[15]"></a>DMA1_Channel1_IRQHandler</STRONG> (Thumb, 0 bytes, Stack size 0 bytes, startup_stm32f107xc.o(.text))
<BR>[Address Reference Count : 1]<UL><LI> startup_stm32f107xc.o(RESET)
</UL>
<P><STRONG><a name="[16]"></a>DMA1_Channel2_IRQHandler</STRONG> (Thumb, 0 bytes, Stack size 0 bytes, startup_stm32f107xc.o(.text))
<BR>[Address Reference Count : 1]<UL><LI> startup_stm32f107xc.o(RESET)
</UL>
<P><STRONG><a name="[17]"></a>DMA1_Channel3_IRQHandler</STRONG> (Thumb, 0 bytes, Stack size 0 bytes, startup_stm32f107xc.o(.text))
<BR>[Address Reference Count : 1]<UL><LI> startup_stm32f107xc.o(RESET)
</UL>
<P><STRONG><a name="[1a]"></a>DMA1_Channel6_IRQHandler</STRONG> (Thumb, 0 bytes, Stack size 0 bytes, startup_stm32f107xc.o(.text))
<BR>[Address Reference Count : 1]<UL><LI> startup_stm32f107xc.o(RESET)
</UL>
<P><STRONG><a name="[1b]"></a>DMA1_Channel7_IRQHandler</STRONG> (Thumb, 0 bytes, Stack size 0 bytes, startup_stm32f107xc.o(.text))
<BR>[Address Reference Count : 1]<UL><LI> startup_stm32f107xc.o(RESET)
</UL>
<P><STRONG><a name="[3b]"></a>DMA2_Channel1_IRQHandler</STRONG> (Thumb, 0 bytes, Stack size 0 bytes, startup_stm32f107xc.o(.text))
<BR>[Address Reference Count : 1]<UL><LI> startup_stm32f107xc.o(RESET)
</UL>
<P><STRONG><a name="[3c]"></a>DMA2_Channel2_IRQHandler</STRONG> (Thumb, 0 bytes, Stack size 0 bytes, startup_stm32f107xc.o(.text))
<BR>[Address Reference Count : 1]<UL><LI> startup_stm32f107xc.o(RESET)
</UL>
<P><STRONG><a name="[3d]"></a>DMA2_Channel3_IRQHandler</STRONG> (Thumb, 0 bytes, Stack size 0 bytes, startup_stm32f107xc.o(.text))
<BR>[Address Reference Count : 1]<UL><LI> startup_stm32f107xc.o(RESET)
</UL>
<P><STRONG><a name="[3e]"></a>DMA2_Channel4_IRQHandler</STRONG> (Thumb, 0 bytes, Stack size 0 bytes, startup_stm32f107xc.o(.text))
<BR>[Address Reference Count : 1]<UL><LI> startup_stm32f107xc.o(RESET)
</UL>
<P><STRONG><a name="[3f]"></a>DMA2_Channel5_IRQHandler</STRONG> (Thumb, 0 bytes, Stack size 0 bytes, startup_stm32f107xc.o(.text))
<BR>[Address Reference Count : 1]<UL><LI> startup_stm32f107xc.o(RESET)
</UL>
<P><STRONG><a name="[40]"></a>ETH_IRQHandler</STRONG> (Thumb, 0 bytes, Stack size 0 bytes, startup_stm32f107xc.o(.text))
<BR>[Address Reference Count : 1]<UL><LI> startup_stm32f107xc.o(RESET)
</UL>
<P><STRONG><a name="[41]"></a>ETH_WKUP_IRQHandler</STRONG> (Thumb, 0 bytes, Stack size 0 bytes, startup_stm32f107xc.o(.text))
<BR>[Address Reference Count : 1]<UL><LI> startup_stm32f107xc.o(RESET)
</UL>
<P><STRONG><a name="[10]"></a>EXTI0_IRQHandler</STRONG> (Thumb, 0 bytes, Stack size 0 bytes, startup_stm32f107xc.o(.text))
<BR>[Address Reference Count : 1]<UL><LI> startup_stm32f107xc.o(RESET)
</UL>
<P><STRONG><a name="[32]"></a>EXTI15_10_IRQHandler</STRONG> (Thumb, 0 bytes, Stack size 0 bytes, startup_stm32f107xc.o(.text))
<BR>[Address Reference Count : 1]<UL><LI> startup_stm32f107xc.o(RESET)
</UL>
<P><STRONG><a name="[11]"></a>EXTI1_IRQHandler</STRONG> (Thumb, 0 bytes, Stack size 0 bytes, startup_stm32f107xc.o(.text))
<BR>[Address Reference Count : 1]<UL><LI> startup_stm32f107xc.o(RESET)
</UL>
<P><STRONG><a name="[12]"></a>EXTI2_IRQHandler</STRONG> (Thumb, 0 bytes, Stack size 0 bytes, startup_stm32f107xc.o(.text))
<BR>[Address Reference Count : 1]<UL><LI> startup_stm32f107xc.o(RESET)
</UL>
<P><STRONG><a name="[13]"></a>EXTI3_IRQHandler</STRONG> (Thumb, 0 bytes, Stack size 0 bytes, startup_stm32f107xc.o(.text))
<BR>[Address Reference Count : 1]<UL><LI> startup_stm32f107xc.o(RESET)
</UL>
<P><STRONG><a name="[14]"></a>EXTI4_IRQHandler</STRONG> (Thumb, 0 bytes, Stack size 0 bytes, startup_stm32f107xc.o(.text))
<BR>[Address Reference Count : 1]<UL><LI> startup_stm32f107xc.o(RESET)
</UL>
<P><STRONG><a name="[21]"></a>EXTI9_5_IRQHandler</STRONG> (Thumb, 0 bytes, Stack size 0 bytes, startup_stm32f107xc.o(.text))
<BR>[Address Reference Count : 1]<UL><LI> startup_stm32f107xc.o(RESET)
</UL>
<P><STRONG><a name="[e]"></a>FLASH_IRQHandler</STRONG> (Thumb, 0 bytes, Stack size 0 bytes, startup_stm32f107xc.o(.text))
<BR>[Address Reference Count : 1]<UL><LI> startup_stm32f107xc.o(RESET)
</UL>
<P><STRONG><a name="[2a]"></a>I2C1_ER_IRQHandler</STRONG> (Thumb, 0 bytes, Stack size 0 bytes, startup_stm32f107xc.o(.text))
<BR>[Address Reference Count : 1]<UL><LI> startup_stm32f107xc.o(RESET)
</UL>
<P><STRONG><a name="[29]"></a>I2C1_EV_IRQHandler</STRONG> (Thumb, 0 bytes, Stack size 0 bytes, startup_stm32f107xc.o(.text))
<BR>[Address Reference Count : 1]<UL><LI> startup_stm32f107xc.o(RESET)
</UL>
<P><STRONG><a name="[2c]"></a>I2C2_ER_IRQHandler</STRONG> (Thumb, 0 bytes, Stack size 0 bytes, startup_stm32f107xc.o(.text))
<BR>[Address Reference Count : 1]<UL><LI> startup_stm32f107xc.o(RESET)
</UL>
<P><STRONG><a name="[2b]"></a>I2C2_EV_IRQHandler</STRONG> (Thumb, 0 bytes, Stack size 0 bytes, startup_stm32f107xc.o(.text))
<BR>[Address Reference Count : 1]<UL><LI> startup_stm32f107xc.o(RESET)
</UL>
<P><STRONG><a name="[46]"></a>OTG_FS_IRQHandler</STRONG> (Thumb, 0 bytes, Stack size 0 bytes, startup_stm32f107xc.o(.text))
<BR>[Address Reference Count : 1]<UL><LI> startup_stm32f107xc.o(RESET)
</UL>
<P><STRONG><a name="[34]"></a>OTG_FS_WKUP_IRQHandler</STRONG> (Thumb, 0 bytes, Stack size 0 bytes, startup_stm32f107xc.o(.text))
<BR>[Address Reference Count : 1]<UL><LI> startup_stm32f107xc.o(RESET)
</UL>
<P><STRONG><a name="[b]"></a>PVD_IRQHandler</STRONG> (Thumb, 0 bytes, Stack size 0 bytes, startup_stm32f107xc.o(.text))
<BR>[Address Reference Count : 1]<UL><LI> startup_stm32f107xc.o(RESET)
</UL>
<P><STRONG><a name="[f]"></a>RCC_IRQHandler</STRONG> (Thumb, 0 bytes, Stack size 0 bytes, startup_stm32f107xc.o(.text))
<BR>[Address Reference Count : 1]<UL><LI> startup_stm32f107xc.o(RESET)
</UL>
<P><STRONG><a name="[33]"></a>RTC_Alarm_IRQHandler</STRONG> (Thumb, 0 bytes, Stack size 0 bytes, startup_stm32f107xc.o(.text))
<BR>[Address Reference Count : 1]<UL><LI> startup_stm32f107xc.o(RESET)
</UL>
<P><STRONG><a name="[d]"></a>RTC_IRQHandler</STRONG> (Thumb, 0 bytes, Stack size 0 bytes, startup_stm32f107xc.o(.text))
<BR>[Address Reference Count : 1]<UL><LI> startup_stm32f107xc.o(RESET)
</UL>
<P><STRONG><a name="[2d]"></a>SPI1_IRQHandler</STRONG> (Thumb, 0 bytes, Stack size 0 bytes, startup_stm32f107xc.o(.text))
<BR>[Address Reference Count : 1]<UL><LI> startup_stm32f107xc.o(RESET)
</UL>
<P><STRONG><a name="[2e]"></a>SPI2_IRQHandler</STRONG> (Thumb, 0 bytes, Stack size 0 bytes, startup_stm32f107xc.o(.text))
<BR>[Address Reference Count : 1]<UL><LI> startup_stm32f107xc.o(RESET)
</UL>
<P><STRONG><a name="[36]"></a>SPI3_IRQHandler</STRONG> (Thumb, 0 bytes, Stack size 0 bytes, startup_stm32f107xc.o(.text))
<BR>[Address Reference Count : 1]<UL><LI> startup_stm32f107xc.o(RESET)
</UL>
<P><STRONG><a name="[c]"></a>TAMPER_IRQHandler</STRONG> (Thumb, 0 bytes, Stack size 0 bytes, startup_stm32f107xc.o(.text))
<BR>[Address Reference Count : 1]<UL><LI> startup_stm32f107xc.o(RESET)
</UL>
<P><STRONG><a name="[22]"></a>TIM1_BRK_IRQHandler</STRONG> (Thumb, 0 bytes, Stack size 0 bytes, startup_stm32f107xc.o(.text))
<BR>[Address Reference Count : 1]<UL><LI> startup_stm32f107xc.o(RESET)
</UL>
<P><STRONG><a name="[25]"></a>TIM1_CC_IRQHandler</STRONG> (Thumb, 0 bytes, Stack size 0 bytes, startup_stm32f107xc.o(.text))
<BR>[Address Reference Count : 1]<UL><LI> startup_stm32f107xc.o(RESET)
</UL>
<P><STRONG><a name="[24]"></a>TIM1_TRG_COM_IRQHandler</STRONG> (Thumb, 0 bytes, Stack size 0 bytes, startup_stm32f107xc.o(.text))
<BR>[Address Reference Count : 1]<UL><LI> startup_stm32f107xc.o(RESET)
</UL>
<P><STRONG><a name="[23]"></a>TIM1_UP_IRQHandler</STRONG> (Thumb, 0 bytes, Stack size 0 bytes, startup_stm32f107xc.o(.text))
<BR>[Address Reference Count : 1]<UL><LI> startup_stm32f107xc.o(RESET)
</UL>
<P><STRONG><a name="[26]"></a>TIM2_IRQHandler</STRONG> (Thumb, 0 bytes, Stack size 0 bytes, startup_stm32f107xc.o(.text))
<BR>[Address Reference Count : 1]<UL><LI> startup_stm32f107xc.o(RESET)
</UL>
<P><STRONG><a name="[27]"></a>TIM3_IRQHandler</STRONG> (Thumb, 0 bytes, Stack size 0 bytes, startup_stm32f107xc.o(.text))
<BR>[Address Reference Count : 1]<UL><LI> startup_stm32f107xc.o(RESET)
</UL>
<P><STRONG><a name="[28]"></a>TIM4_IRQHandler</STRONG> (Thumb, 0 bytes, Stack size 0 bytes, startup_stm32f107xc.o(.text))
<BR>[Address Reference Count : 1]<UL><LI> startup_stm32f107xc.o(RESET)
</UL>
<P><STRONG><a name="[35]"></a>TIM5_IRQHandler</STRONG> (Thumb, 0 bytes, Stack size 0 bytes, startup_stm32f107xc.o(.text))
<BR>[Address Reference Count : 1]<UL><LI> startup_stm32f107xc.o(RESET)
</UL>
<P><STRONG><a name="[39]"></a>TIM6_IRQHandler</STRONG> (Thumb, 0 bytes, Stack size 0 bytes, startup_stm32f107xc.o(.text))
<BR>[Address Reference Count : 1]<UL><LI> startup_stm32f107xc.o(RESET)
</UL>
<P><STRONG><a name="[3a]"></a>TIM7_IRQHandler</STRONG> (Thumb, 0 bytes, Stack size 0 bytes, startup_stm32f107xc.o(.text))
<BR>[Address Reference Count : 1]<UL><LI> startup_stm32f107xc.o(RESET)
</UL>
<P><STRONG><a name="[37]"></a>UART4_IRQHandler</STRONG> (Thumb, 0 bytes, Stack size 0 bytes, startup_stm32f107xc.o(.text))
<BR>[Address Reference Count : 1]<UL><LI> startup_stm32f107xc.o(RESET)
</UL>
<P><STRONG><a name="[38]"></a>UART5_IRQHandler</STRONG> (Thumb, 0 bytes, Stack size 0 bytes, startup_stm32f107xc.o(.text))
<BR>[Address Reference Count : 1]<UL><LI> startup_stm32f107xc.o(RESET)
</UL>
<P><STRONG><a name="[30]"></a>USART2_IRQHandler</STRONG> (Thumb, 0 bytes, Stack size 0 bytes, startup_stm32f107xc.o(.text))
<BR>[Address Reference Count : 1]<UL><LI> startup_stm32f107xc.o(RESET)
</UL>
<P><STRONG><a name="[31]"></a>USART3_IRQHandler</STRONG> (Thumb, 0 bytes, Stack size 0 bytes, startup_stm32f107xc.o(.text))
<BR>[Address Reference Count : 1]<UL><LI> startup_stm32f107xc.o(RESET)
</UL>
<P><STRONG><a name="[a]"></a>WWDG_IRQHandler</STRONG> (Thumb, 0 bytes, Stack size 0 bytes, startup_stm32f107xc.o(.text))
<BR>[Address Reference Count : 1]<UL><LI> startup_stm32f107xc.o(RESET)
</UL>
<P><STRONG><a name="[cb]"></a>__aeabi_llsr</STRONG> (Thumb, 32 bytes, Stack size 0 bytes, llushr.o(.text))
<BR><BR>[Called By]<UL><LI><a href="#[ca]">&gt;&gt;</a>&nbsp;&nbsp;&nbsp;__aeabi_d2uiz
<LI><a href="#[ce]">&gt;&gt;</a>&nbsp;&nbsp;&nbsp;_dsqrt
<LI><a href="#[c3]">&gt;&gt;</a>&nbsp;&nbsp;&nbsp;_double_epilogue
</UL>

<P><STRONG><a name="[1c4]"></a>_ll_ushift_r</STRONG> (Thumb, 0 bytes, Stack size 0 bytes, llushr.o(.text), UNUSED)

<P><STRONG><a name="[1c5]"></a>___aeabi_memcpy8$move</STRONG> (Thumb, 0 bytes, Stack size 8 bytes, memmovea.o(.text), UNUSED)

<P><STRONG><a name="[19c]"></a>__aeabi_memcpy</STRONG> (Thumb, 64 bytes, Stack size 8 bytes, memmovea.o(.text))
<BR><BR>[Stack]<UL><LI>Max Depth = 8<LI>Call Chain = __aeabi_memcpy
</UL>
<BR>[Called By]<UL><LI><a href="#[a9]">&gt;&gt;</a>&nbsp;&nbsp;&nbsp;_DrawBitmap
</UL>

<P><STRONG><a name="[d7]"></a>__aeabi_memcpy4</STRONG> (Thumb, 0 bytes, Stack size 8 bytes, memmovea.o(.text))
<BR><BR>[Stack]<UL><LI>Max Depth = 8<LI>Call Chain = __aeabi_memcpy4
</UL>
<BR>[Called By]<UL><LI><a href="#[1a0]">&gt;&gt;</a>&nbsp;&nbsp;&nbsp;_EnlargeBlocks
<LI><a href="#[d6]">&gt;&gt;</a>&nbsp;&nbsp;&nbsp;GUIDRV_FlexColor_SetFunc
<LI><a href="#[58]">&gt;&gt;</a>&nbsp;&nbsp;&nbsp;GUIDRV_FlexColor__SetLog2Phys
</UL>

<P><STRONG><a name="[1a9]"></a>__aeabi_memmove</STRONG> (Thumb, 0 bytes, Stack size 8 bytes, memmovea.o(.text))
<BR><BR>[Stack]<UL><LI>Max Depth = 8<LI>Call Chain = __aeabi_memmove
</UL>
<BR>[Called By]<UL><LI><a href="#[ea]">&gt;&gt;</a>&nbsp;&nbsp;&nbsp;_RemoveHoles
</UL>

<P><STRONG><a name="[1c6]"></a>__aeabi_memmove4</STRONG> (Thumb, 0 bytes, Stack size 8 bytes, memmovea.o(.text), UNUSED)

<P><STRONG><a name="[1c7]"></a>__aeabi_memmove8</STRONG> (Thumb, 0 bytes, Stack size 8 bytes, memmovea.o(.text), UNUSED)

<P><STRONG><a name="[be]"></a>__aeabi_memset</STRONG> (Thumb, 14 bytes, Stack size 0 bytes, memseta.o(.text), UNUSED)
<BR><BR>[Called By]<UL><LI><a href="#[bf]">&gt;&gt;</a>&nbsp;&nbsp;&nbsp;_memset$wrapper
<LI><a href="#[bd]">&gt;&gt;</a>&nbsp;&nbsp;&nbsp;__aeabi_memclr
</UL>

<P><STRONG><a name="[1c8]"></a>__aeabi_memset4</STRONG> (Thumb, 0 bytes, Stack size 0 bytes, memseta.o(.text), UNUSED)

<P><STRONG><a name="[1c9]"></a>__aeabi_memset8</STRONG> (Thumb, 0 bytes, Stack size 0 bytes, memseta.o(.text), UNUSED)

<P><STRONG><a name="[bd]"></a>__aeabi_memclr</STRONG> (Thumb, 4 bytes, Stack size 0 bytes, memseta.o(.text), UNUSED)
<BR><BR>[Calls]<UL><LI><a href="#[be]">&gt;&gt;</a>&nbsp;&nbsp;&nbsp;__aeabi_memset
</UL>

<P><STRONG><a name="[15d]"></a>__aeabi_memclr4</STRONG> (Thumb, 0 bytes, Stack size 0 bytes, memseta.o(.text))
<BR><BR>[Called By]<UL><LI><a href="#[121]">&gt;&gt;</a>&nbsp;&nbsp;&nbsp;LCD_X_Config
</UL>

<P><STRONG><a name="[1ca]"></a>__aeabi_memclr8</STRONG> (Thumb, 0 bytes, Stack size 0 bytes, memseta.o(.text), UNUSED)

<P><STRONG><a name="[bf]"></a>_memset$wrapper</STRONG> (Thumb, 18 bytes, Stack size 8 bytes, memseta.o(.text), UNUSED)
<BR><BR>[Calls]<UL><LI><a href="#[be]">&gt;&gt;</a>&nbsp;&nbsp;&nbsp;__aeabi_memset
</UL>

<P><STRONG><a name="[c0]"></a>__aeabi_dadd</STRONG> (Thumb, 322 bytes, Stack size 48 bytes, dadd.o(.text))
<BR><BR>[Stack]<UL><LI>Max Depth = 88<LI>Call Chain = __aeabi_dadd &rArr; _double_epilogue &rArr; _double_round
</UL>
<BR>[Calls]<UL><LI><a href="#[c2]">&gt;&gt;</a>&nbsp;&nbsp;&nbsp;__aeabi_lasr
<LI><a href="#[c1]">&gt;&gt;</a>&nbsp;&nbsp;&nbsp;__aeabi_llsl
<LI><a href="#[c4]">&gt;&gt;</a>&nbsp;&nbsp;&nbsp;_double_round
<LI><a href="#[c3]">&gt;&gt;</a>&nbsp;&nbsp;&nbsp;_double_epilogue
</UL>
<BR>[Called By]<UL><LI><a href="#[d0]">&gt;&gt;</a>&nbsp;&nbsp;&nbsp;GPIO_Read
<LI><a href="#[1ad]">&gt;&gt;</a>&nbsp;&nbsp;&nbsp;__kernel_poly
<LI><a href="#[1af]">&gt;&gt;</a>&nbsp;&nbsp;&nbsp;__mathlib_dbl_infnan2
<LI><a href="#[c5]">&gt;&gt;</a>&nbsp;&nbsp;&nbsp;__aeabi_dsub
<LI><a href="#[c6]">&gt;&gt;</a>&nbsp;&nbsp;&nbsp;__aeabi_drsub
<LI><a href="#[d1]">&gt;&gt;</a>&nbsp;&nbsp;&nbsp;pow
</UL>

<P><STRONG><a name="[c5]"></a>__aeabi_dsub</STRONG> (Thumb, 6 bytes, Stack size 0 bytes, dadd.o(.text))
<BR><BR>[Stack]<UL><LI>Max Depth = 88<LI>Call Chain = __aeabi_dsub &rArr; __aeabi_dadd &rArr; _double_epilogue &rArr; _double_round
</UL>
<BR>[Calls]<UL><LI><a href="#[c0]">&gt;&gt;</a>&nbsp;&nbsp;&nbsp;__aeabi_dadd
</UL>
<BR>[Called By]<UL><LI><a href="#[d1]">&gt;&gt;</a>&nbsp;&nbsp;&nbsp;pow
</UL>

<P><STRONG><a name="[c6]"></a>__aeabi_drsub</STRONG> (Thumb, 6 bytes, Stack size 0 bytes, dadd.o(.text))
<BR><BR>[Stack]<UL><LI>Max Depth = 88<LI>Call Chain = __aeabi_drsub &rArr; __aeabi_dadd &rArr; _double_epilogue &rArr; _double_round
</UL>
<BR>[Calls]<UL><LI><a href="#[c0]">&gt;&gt;</a>&nbsp;&nbsp;&nbsp;__aeabi_dadd
</UL>
<BR>[Called By]<UL><LI><a href="#[d1]">&gt;&gt;</a>&nbsp;&nbsp;&nbsp;pow
</UL>

<P><STRONG><a name="[c7]"></a>__aeabi_dmul</STRONG> (Thumb, 228 bytes, Stack size 48 bytes, dmul.o(.text))
<BR><BR>[Stack]<UL><LI>Max Depth = 88<LI>Call Chain = __aeabi_dmul &rArr; _double_epilogue &rArr; _double_round
</UL>
<BR>[Calls]<UL><LI><a href="#[c3]">&gt;&gt;</a>&nbsp;&nbsp;&nbsp;_double_epilogue
</UL>
<BR>[Called By]<UL><LI><a href="#[d0]">&gt;&gt;</a>&nbsp;&nbsp;&nbsp;GPIO_Read
<LI><a href="#[1ad]">&gt;&gt;</a>&nbsp;&nbsp;&nbsp;__kernel_poly
<LI><a href="#[d1]">&gt;&gt;</a>&nbsp;&nbsp;&nbsp;pow
</UL>

<P><STRONG><a name="[c8]"></a>__aeabi_i2d</STRONG> (Thumb, 34 bytes, Stack size 16 bytes, dflti.o(.text))
<BR><BR>[Stack]<UL><LI>Max Depth = 56<LI>Call Chain = __aeabi_i2d &rArr; _double_epilogue &rArr; _double_round
</UL>
<BR>[Calls]<UL><LI><a href="#[c3]">&gt;&gt;</a>&nbsp;&nbsp;&nbsp;_double_epilogue
</UL>
<BR>[Called By]<UL><LI><a href="#[d0]">&gt;&gt;</a>&nbsp;&nbsp;&nbsp;GPIO_Read
<LI><a href="#[d1]">&gt;&gt;</a>&nbsp;&nbsp;&nbsp;pow
</UL>

<P><STRONG><a name="[c9]"></a>__aeabi_ui2d</STRONG> (Thumb, 26 bytes, Stack size 16 bytes, dfltui.o(.text))
<BR><BR>[Stack]<UL><LI>Max Depth = 56<LI>Call Chain = __aeabi_ui2d &rArr; _double_epilogue &rArr; _double_round
</UL>
<BR>[Calls]<UL><LI><a href="#[c3]">&gt;&gt;</a>&nbsp;&nbsp;&nbsp;_double_epilogue
</UL>
<BR>[Called By]<UL><LI><a href="#[d0]">&gt;&gt;</a>&nbsp;&nbsp;&nbsp;GPIO_Read
</UL>

<P><STRONG><a name="[ca]"></a>__aeabi_d2uiz</STRONG> (Thumb, 50 bytes, Stack size 8 bytes, dfixui.o(.text))
<BR><BR>[Stack]<UL><LI>Max Depth = 8<LI>Call Chain = __aeabi_d2uiz
</UL>
<BR>[Calls]<UL><LI><a href="#[cb]">&gt;&gt;</a>&nbsp;&nbsp;&nbsp;__aeabi_llsr
</UL>
<BR>[Called By]<UL><LI><a href="#[d0]">&gt;&gt;</a>&nbsp;&nbsp;&nbsp;GPIO_Read
</UL>

<P><STRONG><a name="[c1]"></a>__aeabi_llsl</STRONG> (Thumb, 30 bytes, Stack size 0 bytes, llshl.o(.text))
<BR><BR>[Called By]<UL><LI><a href="#[c0]">&gt;&gt;</a>&nbsp;&nbsp;&nbsp;__aeabi_dadd
<LI><a href="#[c3]">&gt;&gt;</a>&nbsp;&nbsp;&nbsp;_double_epilogue
</UL>

<P><STRONG><a name="[1cb]"></a>_ll_shift_l</STRONG> (Thumb, 0 bytes, Stack size 0 bytes, llshl.o(.text), UNUSED)

<P><STRONG><a name="[c2]"></a>__aeabi_lasr</STRONG> (Thumb, 36 bytes, Stack size 0 bytes, llsshr.o(.text))
<BR><BR>[Called By]<UL><LI><a href="#[c0]">&gt;&gt;</a>&nbsp;&nbsp;&nbsp;__aeabi_dadd
</UL>

<P><STRONG><a name="[1cc]"></a>_ll_sshift_r</STRONG> (Thumb, 0 bytes, Stack size 0 bytes, llsshr.o(.text), UNUSED)

<P><STRONG><a name="[1cd]"></a>__I$use$fp</STRONG> (Thumb, 0 bytes, Stack size 8 bytes, iusefp.o(.text), UNUSED)

<P><STRONG><a name="[c4]"></a>_double_round</STRONG> (Thumb, 30 bytes, Stack size 8 bytes, depilogue.o(.text))
<BR><BR>[Stack]<UL><LI>Max Depth = 8<LI>Call Chain = _double_round
</UL>
<BR>[Called By]<UL><LI><a href="#[c0]">&gt;&gt;</a>&nbsp;&nbsp;&nbsp;__aeabi_dadd
<LI><a href="#[ce]">&gt;&gt;</a>&nbsp;&nbsp;&nbsp;_dsqrt
<LI><a href="#[c3]">&gt;&gt;</a>&nbsp;&nbsp;&nbsp;_double_epilogue
<LI><a href="#[cc]">&gt;&gt;</a>&nbsp;&nbsp;&nbsp;__aeabi_ddiv
</UL>

<P><STRONG><a name="[c3]"></a>_double_epilogue</STRONG> (Thumb, 156 bytes, Stack size 32 bytes, depilogue.o(.text))
<BR><BR>[Stack]<UL><LI>Max Depth = 40<LI>Call Chain = _double_epilogue &rArr; _double_round
</UL>
<BR>[Calls]<UL><LI><a href="#[c1]">&gt;&gt;</a>&nbsp;&nbsp;&nbsp;__aeabi_llsl
<LI><a href="#[c4]">&gt;&gt;</a>&nbsp;&nbsp;&nbsp;_double_round
<LI><a href="#[cb]">&gt;&gt;</a>&nbsp;&nbsp;&nbsp;__aeabi_llsr
</UL>
<BR>[Called By]<UL><LI><a href="#[c9]">&gt;&gt;</a>&nbsp;&nbsp;&nbsp;__aeabi_ui2d
<LI><a href="#[c8]">&gt;&gt;</a>&nbsp;&nbsp;&nbsp;__aeabi_i2d
<LI><a href="#[c7]">&gt;&gt;</a>&nbsp;&nbsp;&nbsp;__aeabi_dmul
<LI><a href="#[c0]">&gt;&gt;</a>&nbsp;&nbsp;&nbsp;__aeabi_dadd
</UL>

<P><STRONG><a name="[cc]"></a>__aeabi_ddiv</STRONG> (Thumb, 222 bytes, Stack size 32 bytes, ddiv.o(.text))
<BR><BR>[Stack]<UL><LI>Max Depth = 40<LI>Call Chain = __aeabi_ddiv &rArr; _double_round
</UL>
<BR>[Calls]<UL><LI><a href="#[c4]">&gt;&gt;</a>&nbsp;&nbsp;&nbsp;_double_round
</UL>
<BR>[Called By]<UL><LI><a href="#[1b0]">&gt;&gt;</a>&nbsp;&nbsp;&nbsp;__mathlib_dbl_invalid
<LI><a href="#[1ae]">&gt;&gt;</a>&nbsp;&nbsp;&nbsp;__mathlib_dbl_divzero
<LI><a href="#[d1]">&gt;&gt;</a>&nbsp;&nbsp;&nbsp;pow
</UL>

<P><STRONG><a name="[1b2]"></a>__ARM_scalbn</STRONG> (Thumb, 46 bytes, Stack size 16 bytes, dscalb.o(.text))
<BR><BR>[Stack]<UL><LI>Max Depth = 16<LI>Call Chain = __ARM_scalbn
</UL>
<BR>[Called By]<UL><LI><a href="#[1b3]">&gt;&gt;</a>&nbsp;&nbsp;&nbsp;__mathlib_dbl_underflow
<LI><a href="#[1b1]">&gt;&gt;</a>&nbsp;&nbsp;&nbsp;__mathlib_dbl_overflow
<LI><a href="#[d1]">&gt;&gt;</a>&nbsp;&nbsp;&nbsp;pow
</UL>

<P><STRONG><a name="[1ce]"></a>scalbn</STRONG> (Thumb, 0 bytes, Stack size 16 bytes, dscalb.o(.text), UNUSED)

<P><STRONG><a name="[1bc]"></a>__aeabi_cdrcmple</STRONG> (Thumb, 48 bytes, Stack size 0 bytes, cdrcmple.o(.text))
<BR><BR>[Called By]<UL><LI><a href="#[d1]">&gt;&gt;</a>&nbsp;&nbsp;&nbsp;pow
</UL>

<P><STRONG><a name="[bc]"></a>__scatterload</STRONG> (Thumb, 28 bytes, Stack size 0 bytes, init.o(.text))
<BR><BR>[Calls]<UL><LI><a href="#[cd]">&gt;&gt;</a>&nbsp;&nbsp;&nbsp;__main_after_scatterload
</UL>
<BR>[Called By]<UL><LI><a href="#[bb]">&gt;&gt;</a>&nbsp;&nbsp;&nbsp;_main_scatterload
</UL>

<P><STRONG><a name="[1cf]"></a>__scatterload_rt2</STRONG> (Thumb, 0 bytes, Stack size 0 bytes, init.o(.text), UNUSED)

<P><STRONG><a name="[ce]"></a>_dsqrt</STRONG> (Thumb, 162 bytes, Stack size 32 bytes, dsqrt.o(.text))
<BR><BR>[Stack]<UL><LI>Max Depth = 40<LI>Call Chain = _dsqrt &rArr; _double_round
</UL>
<BR>[Calls]<UL><LI><a href="#[c4]">&gt;&gt;</a>&nbsp;&nbsp;&nbsp;_double_round
<LI><a href="#[cb]">&gt;&gt;</a>&nbsp;&nbsp;&nbsp;__aeabi_llsr
</UL>
<BR>[Called By]<UL><LI><a href="#[1bb]">&gt;&gt;</a>&nbsp;&nbsp;&nbsp;sqrt
</UL>

<P><STRONG><a name="[18]"></a>DMA1_Channel4_IRQHandler</STRONG> (Thumb, 10 bytes, Stack size 8 bytes, stm32f1xx_it.o(i.DMA1_Channel4_IRQHandler))
<BR><BR>[Stack]<UL><LI>Max Depth = 16<LI>Call Chain = DMA1_Channel4_IRQHandler &rArr; HAL_DMA_IRQHandler
</UL>
<BR>[Calls]<UL><LI><a href="#[cf]">&gt;&gt;</a>&nbsp;&nbsp;&nbsp;HAL_DMA_IRQHandler
</UL>
<BR>[Address Reference Count : 1]<UL><LI> startup_stm32f107xc.o(RESET)
</UL>
<P><STRONG><a name="[19]"></a>DMA1_Channel5_IRQHandler</STRONG> (Thumb, 10 bytes, Stack size 8 bytes, stm32f1xx_it.o(i.DMA1_Channel5_IRQHandler))
<BR><BR>[Stack]<UL><LI>Max Depth = 16<LI>Call Chain = DMA1_Channel5_IRQHandler &rArr; HAL_DMA_IRQHandler
</UL>
<BR>[Calls]<UL><LI><a href="#[cf]">&gt;&gt;</a>&nbsp;&nbsp;&nbsp;HAL_DMA_IRQHandler
</UL>
<BR>[Address Reference Count : 1]<UL><LI> startup_stm32f107xc.o(RESET)
</UL>
<P><STRONG><a name="[d4]"></a>GUIDRV_FlexColor_Config</STRONG> (Thumb, 64 bytes, Stack size 16 bytes, guidrv_flexcolor.o(i.GUIDRV_FlexColor_Config))
<BR><BR>[Stack]<UL><LI>Max Depth = 208<LI>Call Chain = GUIDRV_FlexColor_Config &rArr; GUIDRV_FlexColor__InitOnce &rArr; GUI_ALLOC_GetFixedBlock &rArr; _InitOnce &rArr; _EnlargeBlocks &rArr; _Alloc &rArr;  _InitOnce (Cycle)
</UL>
<BR>[Calls]<UL><LI><a href="#[d5]">&gt;&gt;</a>&nbsp;&nbsp;&nbsp;GUIDRV_FlexColor__InitOnce
</UL>
<BR>[Called By]<UL><LI><a href="#[121]">&gt;&gt;</a>&nbsp;&nbsp;&nbsp;LCD_X_Config
</UL>

<P><STRONG><a name="[d6]"></a>GUIDRV_FlexColor_SetFunc</STRONG> (Thumb, 50 bytes, Stack size 24 bytes, guidrv_flexcolor.o(i.GUIDRV_FlexColor_SetFunc))
<BR><BR>[Stack]<UL><LI>Max Depth = 216<LI>Call Chain = GUIDRV_FlexColor_SetFunc &rArr; GUIDRV_FlexColor__InitOnce &rArr; GUI_ALLOC_GetFixedBlock &rArr; _InitOnce &rArr; _EnlargeBlocks &rArr; _Alloc &rArr;  _InitOnce (Cycle)
</UL>
<BR>[Calls]<UL><LI><a href="#[d5]">&gt;&gt;</a>&nbsp;&nbsp;&nbsp;GUIDRV_FlexColor__InitOnce
<LI><a href="#[d7]">&gt;&gt;</a>&nbsp;&nbsp;&nbsp;__aeabi_memcpy4
</UL>
<BR>[Called By]<UL><LI><a href="#[121]">&gt;&gt;</a>&nbsp;&nbsp;&nbsp;LCD_X_Config
</UL>

<P><STRONG><a name="[60]"></a>GUIDRV_FlexColor_SetFunc66702</STRONG> (Thumb, 58 bytes, Stack size 8 bytes, guidrv_flexcolor_func66702.o(i.GUIDRV_FlexColor_SetFunc66702))
<BR><BR>[Stack]<UL><LI>Max Depth = 200<LI>Call Chain = GUIDRV_FlexColor_SetFunc66702 &rArr; GUIDRV_FlexColor__InitOnce &rArr; GUI_ALLOC_GetFixedBlock &rArr; _InitOnce &rArr; _EnlargeBlocks &rArr; _Alloc &rArr;  _InitOnce (Cycle)
</UL>
<BR>[Calls]<UL><LI><a href="#[d5]">&gt;&gt;</a>&nbsp;&nbsp;&nbsp;GUIDRV_FlexColor__InitOnce
</UL>
<BR>[Address Reference Count : 1]<UL><LI> lcdconf_flexcolor_template.o(i.LCD_X_Config)
</UL>
<P><STRONG><a name="[5f]"></a>GUIDRV_FlexColor_SetMode16bppC0B16</STRONG> (Thumb, 60 bytes, Stack size 8 bytes, guidrv_flexcolor_16bpp_c0b16.o(i.GUIDRV_FlexColor_SetMode16bppC0B16))
<BR><BR>[Stack]<UL><LI>Max Depth = 200<LI>Call Chain = GUIDRV_FlexColor_SetMode16bppC0B16 &rArr; GUIDRV_FlexColor__InitOnce &rArr; GUI_ALLOC_GetFixedBlock &rArr; _InitOnce &rArr; _EnlargeBlocks &rArr; _Alloc &rArr;  _InitOnce (Cycle)
</UL>
<BR>[Calls]<UL><LI><a href="#[d5]">&gt;&gt;</a>&nbsp;&nbsp;&nbsp;GUIDRV_FlexColor__InitOnce
</UL>
<BR>[Address Reference Count : 1]<UL><LI> lcdconf_flexcolor_template.o(i.LCD_X_Config)
</UL>
<P><STRONG><a name="[54]"></a>GUIDRV_FlexColor__GetPixelIndexNoCache</STRONG> (Thumb, 192 bytes, Stack size 24 bytes, guidrv_flexcolor.o(i.GUIDRV_FlexColor__GetPixelIndexNoCache))
<BR><BR>[Stack]<UL><LI>Max Depth = 24<LI>Call Chain = GUIDRV_FlexColor__GetPixelIndexNoCache
</UL>
<BR>[Address Reference Count : 1]<UL><LI> guidrv_flexcolor_16bpp_c0b16.o(i.GUIDRV_FlexColor_SetMode16bppC0B16)
</UL>
<P><STRONG><a name="[d5]"></a>GUIDRV_FlexColor__InitOnce</STRONG> (Thumb, 50 bytes, Stack size 16 bytes, guidrv_flexcolor.o(i.GUIDRV_FlexColor__InitOnce))
<BR><BR>[Stack]<UL><LI>Max Depth = 192<LI>Call Chain = GUIDRV_FlexColor__InitOnce &rArr; GUI_ALLOC_GetFixedBlock &rArr; _InitOnce &rArr; _EnlargeBlocks &rArr; _Alloc &rArr;  _InitOnce (Cycle)
</UL>
<BR>[Calls]<UL><LI><a href="#[d9]">&gt;&gt;</a>&nbsp;&nbsp;&nbsp;GUI__memset
<LI><a href="#[d8]">&gt;&gt;</a>&nbsp;&nbsp;&nbsp;GUI_ALLOC_GetFixedBlock
</UL>
<BR>[Called By]<UL><LI><a href="#[5f]">&gt;&gt;</a>&nbsp;&nbsp;&nbsp;GUIDRV_FlexColor_SetMode16bppC0B16
<LI><a href="#[60]">&gt;&gt;</a>&nbsp;&nbsp;&nbsp;GUIDRV_FlexColor_SetFunc66702
<LI><a href="#[d6]">&gt;&gt;</a>&nbsp;&nbsp;&nbsp;GUIDRV_FlexColor_SetFunc
<LI><a href="#[d4]">&gt;&gt;</a>&nbsp;&nbsp;&nbsp;GUIDRV_FlexColor_Config
<LI><a href="#[66]">&gt;&gt;</a>&nbsp;&nbsp;&nbsp;_SetDevFunc
<LI><a href="#[63]">&gt;&gt;</a>&nbsp;&nbsp;&nbsp;_GetDevFunc_SetVSize
<LI><a href="#[64]">&gt;&gt;</a>&nbsp;&nbsp;&nbsp;_GetDevFunc_SetSize
<LI><a href="#[65]">&gt;&gt;</a>&nbsp;&nbsp;&nbsp;_GetDevFunc_Init
</UL>

<P><STRONG><a name="[58]"></a>GUIDRV_FlexColor__SetLog2Phys</STRONG> (Thumb, 52 bytes, Stack size 72 bytes, guidrv_flexcolor.o(i.GUIDRV_FlexColor__SetLog2Phys))
<BR><BR>[Stack]<UL><LI>Max Depth = 80<LI>Call Chain = GUIDRV_FlexColor__SetLog2Phys &rArr; __aeabi_memcpy4
</UL>
<BR>[Calls]<UL><LI><a href="#[d7]">&gt;&gt;</a>&nbsp;&nbsp;&nbsp;__aeabi_memcpy4
</UL>
<BR>[Address Reference Count : 1]<UL><LI> guidrv_flexcolor.o(i.GUIDRV_FlexColor__InitOnce)
</UL>
<P><STRONG><a name="[55]"></a>GUIDRV_FlexColor__SetPixelIndexNoCache</STRONG> (Thumb, 156 bytes, Stack size 32 bytes, guidrv_flexcolor.o(i.GUIDRV_FlexColor__SetPixelIndexNoCache))
<BR><BR>[Stack]<UL><LI>Max Depth = 32<LI>Call Chain = GUIDRV_FlexColor__SetPixelIndexNoCache
</UL>
<BR>[Address Reference Count : 1]<UL><LI> guidrv_flexcolor_16bpp_c0b16.o(i.GUIDRV_FlexColor_SetMode16bppC0B16)
</UL>
<P><STRONG><a name="[9e]"></a>GUIMONO_DispChar</STRONG> (Thumb, 304 bytes, Stack size 104 bytes, gui_charm.o(i.GUIMONO_DispChar))
<BR><BR>[Stack]<UL><LI>Max Depth = 208<LI>Call Chain = GUIMONO_DispChar &rArr; LCD_DrawBitmap &rArr; LCD_FillRect
</UL>
<BR>[Calls]<UL><LI><a href="#[da]">&gt;&gt;</a>&nbsp;&nbsp;&nbsp;LCD_SetDrawMode
<LI><a href="#[dc]">&gt;&gt;</a>&nbsp;&nbsp;&nbsp;LCD_FillRect
<LI><a href="#[db]">&gt;&gt;</a>&nbsp;&nbsp;&nbsp;LCD_DrawBitmap
</UL>
<BR>[Address Reference Count : 1]<UL><LI> f6x8.o(.constdata)
</UL>
<P><STRONG><a name="[9f]"></a>GUIMONO_GetCharDistX</STRONG> (Thumb, 18 bytes, Stack size 0 bytes, gui_charm.o(i.GUIMONO_GetCharDistX))
<BR>[Address Reference Count : 1]<UL><LI> f6x8.o(.constdata)
</UL>
<P><STRONG><a name="[a0]"></a>GUIMONO_GetFontInfo</STRONG> (Thumb, 6 bytes, Stack size 0 bytes, gui_charm.o(i.GUIMONO_GetFontInfo))
<BR>[Address Reference Count : 1]<UL><LI> f6x8.o(.constdata)
</UL>
<P><STRONG><a name="[a1]"></a>GUIMONO_IsInFont</STRONG> (Thumb, 56 bytes, Stack size 0 bytes, gui_charm.o(i.GUIMONO_IsInFont))
<BR>[Address Reference Count : 1]<UL><LI> f6x8.o(.constdata)
</UL>
<P><STRONG><a name="[73]"></a>GUIPROP_DispChar</STRONG> (Thumb, 194 bytes, Stack size 56 bytes, gui_charp.o(i.GUIPROP_DispChar))
<BR><BR>[Stack]<UL><LI>Max Depth = 160<LI>Call Chain = GUIPROP_DispChar &rArr; LCD_DrawBitmap &rArr; LCD_FillRect
</UL>
<BR>[Calls]<UL><LI><a href="#[e0]">&gt;&gt;</a>&nbsp;&nbsp;&nbsp;GUI_SetColor
<LI><a href="#[da]">&gt;&gt;</a>&nbsp;&nbsp;&nbsp;LCD_SetDrawMode
<LI><a href="#[dc]">&gt;&gt;</a>&nbsp;&nbsp;&nbsp;LCD_FillRect
<LI><a href="#[db]">&gt;&gt;</a>&nbsp;&nbsp;&nbsp;LCD_DrawBitmap
<LI><a href="#[de]">&gt;&gt;</a>&nbsp;&nbsp;&nbsp;GUI_GetColor
<LI><a href="#[df]">&gt;&gt;</a>&nbsp;&nbsp;&nbsp;GUI_GetBkColor
<LI><a href="#[dd]">&gt;&gt;</a>&nbsp;&nbsp;&nbsp;GUIPROP__FindChar
</UL>
<BR>[Address Reference Count : 1]<UL><LI> yahei28.o(.constdata)
</UL>
<P><STRONG><a name="[74]"></a>GUIPROP_GetCharDistX</STRONG> (Thumb, 60 bytes, Stack size 12 bytes, gui_charp.o(i.GUIPROP_GetCharDistX))
<BR><BR>[Stack]<UL><LI>Max Depth = 12<LI>Call Chain = GUIPROP_GetCharDistX
</UL>
<BR>[Calls]<UL><LI><a href="#[dd]">&gt;&gt;</a>&nbsp;&nbsp;&nbsp;GUIPROP__FindChar
</UL>
<BR>[Address Reference Count : 1]<UL><LI> yahei28.o(.constdata)
</UL>
<P><STRONG><a name="[75]"></a>GUIPROP_GetFontInfo</STRONG> (Thumb, 6 bytes, Stack size 0 bytes, gui_charp.o(i.GUIPROP_GetFontInfo))
<BR>[Address Reference Count : 1]<UL><LI> yahei28.o(.constdata)
</UL>
<P><STRONG><a name="[76]"></a>GUIPROP_IsInFont</STRONG> (Thumb, 16 bytes, Stack size 4 bytes, gui_charp.o(i.GUIPROP_IsInFont))
<BR><BR>[Stack]<UL><LI>Max Depth = 4<LI>Call Chain = GUIPROP_IsInFont
</UL>
<BR>[Calls]<UL><LI><a href="#[dd]">&gt;&gt;</a>&nbsp;&nbsp;&nbsp;GUIPROP__FindChar
</UL>
<BR>[Address Reference Count : 1]<UL><LI> yahei28.o(.constdata)
</UL>
<P><STRONG><a name="[dd]"></a>GUIPROP__FindChar</STRONG> (Thumb, 22 bytes, Stack size 0 bytes, gui_charp.o(i.GUIPROP__FindChar))
<BR><BR>[Called By]<UL><LI><a href="#[76]">&gt;&gt;</a>&nbsp;&nbsp;&nbsp;GUIPROP_IsInFont
<LI><a href="#[74]">&gt;&gt;</a>&nbsp;&nbsp;&nbsp;GUIPROP_GetCharDistX
<LI><a href="#[73]">&gt;&gt;</a>&nbsp;&nbsp;&nbsp;GUIPROP_DispChar
</UL>

<P><STRONG><a name="[e1]"></a>GUI_ALLOC_AllocNoInit</STRONG> (Thumb, 10 bytes, Stack size 0 bytes, gui_alloc.o(i.GUI_ALLOC_AllocNoInit))
<BR><BR>[Stack]<UL><LI>Max Depth = 96<LI>Call Chain = GUI_ALLOC_AllocNoInit &rArr; _Alloc &rArr;  _InitOnce (Cycle)
</UL>
<BR>[Calls]<UL><LI><a href="#[e2]">&gt;&gt;</a>&nbsp;&nbsp;&nbsp;_Alloc
</UL>
<BR>[Called By]<UL><LI><a href="#[e3]">&gt;&gt;</a>&nbsp;&nbsp;&nbsp;GUI_ALLOC_AllocZero
<LI><a href="#[114]">&gt;&gt;</a>&nbsp;&nbsp;&nbsp;_WriteToActiveOpaque_HT
<LI><a href="#[113]">&gt;&gt;</a>&nbsp;&nbsp;&nbsp;_WriteToActiveOpaque_8
</UL>

<P><STRONG><a name="[e3]"></a>GUI_ALLOC_AllocZero</STRONG> (Thumb, 36 bytes, Stack size 16 bytes, gui_alloc_alloczero.o(i.GUI_ALLOC_AllocZero))
<BR><BR>[Stack]<UL><LI>Max Depth = 112<LI>Call Chain = GUI_ALLOC_AllocZero &rArr; GUI_ALLOC_AllocNoInit &rArr; _Alloc &rArr;  _InitOnce (Cycle)
</UL>
<BR>[Calls]<UL><LI><a href="#[d9]">&gt;&gt;</a>&nbsp;&nbsp;&nbsp;GUI__memset
<LI><a href="#[e5]">&gt;&gt;</a>&nbsp;&nbsp;&nbsp;GUI_ALLOC_UnlockH
<LI><a href="#[e4]">&gt;&gt;</a>&nbsp;&nbsp;&nbsp;GUI_ALLOC_LockH
<LI><a href="#[e1]">&gt;&gt;</a>&nbsp;&nbsp;&nbsp;GUI_ALLOC_AllocNoInit
</UL>
<BR>[Called By]<UL><LI><a href="#[172]">&gt;&gt;</a>&nbsp;&nbsp;&nbsp;WM_CreateWindowAsChild
</UL>

<P><STRONG><a name="[11f]"></a>GUI_ALLOC_AssignMemory</STRONG> (Thumb, 12 bytes, Stack size 0 bytes, gui_alloc.o(i.GUI_ALLOC_AssignMemory))
<BR><BR>[Called By]<UL><LI><a href="#[11e]">&gt;&gt;</a>&nbsp;&nbsp;&nbsp;GUI_X_Config
</UL>

<P><STRONG><a name="[e6]"></a>GUI_ALLOC_Free</STRONG> (Thumb, 50 bytes, Stack size 8 bytes, gui_alloc.o(i.GUI_ALLOC_Free))
<BR><BR>[Stack]<UL><LI>Max Depth = 40<LI>Call Chain = GUI_ALLOC_Free &rArr; _AddFreeMemory &rArr; _RemoveFreeBlock
</UL>
<BR>[Calls]<UL><LI><a href="#[e8]">&gt;&gt;</a>&nbsp;&nbsp;&nbsp;_PushFreeBlock
<LI><a href="#[e7]">&gt;&gt;</a>&nbsp;&nbsp;&nbsp;_AddFreeMemory
</UL>
<BR>[Called By]<UL><LI><a href="#[1a0]">&gt;&gt;</a>&nbsp;&nbsp;&nbsp;_EnlargeBlocks
<LI><a href="#[10d]">&gt;&gt;</a>&nbsp;&nbsp;&nbsp;GUI_MEMDEV_Delete
<LI><a href="#[114]">&gt;&gt;</a>&nbsp;&nbsp;&nbsp;_WriteToActiveOpaque_HT
<LI><a href="#[113]">&gt;&gt;</a>&nbsp;&nbsp;&nbsp;_WriteToActiveOpaque_8
<LI><a href="#[10f]">&gt;&gt;</a>&nbsp;&nbsp;&nbsp;GUI_USAGE_DecUseCnt
</UL>

<P><STRONG><a name="[f6]"></a>GUI_ALLOC_FreeFixedBlock</STRONG> (Thumb, 18 bytes, Stack size 0 bytes, gui_alloc.o(i.GUI_ALLOC_FreeFixedBlock))
<BR><BR>[Called By]<UL><LI><a href="#[f5]">&gt;&gt;</a>&nbsp;&nbsp;&nbsp;GUI_DEVICE_Delete
<LI><a href="#[5a]">&gt;&gt;</a>&nbsp;&nbsp;&nbsp;_OnExit
</UL>

<P><STRONG><a name="[d8]"></a>GUI_ALLOC_GetFixedBlock</STRONG> (Thumb, 164 bytes, Stack size 24 bytes, gui_alloc.o(i.GUI_ALLOC_GetFixedBlock))
<BR><BR>[Stack]<UL><LI>Max Depth = 176<LI>Call Chain = GUI_ALLOC_GetFixedBlock &rArr; _InitOnce &rArr; _EnlargeBlocks &rArr; _Alloc &rArr;  _InitOnce (Cycle)
</UL>
<BR>[Calls]<UL><LI><a href="#[ea]">&gt;&gt;</a>&nbsp;&nbsp;&nbsp;_RemoveHoles
<LI><a href="#[eb]">&gt;&gt;</a>&nbsp;&nbsp;&nbsp;_RemoveFreeBlock
<LI><a href="#[e9]">&gt;&gt;</a>&nbsp;&nbsp;&nbsp;_InitOnce
<LI><a href="#[e7]">&gt;&gt;</a>&nbsp;&nbsp;&nbsp;_AddFreeMemory
</UL>
<BR>[Called By]<UL><LI><a href="#[f2]">&gt;&gt;</a>&nbsp;&nbsp;&nbsp;GUI_DEVICE_Create
<LI><a href="#[153]">&gt;&gt;</a>&nbsp;&nbsp;&nbsp;LCD_InitColors
<LI><a href="#[d5]">&gt;&gt;</a>&nbsp;&nbsp;&nbsp;GUIDRV_FlexColor__InitOnce
<LI><a href="#[65]">&gt;&gt;</a>&nbsp;&nbsp;&nbsp;_GetDevFunc_Init
</UL>

<P><STRONG><a name="[e4]"></a>GUI_ALLOC_LockH</STRONG> (Thumb, 24 bytes, Stack size 0 bytes, gui_alloc.o(i.GUI_ALLOC_LockH))
<BR><BR>[Calls]<UL><LI><a href="#[ec]">&gt;&gt;</a>&nbsp;&nbsp;&nbsp;GUI_ALLOC_h2p
</UL>
<BR>[Called By]<UL><LI><a href="#[f0]">&gt;&gt;</a>&nbsp;&nbsp;&nbsp;WM__InitIVRSearch
<LI><a href="#[178]">&gt;&gt;</a>&nbsp;&nbsp;&nbsp;WM__GetClientRectEx
<LI><a href="#[16e]">&gt;&gt;</a>&nbsp;&nbsp;&nbsp;WM_BringToBottom
<LI><a href="#[10d]">&gt;&gt;</a>&nbsp;&nbsp;&nbsp;GUI_MEMDEV_Delete
<LI><a href="#[e3]">&gt;&gt;</a>&nbsp;&nbsp;&nbsp;GUI_ALLOC_AllocZero
<LI><a href="#[18e]">&gt;&gt;</a>&nbsp;&nbsp;&nbsp;WM__InvalidateRect
<LI><a href="#[17d]">&gt;&gt;</a>&nbsp;&nbsp;&nbsp;WM__InvalidateDrawAndDescs
<LI><a href="#[173]">&gt;&gt;</a>&nbsp;&nbsp;&nbsp;WM__InsertWindowIntoList
<LI><a href="#[180]">&gt;&gt;</a>&nbsp;&nbsp;&nbsp;WM__ClipAtParentBorders
<LI><a href="#[186]">&gt;&gt;</a>&nbsp;&nbsp;&nbsp;WM__ActivateClipRect
<LI><a href="#[182]">&gt;&gt;</a>&nbsp;&nbsp;&nbsp;WM_InvalidateWindowAndDescsEx
<LI><a href="#[17c]">&gt;&gt;</a>&nbsp;&nbsp;&nbsp;WM_InvalidateRect
<LI><a href="#[172]">&gt;&gt;</a>&nbsp;&nbsp;&nbsp;WM_CreateWindowAsChild
<LI><a href="#[187]">&gt;&gt;</a>&nbsp;&nbsp;&nbsp;_SetClipRectUserIntersect
<LI><a href="#[183]">&gt;&gt;</a>&nbsp;&nbsp;&nbsp;_Invalidate1Abs
<LI><a href="#[1a2]">&gt;&gt;</a>&nbsp;&nbsp;&nbsp;_Findy1
<LI><a href="#[1a4]">&gt;&gt;</a>&nbsp;&nbsp;&nbsp;_Findx1
<LI><a href="#[1a3]">&gt;&gt;</a>&nbsp;&nbsp;&nbsp;_Findx0
<LI><a href="#[18c]">&gt;&gt;</a>&nbsp;&nbsp;&nbsp;_FindNext_IVR
<LI><a href="#[68]">&gt;&gt;</a>&nbsp;&nbsp;&nbsp;GUI_MEMDEV__WriteToActiveOpaque
<LI><a href="#[af]">&gt;&gt;</a>&nbsp;&nbsp;&nbsp;_XorPixel
<LI><a href="#[19b]">&gt;&gt;</a>&nbsp;&nbsp;&nbsp;_XY2PTR
<LI><a href="#[ae]">&gt;&gt;</a>&nbsp;&nbsp;&nbsp;_SetPixelIndex
<LI><a href="#[b4]">&gt;&gt;</a>&nbsp;&nbsp;&nbsp;_GetRect
<LI><a href="#[ac]">&gt;&gt;</a>&nbsp;&nbsp;&nbsp;_FillRect
<LI><a href="#[ab]">&gt;&gt;</a>&nbsp;&nbsp;&nbsp;_DrawVLine
<LI><a href="#[a9]">&gt;&gt;</a>&nbsp;&nbsp;&nbsp;_DrawBitmap
<LI><a href="#[114]">&gt;&gt;</a>&nbsp;&nbsp;&nbsp;_WriteToActiveOpaque_HT
<LI><a href="#[113]">&gt;&gt;</a>&nbsp;&nbsp;&nbsp;_WriteToActiveOpaque_8
<LI><a href="#[112]">&gt;&gt;</a>&nbsp;&nbsp;&nbsp;GUI_MEMDEV_GetDataPtr
<LI><a href="#[10f]">&gt;&gt;</a>&nbsp;&nbsp;&nbsp;GUI_USAGE_DecUseCnt
<LI><a href="#[110]">&gt;&gt;</a>&nbsp;&nbsp;&nbsp;GUI_MEMDEV_GetBitsPerPixel
</UL>

<P><STRONG><a name="[e5]"></a>GUI_ALLOC_UnlockH</STRONG> (Thumb, 42 bytes, Stack size 0 bytes, gui_alloc.o(i.GUI_ALLOC_UnlockH))
<BR><BR>[Called By]<UL><LI><a href="#[f0]">&gt;&gt;</a>&nbsp;&nbsp;&nbsp;WM__InitIVRSearch
<LI><a href="#[178]">&gt;&gt;</a>&nbsp;&nbsp;&nbsp;WM__GetClientRectEx
<LI><a href="#[16e]">&gt;&gt;</a>&nbsp;&nbsp;&nbsp;WM_BringToBottom
<LI><a href="#[10d]">&gt;&gt;</a>&nbsp;&nbsp;&nbsp;GUI_MEMDEV_Delete
<LI><a href="#[e3]">&gt;&gt;</a>&nbsp;&nbsp;&nbsp;GUI_ALLOC_AllocZero
<LI><a href="#[18e]">&gt;&gt;</a>&nbsp;&nbsp;&nbsp;WM__InvalidateRect
<LI><a href="#[17d]">&gt;&gt;</a>&nbsp;&nbsp;&nbsp;WM__InvalidateDrawAndDescs
<LI><a href="#[173]">&gt;&gt;</a>&nbsp;&nbsp;&nbsp;WM__InsertWindowIntoList
<LI><a href="#[180]">&gt;&gt;</a>&nbsp;&nbsp;&nbsp;WM__ClipAtParentBorders
<LI><a href="#[186]">&gt;&gt;</a>&nbsp;&nbsp;&nbsp;WM__ActivateClipRect
<LI><a href="#[182]">&gt;&gt;</a>&nbsp;&nbsp;&nbsp;WM_InvalidateWindowAndDescsEx
<LI><a href="#[17c]">&gt;&gt;</a>&nbsp;&nbsp;&nbsp;WM_InvalidateRect
<LI><a href="#[172]">&gt;&gt;</a>&nbsp;&nbsp;&nbsp;WM_CreateWindowAsChild
<LI><a href="#[187]">&gt;&gt;</a>&nbsp;&nbsp;&nbsp;_SetClipRectUserIntersect
<LI><a href="#[183]">&gt;&gt;</a>&nbsp;&nbsp;&nbsp;_Invalidate1Abs
<LI><a href="#[1a2]">&gt;&gt;</a>&nbsp;&nbsp;&nbsp;_Findy1
<LI><a href="#[1a4]">&gt;&gt;</a>&nbsp;&nbsp;&nbsp;_Findx1
<LI><a href="#[1a3]">&gt;&gt;</a>&nbsp;&nbsp;&nbsp;_Findx0
<LI><a href="#[18c]">&gt;&gt;</a>&nbsp;&nbsp;&nbsp;_FindNext_IVR
<LI><a href="#[68]">&gt;&gt;</a>&nbsp;&nbsp;&nbsp;GUI_MEMDEV__WriteToActiveOpaque
<LI><a href="#[af]">&gt;&gt;</a>&nbsp;&nbsp;&nbsp;_XorPixel
<LI><a href="#[19b]">&gt;&gt;</a>&nbsp;&nbsp;&nbsp;_XY2PTR
<LI><a href="#[ae]">&gt;&gt;</a>&nbsp;&nbsp;&nbsp;_SetPixelIndex
<LI><a href="#[b4]">&gt;&gt;</a>&nbsp;&nbsp;&nbsp;_GetRect
<LI><a href="#[ac]">&gt;&gt;</a>&nbsp;&nbsp;&nbsp;_FillRect
<LI><a href="#[ab]">&gt;&gt;</a>&nbsp;&nbsp;&nbsp;_DrawVLine
<LI><a href="#[a9]">&gt;&gt;</a>&nbsp;&nbsp;&nbsp;_DrawBitmap
<LI><a href="#[114]">&gt;&gt;</a>&nbsp;&nbsp;&nbsp;_WriteToActiveOpaque_HT
<LI><a href="#[113]">&gt;&gt;</a>&nbsp;&nbsp;&nbsp;_WriteToActiveOpaque_8
<LI><a href="#[112]">&gt;&gt;</a>&nbsp;&nbsp;&nbsp;GUI_MEMDEV_GetDataPtr
<LI><a href="#[10f]">&gt;&gt;</a>&nbsp;&nbsp;&nbsp;GUI_USAGE_DecUseCnt
<LI><a href="#[110]">&gt;&gt;</a>&nbsp;&nbsp;&nbsp;GUI_MEMDEV_GetBitsPerPixel
</UL>

<P><STRONG><a name="[ec]"></a>GUI_ALLOC_h2p</STRONG> (Thumb, 20 bytes, Stack size 0 bytes, gui_alloc.o(i.GUI_ALLOC_h2p))
<BR><BR>[Called By]<UL><LI><a href="#[e4]">&gt;&gt;</a>&nbsp;&nbsp;&nbsp;GUI_ALLOC_LockH
<LI><a href="#[185]">&gt;&gt;</a>&nbsp;&nbsp;&nbsp;WM__SendMessage
<LI><a href="#[17a]">&gt;&gt;</a>&nbsp;&nbsp;&nbsp;WM_GetFirstChild
<LI><a href="#[18e]">&gt;&gt;</a>&nbsp;&nbsp;&nbsp;WM__InvalidateRect
<LI><a href="#[17d]">&gt;&gt;</a>&nbsp;&nbsp;&nbsp;WM__InvalidateDrawAndDescs
<LI><a href="#[173]">&gt;&gt;</a>&nbsp;&nbsp;&nbsp;WM__InsertWindowIntoList
<LI><a href="#[18d]">&gt;&gt;</a>&nbsp;&nbsp;&nbsp;WM__GetTopLevelLayer
<LI><a href="#[174]">&gt;&gt;</a>&nbsp;&nbsp;&nbsp;WM_SelectWindow
<LI><a href="#[182]">&gt;&gt;</a>&nbsp;&nbsp;&nbsp;WM_InvalidateWindowAndDescsEx
<LI><a href="#[172]">&gt;&gt;</a>&nbsp;&nbsp;&nbsp;WM_CreateWindowAsChild
<LI><a href="#[183]">&gt;&gt;</a>&nbsp;&nbsp;&nbsp;_Invalidate1Abs
<LI><a href="#[1a2]">&gt;&gt;</a>&nbsp;&nbsp;&nbsp;_Findy1
<LI><a href="#[1a4]">&gt;&gt;</a>&nbsp;&nbsp;&nbsp;_Findx1
<LI><a href="#[1a3]">&gt;&gt;</a>&nbsp;&nbsp;&nbsp;_Findx0
<LI><a href="#[18c]">&gt;&gt;</a>&nbsp;&nbsp;&nbsp;_FindNext_IVR
<LI><a href="#[18b]">&gt;&gt;</a>&nbsp;&nbsp;&nbsp;WM__GetFirstSibling
<LI><a href="#[16f]">&gt;&gt;</a>&nbsp;&nbsp;&nbsp;WM__GetPrevSibling
<LI><a href="#[170]">&gt;&gt;</a>&nbsp;&nbsp;&nbsp;WM_GetParent
</UL>

<P><STRONG><a name="[192]"></a>GUI_CalcColorDist</STRONG> (Thumb, 68 bytes, Stack size 8 bytes, gui_calccolordist.o(i.GUI_CalcColorDist))
<BR><BR>[Stack]<UL><LI>Max Depth = 8<LI>Call Chain = GUI_CalcColorDist
</UL>
<BR>[Called By]<UL><LI><a href="#[b5]">&gt;&gt;</a>&nbsp;&nbsp;&nbsp;_Color2Index_0
</UL>

<P><STRONG><a name="[ed]"></a>GUI_Clear</STRONG> (Thumb, 28 bytes, Stack size 8 bytes, gui_core.o(i.GUI_Clear))
<BR><BR>[Stack]<UL><LI>Max Depth = 24<LI>Call Chain = GUI_Clear &rArr; GUI_GotoXY
</UL>
<BR>[Calls]<UL><LI><a href="#[ee]">&gt;&gt;</a>&nbsp;&nbsp;&nbsp;GUI_GotoXY
</UL>
<BR>[Called By]<UL><LI><a href="#[61]">&gt;&gt;</a>&nbsp;&nbsp;&nbsp;cbBackWin
</UL>

<P><STRONG><a name="[ef]"></a>GUI_ClearRect</STRONG> (Thumb, 90 bytes, Stack size 32 bytes, gui_core.o(i.GUI_ClearRect), UNUSED)
<BR><BR>[Calls]<UL><LI><a href="#[f0]">&gt;&gt;</a>&nbsp;&nbsp;&nbsp;WM__InitIVRSearch
<LI><a href="#[f1]">&gt;&gt;</a>&nbsp;&nbsp;&nbsp;WM__GetNextIVR
<LI><a href="#[da]">&gt;&gt;</a>&nbsp;&nbsp;&nbsp;LCD_SetDrawMode
<LI><a href="#[dc]">&gt;&gt;</a>&nbsp;&nbsp;&nbsp;LCD_FillRect
</UL>

<P><STRONG><a name="[f2]"></a>GUI_DEVICE_Create</STRONG> (Thumb, 76 bytes, Stack size 24 bytes, gui_device.o(i.GUI_DEVICE_Create))
<BR><BR>[Stack]<UL><LI>Max Depth = 200<LI>Call Chain = GUI_DEVICE_Create &rArr; GUI_ALLOC_GetFixedBlock &rArr; _InitOnce &rArr; _EnlargeBlocks &rArr; _Alloc &rArr;  _InitOnce (Cycle)
</UL>
<BR>[Calls]<UL><LI><a href="#[d8]">&gt;&gt;</a>&nbsp;&nbsp;&nbsp;GUI_ALLOC_GetFixedBlock
</UL>
<BR>[Called By]<UL><LI><a href="#[f3]">&gt;&gt;</a>&nbsp;&nbsp;&nbsp;GUI_DEVICE_CreateAndLink
</UL>

<P><STRONG><a name="[f3]"></a>GUI_DEVICE_CreateAndLink</STRONG> (Thumb, 36 bytes, Stack size 16 bytes, gui_device.o(i.GUI_DEVICE_CreateAndLink))
<BR><BR>[Stack]<UL><LI>Max Depth = 216<LI>Call Chain = GUI_DEVICE_CreateAndLink &rArr; GUI_DEVICE_Create &rArr; GUI_ALLOC_GetFixedBlock &rArr; _InitOnce &rArr; _EnlargeBlocks &rArr; _Alloc &rArr;  _InitOnce (Cycle)
</UL>
<BR>[Calls]<UL><LI><a href="#[f4]">&gt;&gt;</a>&nbsp;&nbsp;&nbsp;GUI_DEVICE_Link
<LI><a href="#[f2]">&gt;&gt;</a>&nbsp;&nbsp;&nbsp;GUI_DEVICE_Create
</UL>
<BR>[Called By]<UL><LI><a href="#[121]">&gt;&gt;</a>&nbsp;&nbsp;&nbsp;LCD_X_Config
</UL>

<P><STRONG><a name="[f5]"></a>GUI_DEVICE_Delete</STRONG> (Thumb, 4 bytes, Stack size 0 bytes, gui_device.o(i.GUI_DEVICE_Delete))
<BR><BR>[Calls]<UL><LI><a href="#[f6]">&gt;&gt;</a>&nbsp;&nbsp;&nbsp;GUI_ALLOC_FreeFixedBlock
</UL>
<BR>[Called By]<UL><LI><a href="#[10d]">&gt;&gt;</a>&nbsp;&nbsp;&nbsp;GUI_MEMDEV_Delete
</UL>

<P><STRONG><a name="[f4]"></a>GUI_DEVICE_Link</STRONG> (Thumb, 124 bytes, Stack size 16 bytes, gui_device.o(i.GUI_DEVICE_Link))
<BR><BR>[Stack]<UL><LI>Max Depth = 16<LI>Call Chain = GUI_DEVICE_Link
</UL>
<BR>[Called By]<UL><LI><a href="#[f3]">&gt;&gt;</a>&nbsp;&nbsp;&nbsp;GUI_DEVICE_CreateAndLink
</UL>

<P><STRONG><a name="[f7]"></a>GUI_DEVICE_Unlink</STRONG> (Thumb, 4 bytes, Stack size 0 bytes, gui_device.o(i.GUI_DEVICE_Unlink))
<BR><BR>[Calls]<UL><LI><a href="#[f8]">&gt;&gt;</a>&nbsp;&nbsp;&nbsp;_UnlinkDevice
</UL>
<BR>[Called By]<UL><LI><a href="#[115]">&gt;&gt;</a>&nbsp;&nbsp;&nbsp;LCD_SelectLCD
</UL>

<P><STRONG><a name="[12a]"></a>GUI_DEVICE__GetpDriver</STRONG> (Thumb, 32 bytes, Stack size 0 bytes, gui_device.o(i.GUI_DEVICE__GetpDriver))
<BR><BR>[Called By]<UL><LI><a href="#[10a]">&gt;&gt;</a>&nbsp;&nbsp;&nbsp;emWin_LCD_Init
<LI><a href="#[10c]">&gt;&gt;</a>&nbsp;&nbsp;&nbsp;WM_Init
<LI><a href="#[15a]">&gt;&gt;</a>&nbsp;&nbsp;&nbsp;LCD_SetVSizeEx
<LI><a href="#[159]">&gt;&gt;</a>&nbsp;&nbsp;&nbsp;LCD_SetSizeEx
<LI><a href="#[129]">&gt;&gt;</a>&nbsp;&nbsp;&nbsp;GUI__ManageCacheEx
<LI><a href="#[14e]">&gt;&gt;</a>&nbsp;&nbsp;&nbsp;LCD_GetNumLayers
<LI><a href="#[154]">&gt;&gt;</a>&nbsp;&nbsp;&nbsp;LCD_InitLUT
<LI><a href="#[155]">&gt;&gt;</a>&nbsp;&nbsp;&nbsp;LCD_SetLUTEntryEx
<LI><a href="#[150]">&gt;&gt;</a>&nbsp;&nbsp;&nbsp;LCD_GetPaletteEx
<LI><a href="#[14b]">&gt;&gt;</a>&nbsp;&nbsp;&nbsp;_GetDevProp
</UL>

<P><STRONG><a name="[f9]"></a>GUI_DispString</STRONG> (Thumb, 252 bytes, Stack size 40 bytes, gui_dispstring.o(i.GUI_DispString))
<BR><BR>[Stack]<UL><LI>Max Depth = 200<LI>Call Chain = GUI_DispString &rArr; GUI__DispLine &rArr; WM__InitIVRSearch &rArr; WM__GetNextIVR &rArr; WM__ActivateClipRect &rArr; _SetClipRectUserIntersect &rArr; LCD_SetClipRectEx &rArr; GUI__IntersectRects
</UL>
<BR>[Calls]<UL><LI><a href="#[fc]">&gt;&gt;</a>&nbsp;&nbsp;&nbsp;GUI__GetLineNumChars
<LI><a href="#[fd]">&gt;&gt;</a>&nbsp;&nbsp;&nbsp;GUI__GetLineDistX
<LI><a href="#[fe]">&gt;&gt;</a>&nbsp;&nbsp;&nbsp;GUI__DispLine
<LI><a href="#[ff]">&gt;&gt;</a>&nbsp;&nbsp;&nbsp;GUI_UC__NumChars2NumBytes
<LI><a href="#[fb]">&gt;&gt;</a>&nbsp;&nbsp;&nbsp;GUI_GetYAdjust
<LI><a href="#[fa]">&gt;&gt;</a>&nbsp;&nbsp;&nbsp;GUI_GetFontDistY
</UL>
<BR>[Called By]<UL><LI><a href="#[100]">&gt;&gt;</a>&nbsp;&nbsp;&nbsp;GUI_DispStringAt
</UL>

<P><STRONG><a name="[100]"></a>GUI_DispStringAt</STRONG> (Thumb, 12 bytes, Stack size 0 bytes, gui_dispstringat.o(i.GUI_DispStringAt))
<BR><BR>[Stack]<UL><LI>Max Depth = 200<LI>Call Chain = GUI_DispStringAt &rArr; GUI_DispString &rArr; GUI__DispLine &rArr; WM__InitIVRSearch &rArr; WM__GetNextIVR &rArr; WM__ActivateClipRect &rArr; _SetClipRectUserIntersect &rArr; LCD_SetClipRectEx &rArr; GUI__IntersectRects
</UL>
<BR>[Calls]<UL><LI><a href="#[f9]">&gt;&gt;</a>&nbsp;&nbsp;&nbsp;GUI_DispString
</UL>
<BR>[Called By]<UL><LI><a href="#[47]">&gt;&gt;</a>&nbsp;&nbsp;&nbsp;main
</UL>

<P><STRONG><a name="[1aa]"></a>GUI_GetBitsPerPixelEx</STRONG> (Thumb, 14 bytes, Stack size 0 bytes, lcd_getex.o(i.GUI_GetBitsPerPixelEx))
<BR><BR>[Called By]<UL><LI><a href="#[114]">&gt;&gt;</a>&nbsp;&nbsp;&nbsp;_WriteToActiveOpaque_HT
<LI><a href="#[113]">&gt;&gt;</a>&nbsp;&nbsp;&nbsp;_WriteToActiveOpaque_8
</UL>

<P><STRONG><a name="[df]"></a>GUI_GetBkColor</STRONG> (Thumb, 14 bytes, Stack size 8 bytes, gui_getcolor.o(i.GUI_GetBkColor))
<BR><BR>[Stack]<UL><LI>Max Depth = 8<LI>Call Chain = GUI_GetBkColor
</UL>
<BR>[Calls]<UL><LI><a href="#[102]">&gt;&gt;</a>&nbsp;&nbsp;&nbsp;LCD_Index2Color
<LI><a href="#[101]">&gt;&gt;</a>&nbsp;&nbsp;&nbsp;LCD_GetBkColorIndex
</UL>
<BR>[Called By]<UL><LI><a href="#[73]">&gt;&gt;</a>&nbsp;&nbsp;&nbsp;GUIPROP_DispChar
</UL>

<P><STRONG><a name="[125]"></a>GUI_GetCharDistX</STRONG> (Thumb, 12 bytes, Stack size 0 bytes, gui_char.o(i.GUI_GetCharDistX))
<BR><BR>[Called By]<UL><LI><a href="#[fd]">&gt;&gt;</a>&nbsp;&nbsp;&nbsp;GUI__GetLineDistX
</UL>

<P><STRONG><a name="[127]"></a>GUI_GetCharDistXEx</STRONG> (Thumb, 10 bytes, Stack size 0 bytes, gui_char.o(i.GUI_GetCharDistXEx))
<BR><BR>[Called By]<UL><LI><a href="#[126]">&gt;&gt;</a>&nbsp;&nbsp;&nbsp;GUI__GetOverlap
</UL>

<P><STRONG><a name="[de]"></a>GUI_GetColor</STRONG> (Thumb, 14 bytes, Stack size 8 bytes, gui_getcolor.o(i.GUI_GetColor))
<BR><BR>[Stack]<UL><LI>Max Depth = 8<LI>Call Chain = GUI_GetColor
</UL>
<BR>[Calls]<UL><LI><a href="#[102]">&gt;&gt;</a>&nbsp;&nbsp;&nbsp;LCD_Index2Color
<LI><a href="#[103]">&gt;&gt;</a>&nbsp;&nbsp;&nbsp;LCD_GetColorIndex
</UL>
<BR>[Called By]<UL><LI><a href="#[73]">&gt;&gt;</a>&nbsp;&nbsp;&nbsp;GUIPROP_DispChar
</UL>

<P><STRONG><a name="[fa]"></a>GUI_GetFontDistY</STRONG> (Thumb, 10 bytes, Stack size 0 bytes, gui_char.o(i.GUI_GetFontDistY))
<BR><BR>[Called By]<UL><LI><a href="#[f9]">&gt;&gt;</a>&nbsp;&nbsp;&nbsp;GUI_DispString
</UL>

<P><STRONG><a name="[fb]"></a>GUI_GetYAdjust</STRONG> (Thumb, 42 bytes, Stack size 0 bytes, gui_char.o(i.GUI_GetYAdjust))
<BR><BR>[Called By]<UL><LI><a href="#[f9]">&gt;&gt;</a>&nbsp;&nbsp;&nbsp;GUI_DispString
</UL>

<P><STRONG><a name="[1ac]"></a>GUI_GetpfColor2IndexEx</STRONG> (Thumb, 12 bytes, Stack size 0 bytes, lcd_getex.o(i.GUI_GetpfColor2IndexEx))
<BR><BR>[Called By]<UL><LI><a href="#[113]">&gt;&gt;</a>&nbsp;&nbsp;&nbsp;_WriteToActiveOpaque_8
</UL>

<P><STRONG><a name="[1ab]"></a>GUI_GetpfIndex2ColorEx</STRONG> (Thumb, 12 bytes, Stack size 0 bytes, lcd_getex.o(i.GUI_GetpfIndex2ColorEx))
<BR><BR>[Called By]<UL><LI><a href="#[113]">&gt;&gt;</a>&nbsp;&nbsp;&nbsp;_WriteToActiveOpaque_8
</UL>

<P><STRONG><a name="[ee]"></a>GUI_GotoXY</STRONG> (Thumb, 20 bytes, Stack size 16 bytes, gui_goto.o(i.GUI_GotoXY))
<BR><BR>[Stack]<UL><LI>Max Depth = 16<LI>Call Chain = GUI_GotoXY
</UL>
<BR>[Calls]<UL><LI><a href="#[105]">&gt;&gt;</a>&nbsp;&nbsp;&nbsp;_GotoY
<LI><a href="#[104]">&gt;&gt;</a>&nbsp;&nbsp;&nbsp;_GotoX
</UL>
<BR>[Called By]<UL><LI><a href="#[ed]">&gt;&gt;</a>&nbsp;&nbsp;&nbsp;GUI_Clear
</UL>

<P><STRONG><a name="[106]"></a>GUI_Init</STRONG> (Thumb, 74 bytes, Stack size 8 bytes, gui_core.o(i.GUI_Init))
<BR><BR>[Stack]<UL><LI>Max Depth = 368<LI>Call Chain = GUI_Init &rArr; GUI__Config &rArr; LCD_X_Config &rArr; GUI_DEVICE_CreateAndLink &rArr; GUI_DEVICE_Create &rArr; GUI_ALLOC_GetFixedBlock &rArr; _InitOnce &rArr; _EnlargeBlocks &rArr; _Alloc &rArr;  _InitOnce (Cycle)
</UL>
[...]
<BR>[Address Reference Count : 1]<UL><LI> gui_uc_encodenone.o(.constdata)
</UL>
<P><STRONG><a name="[a5]"></a>_Encode</STRONG> (Thumb, 6 bytes, Stack size 0 bytes, gui_uc_encodenone.o(i._Encode))
<BR>[Address Reference Count : 1]<UL><LI> gui_uc_encodenone.o(.constdata)
</UL>
<P><STRONG><a name="[a2]"></a>_GetCharCode</STRONG> (Thumb, 4 bytes, Stack size 0 bytes, gui_uc_encodenone.o(i._GetCharCode))
<BR>[Address Reference Count : 1]<UL><LI> gui_uc_encodenone.o(.constdata)
</UL>
<P><STRONG><a name="[a3]"></a>_GetCharSize</STRONG> (Thumb, 4 bytes, Stack size 0 bytes, gui_uc_encodenone.o(i._GetCharSize))
<BR>[Address Reference Count : 1]<UL><LI> gui_uc_encodenone.o(.constdata)
</UL>
<P><STRONG><a name="[a7]"></a>_SetBkColor</STRONG> (Thumb, 28 bytes, Stack size 8 bytes, lcd.o(i._SetBkColor))
<BR><BR>[Stack]<UL><LI>Max Depth = 8<LI>Call Chain = _SetBkColor
</UL>
<BR>[Calls]<UL><LI><a href="#[15c]">&gt;&gt;</a>&nbsp;&nbsp;&nbsp;LCD_SetBkColorIndex
<LI><a href="#[152]">&gt;&gt;</a>&nbsp;&nbsp;&nbsp;LCD_Color2Index
</UL>
<BR>[Address Reference Count : 1]<UL><LI> lcd.o(.constdata)
</UL>
<P><STRONG><a name="[a6]"></a>_SetColor</STRONG> (Thumb, 28 bytes, Stack size 8 bytes, lcd.o(i._SetColor))
<BR><BR>[Stack]<UL><LI>Max Depth = 8<LI>Call Chain = _SetColor
</UL>
<BR>[Calls]<UL><LI><a href="#[15b]">&gt;&gt;</a>&nbsp;&nbsp;&nbsp;LCD_SetColorIndex
<LI><a href="#[152]">&gt;&gt;</a>&nbsp;&nbsp;&nbsp;LCD_Color2Index
</UL>
<BR>[Address Reference Count : 1]<UL><LI> lcd.o(.constdata)
</UL>
<P><STRONG><a name="[a8]"></a>_SetDrawMode</STRONG> (Thumb, 40 bytes, Stack size 12 bytes, lcd.o(i._SetDrawMode))
<BR><BR>[Stack]<UL><LI>Max Depth = 12<LI>Call Chain = _SetDrawMode
</UL>
<BR>[Address Reference Count : 1]<UL><LI> lcd.o(.constdata)
</UL>
<P><STRONG><a name="[5a]"></a>_OnExit</STRONG> (Thumb, 16 bytes, Stack size 8 bytes, lcd_color.o(i._OnExit))
<BR><BR>[Stack]<UL><LI>Max Depth = 8<LI>Call Chain = _OnExit
</UL>
<BR>[Calls]<UL><LI><a href="#[f6]">&gt;&gt;</a>&nbsp;&nbsp;&nbsp;GUI_ALLOC_FreeFixedBlock
</UL>
<BR>[Address Reference Count : 1]<UL><LI> lcd_color.o(i.LCD_InitColors)
</UL>
<P><STRONG><a name="[19d]"></a>_DrawBitLine1BPP</STRONG> (Thumb, 312 bytes, Stack size 56 bytes, guidev_16.o(i._DrawBitLine1BPP))
<BR><BR>[Stack]<UL><LI>Max Depth = 56<LI>Call Chain = _DrawBitLine1BPP
</UL>
<BR>[Called By]<UL><LI><a href="#[a9]">&gt;&gt;</a>&nbsp;&nbsp;&nbsp;_DrawBitmap
</UL>

<P><STRONG><a name="[19e]"></a>_DrawBitLine2BPP</STRONG> (Thumb, 220 bytes, Stack size 56 bytes, guidev_16.o(i._DrawBitLine2BPP))
<BR><BR>[Stack]<UL><LI>Max Depth = 56<LI>Call Chain = _DrawBitLine2BPP
</UL>
<BR>[Called By]<UL><LI><a href="#[a9]">&gt;&gt;</a>&nbsp;&nbsp;&nbsp;_DrawBitmap
</UL>

<P><STRONG><a name="[19f]"></a>_DrawBitLine4BPP</STRONG> (Thumb, 340 bytes, Stack size 40 bytes, guidev_16.o(i._DrawBitLine4BPP))
<BR><BR>[Stack]<UL><LI>Max Depth = 40<LI>Call Chain = _DrawBitLine4BPP
</UL>
<BR>[Called By]<UL><LI><a href="#[a9]">&gt;&gt;</a>&nbsp;&nbsp;&nbsp;_DrawBitmap
</UL>

<P><STRONG><a name="[a9]"></a>_DrawBitmap</STRONG> (Thumb, 678 bytes, Stack size 104 bytes, guidev_16.o(i._DrawBitmap))
<BR><BR>[Stack]<UL><LI>Max Depth = 160<LI>Call Chain = _DrawBitmap &rArr; _DrawBitLine2BPP
</UL>
<BR>[Calls]<UL><LI><a href="#[e5]">&gt;&gt;</a>&nbsp;&nbsp;&nbsp;GUI_ALLOC_UnlockH
<LI><a href="#[e4]">&gt;&gt;</a>&nbsp;&nbsp;&nbsp;GUI_ALLOC_LockH
<LI><a href="#[19a]">&gt;&gt;</a>&nbsp;&nbsp;&nbsp;GUI_USAGE_AddRect
<LI><a href="#[19b]">&gt;&gt;</a>&nbsp;&nbsp;&nbsp;_XY2PTR
<LI><a href="#[19f]">&gt;&gt;</a>&nbsp;&nbsp;&nbsp;_DrawBitLine4BPP
<LI><a href="#[19e]">&gt;&gt;</a>&nbsp;&nbsp;&nbsp;_DrawBitLine2BPP
<LI><a href="#[19d]">&gt;&gt;</a>&nbsp;&nbsp;&nbsp;_DrawBitLine1BPP
<LI><a href="#[19c]">&gt;&gt;</a>&nbsp;&nbsp;&nbsp;__aeabi_memcpy
</UL>
<BR>[Address Reference Count : 1]<UL><LI> guidev_16.o(.constdata)
</UL>
<P><STRONG><a name="[aa]"></a>_DrawHLine</STRONG> (Thumb, 10 bytes, Stack size 8 bytes, guidev_16.o(i._DrawHLine))
<BR><BR>[Stack]<UL><LI>Max Depth = 104<LI>Call Chain = _DrawHLine &rArr; _FillRect &rArr; GUI_USAGE_AddRect
</UL>
<BR>[Calls]<UL><LI><a href="#[ac]">&gt;&gt;</a>&nbsp;&nbsp;&nbsp;_FillRect
</UL>
<BR>[Address Reference Count : 1]<UL><LI> guidev_16.o(.constdata)
</UL>
<P><STRONG><a name="[ab]"></a>_DrawVLine</STRONG> (Thumb, 180 bytes, Stack size 40 bytes, guidev_16.o(i._DrawVLine))
<BR><BR>[Stack]<UL><LI>Max Depth = 56<LI>Call Chain = _DrawVLine &rArr; _XY2PTR
</UL>
<BR>[Calls]<UL><LI><a href="#[e5]">&gt;&gt;</a>&nbsp;&nbsp;&nbsp;GUI_ALLOC_UnlockH
<LI><a href="#[e4]">&gt;&gt;</a>&nbsp;&nbsp;&nbsp;GUI_ALLOC_LockH
<LI><a href="#[19b]">&gt;&gt;</a>&nbsp;&nbsp;&nbsp;_XY2PTR
</UL>
<BR>[Address Reference Count : 1]<UL><LI> guidev_16.o(.constdata)
</UL>
<P><STRONG><a name="[ac]"></a>_FillRect</STRONG> (Thumb, 166 bytes, Stack size 72 bytes, guidev_16.o(i._FillRect))
<BR><BR>[Stack]<UL><LI>Max Depth = 96<LI>Call Chain = _FillRect &rArr; GUI_USAGE_AddRect
</UL>
<BR>[Calls]<UL><LI><a href="#[e5]">&gt;&gt;</a>&nbsp;&nbsp;&nbsp;GUI_ALLOC_UnlockH
<LI><a href="#[e4]">&gt;&gt;</a>&nbsp;&nbsp;&nbsp;GUI_ALLOC_LockH
<LI><a href="#[19a]">&gt;&gt;</a>&nbsp;&nbsp;&nbsp;GUI_USAGE_AddRect
<LI><a href="#[19b]">&gt;&gt;</a>&nbsp;&nbsp;&nbsp;_XY2PTR
<LI><a href="#[1a1]">&gt;&gt;</a>&nbsp;&nbsp;&nbsp;GUI__memset16
</UL>
<BR>[Called By]<UL><LI><a href="#[aa]">&gt;&gt;</a>&nbsp;&nbsp;&nbsp;_DrawHLine
</UL>
<BR>[Address Reference Count : 1]<UL><LI> guidev_16.o(.constdata)
</UL>
<P><STRONG><a name="[b3]"></a>_GetDevData</STRONG> (Thumb, 12 bytes, Stack size 0 bytes, guidev_16.o(i._GetDevData))
<BR>[Address Reference Count : 1]<UL><LI> guidev_16.o(.constdata)
</UL>
<P><STRONG><a name="[b1]"></a>_GetDevFunc</STRONG> (Thumb, 12 bytes, Stack size 0 bytes, guidev_16.o(i._GetDevFunc))
<BR>[Address Reference Count : 1]<UL><LI> guidev_16.o(.constdata)
</UL>
<P><STRONG><a name="[b2]"></a>_GetDevProp</STRONG> (Thumb, 8 bytes, Stack size 0 bytes, guidev_16.o(i._GetDevProp))
<BR>[Address Reference Count : 1]<UL><LI> guidev_16.o(.constdata)
</UL>
<P><STRONG><a name="[ad]"></a>_GetPixelIndex</STRONG> (Thumb, 14 bytes, Stack size 8 bytes, guidev_16.o(i._GetPixelIndex))
<BR><BR>[Stack]<UL><LI>Max Depth = 24<LI>Call Chain = _GetPixelIndex &rArr; _XY2PTR
</UL>
<BR>[Calls]<UL><LI><a href="#[19b]">&gt;&gt;</a>&nbsp;&nbsp;&nbsp;_XY2PTR
</UL>
<BR>[Address Reference Count : 1]<UL><LI> guidev_16.o(.constdata)
</UL>
<P><STRONG><a name="[b4]"></a>_GetRect</STRONG> (Thumb, 48 bytes, Stack size 16 bytes, guidev_16.o(i._GetRect))
<BR><BR>[Stack]<UL><LI>Max Depth = 16<LI>Call Chain = _GetRect
</UL>
<BR>[Calls]<UL><LI><a href="#[e5]">&gt;&gt;</a>&nbsp;&nbsp;&nbsp;GUI_ALLOC_UnlockH
<LI><a href="#[e4]">&gt;&gt;</a>&nbsp;&nbsp;&nbsp;GUI_ALLOC_LockH
</UL>
<BR>[Address Reference Count : 1]<UL><LI> guidev_16.o(.constdata)
</UL>
<P><STRONG><a name="[b0]"></a>_SetOrg</STRONG> (Thumb, 8 bytes, Stack size 0 bytes, guidev_16.o(i._SetOrg))
<BR>[Address Reference Count : 1]<UL><LI> guidev_16.o(.constdata)
</UL>
<P><STRONG><a name="[ae]"></a>_SetPixelIndex</STRONG> (Thumb, 66 bytes, Stack size 24 bytes, guidev_16.o(i._SetPixelIndex))
<BR><BR>[Stack]<UL><LI>Max Depth = 40<LI>Call Chain = _SetPixelIndex &rArr; _XY2PTR
</UL>
<BR>[Calls]<UL><LI><a href="#[e5]">&gt;&gt;</a>&nbsp;&nbsp;&nbsp;GUI_ALLOC_UnlockH
<LI><a href="#[e4]">&gt;&gt;</a>&nbsp;&nbsp;&nbsp;GUI_ALLOC_LockH
<LI><a href="#[19b]">&gt;&gt;</a>&nbsp;&nbsp;&nbsp;_XY2PTR
</UL>
<BR>[Address Reference Count : 1]<UL><LI> guidev_16.o(.constdata)
</UL>
<P><STRONG><a name="[19b]"></a>_XY2PTR</STRONG> (Thumb, 56 bytes, Stack size 16 bytes, guidev_16.o(i._XY2PTR))
<BR><BR>[Stack]<UL><LI>Max Depth = 16<LI>Call Chain = _XY2PTR
</UL>
<BR>[Calls]<UL><LI><a href="#[e5]">&gt;&gt;</a>&nbsp;&nbsp;&nbsp;GUI_ALLOC_UnlockH
<LI><a href="#[e4]">&gt;&gt;</a>&nbsp;&nbsp;&nbsp;GUI_ALLOC_LockH
</UL>
<BR>[Called By]<UL><LI><a href="#[af]">&gt;&gt;</a>&nbsp;&nbsp;&nbsp;_XorPixel
<LI><a href="#[ae]">&gt;&gt;</a>&nbsp;&nbsp;&nbsp;_SetPixelIndex
<LI><a href="#[ad]">&gt;&gt;</a>&nbsp;&nbsp;&nbsp;_GetPixelIndex
<LI><a href="#[ac]">&gt;&gt;</a>&nbsp;&nbsp;&nbsp;_FillRect
<LI><a href="#[ab]">&gt;&gt;</a>&nbsp;&nbsp;&nbsp;_DrawVLine
<LI><a href="#[a9]">&gt;&gt;</a>&nbsp;&nbsp;&nbsp;_DrawBitmap
</UL>

<P><STRONG><a name="[af]"></a>_XorPixel</STRONG> (Thumb, 78 bytes, Stack size 32 bytes, guidev_16.o(i._XorPixel))
<BR><BR>[Stack]<UL><LI>Max Depth = 48<LI>Call Chain = _XorPixel &rArr; _XY2PTR
</UL>
<BR>[Calls]<UL><LI><a href="#[e5]">&gt;&gt;</a>&nbsp;&nbsp;&nbsp;GUI_ALLOC_UnlockH
<LI><a href="#[e4]">&gt;&gt;</a>&nbsp;&nbsp;&nbsp;GUI_ALLOC_LockH
<LI><a href="#[19b]">&gt;&gt;</a>&nbsp;&nbsp;&nbsp;_XY2PTR
</UL>
<BR>[Address Reference Count : 1]<UL><LI> guidev_16.o(.constdata)
</UL>
<P><STRONG><a name="[189]"></a>_DesktopHandle2Index</STRONG> (Thumb, 28 bytes, Stack size 0 bytes, wm.o(i._DesktopHandle2Index))
<BR><BR>[Called By]<UL><LI><a href="#[18d]">&gt;&gt;</a>&nbsp;&nbsp;&nbsp;WM__GetTopLevelLayer
<LI><a href="#[180]">&gt;&gt;</a>&nbsp;&nbsp;&nbsp;WM__ClipAtParentBorders
<LI><a href="#[61]">&gt;&gt;</a>&nbsp;&nbsp;&nbsp;cbBackWin
</UL>

<P><STRONG><a name="[18c]"></a>_FindNext_IVR</STRONG> (Thumb, 318 bytes, Stack size 32 bytes, wm.o(i._FindNext_IVR))
<BR><BR>[Stack]<UL><LI>Max Depth = 80<LI>Call Chain = _FindNext_IVR &rArr; _Findy1 &rArr;  _Findy1 (Cycle)
</UL>
<BR>[Calls]<UL><LI><a href="#[ec]">&gt;&gt;</a>&nbsp;&nbsp;&nbsp;GUI_ALLOC_h2p
<LI><a href="#[e5]">&gt;&gt;</a>&nbsp;&nbsp;&nbsp;GUI_ALLOC_UnlockH
<LI><a href="#[e4]">&gt;&gt;</a>&nbsp;&nbsp;&nbsp;GUI_ALLOC_LockH
<LI><a href="#[1a2]">&gt;&gt;</a>&nbsp;&nbsp;&nbsp;_Findy1
<LI><a href="#[1a4]">&gt;&gt;</a>&nbsp;&nbsp;&nbsp;_Findx1
<LI><a href="#[1a3]">&gt;&gt;</a>&nbsp;&nbsp;&nbsp;_Findx0
</UL>
<BR>[Called By]<UL><LI><a href="#[f1]">&gt;&gt;</a>&nbsp;&nbsp;&nbsp;WM__GetNextIVR
</UL>

<P><STRONG><a name="[1a3]"></a>_Findx0</STRONG> (Thumb, 124 bytes, Stack size 32 bytes, wm.o(i._Findx0))
<BR><BR>[Stack]<UL><LI>Max Depth = 48 + In Cycle
<LI>Call Chain = _Findx0 &rArr;  _Findx0 (Cycle)
</UL>
<BR>[Calls]<UL><LI><a href="#[ec]">&gt;&gt;</a>&nbsp;&nbsp;&nbsp;GUI_ALLOC_h2p
<LI><a href="#[e5]">&gt;&gt;</a>&nbsp;&nbsp;&nbsp;GUI_ALLOC_UnlockH
<LI><a href="#[e4]">&gt;&gt;</a>&nbsp;&nbsp;&nbsp;GUI_ALLOC_LockH
<LI><a href="#[158]">&gt;&gt;</a>&nbsp;&nbsp;&nbsp;GUI__IntersectRects
<LI><a href="#[195]">&gt;&gt;</a>&nbsp;&nbsp;&nbsp;GUI_RectsIntersect
<LI><a href="#[1a3]">&gt;&gt;</a>&nbsp;&nbsp;&nbsp;_Findx0
</UL>
<BR>[Called By]<UL><LI><a href="#[1a3]">&gt;&gt;</a>&nbsp;&nbsp;&nbsp;_Findx0
<LI><a href="#[18c]">&gt;&gt;</a>&nbsp;&nbsp;&nbsp;_FindNext_IVR
</UL>

<P><STRONG><a name="[1a4]"></a>_Findx1</STRONG> (Thumb, 114 bytes, Stack size 32 bytes, wm.o(i._Findx1))
<BR><BR>[Stack]<UL><LI>Max Depth = 48 + In Cycle
<LI>Call Chain = _Findx1 &rArr;  _Findx1 (Cycle)
</UL>
<BR>[Calls]<UL><LI><a href="#[ec]">&gt;&gt;</a>&nbsp;&nbsp;&nbsp;GUI_ALLOC_h2p
<LI><a href="#[e5]">&gt;&gt;</a>&nbsp;&nbsp;&nbsp;GUI_ALLOC_UnlockH
<LI><a href="#[e4]">&gt;&gt;</a>&nbsp;&nbsp;&nbsp;GUI_ALLOC_LockH
<LI><a href="#[158]">&gt;&gt;</a>&nbsp;&nbsp;&nbsp;GUI__IntersectRects
<LI><a href="#[195]">&gt;&gt;</a>&nbsp;&nbsp;&nbsp;GUI_RectsIntersect
<LI><a href="#[1a4]">&gt;&gt;</a>&nbsp;&nbsp;&nbsp;_Findx1
</UL>
<BR>[Called By]<UL><LI><a href="#[1a4]">&gt;&gt;</a>&nbsp;&nbsp;&nbsp;_Findx1
<LI><a href="#[18c]">&gt;&gt;</a>&nbsp;&nbsp;&nbsp;_FindNext_IVR
</UL>

<P><STRONG><a name="[1a2]"></a>_Findy1</STRONG> (Thumb, 162 bytes, Stack size 32 bytes, wm.o(i._Findy1))
<BR><BR>[Stack]<UL><LI>Max Depth = 48 + In Cycle
<LI>Call Chain = _Findy1 &rArr;  _Findy1 (Cycle)
</UL>
<BR>[Calls]<UL><LI><a href="#[ec]">&gt;&gt;</a>&nbsp;&nbsp;&nbsp;GUI_ALLOC_h2p
<LI><a href="#[e5]">&gt;&gt;</a>&nbsp;&nbsp;&nbsp;GUI_ALLOC_UnlockH
<LI><a href="#[e4]">&gt;&gt;</a>&nbsp;&nbsp;&nbsp;GUI_ALLOC_LockH
<LI><a href="#[158]">&gt;&gt;</a>&nbsp;&nbsp;&nbsp;GUI__IntersectRects
<LI><a href="#[195]">&gt;&gt;</a>&nbsp;&nbsp;&nbsp;GUI_RectsIntersect
<LI><a href="#[1a2]">&gt;&gt;</a>&nbsp;&nbsp;&nbsp;_Findy1
</UL>
<BR>[Called By]<UL><LI><a href="#[1a2]">&gt;&gt;</a>&nbsp;&nbsp;&nbsp;_Findy1
<LI><a href="#[18c]">&gt;&gt;</a>&nbsp;&nbsp;&nbsp;_FindNext_IVR
</UL>

<P><STRONG><a name="[183]"></a>_Invalidate1Abs</STRONG> (Thumb, 122 bytes, Stack size 32 bytes, wm.o(i._Invalidate1Abs))
<BR><BR>[Stack]<UL><LI>Max Depth = 48<LI>Call Chain = _Invalidate1Abs &rArr; GUI__IntersectRects
</UL>
<BR>[Calls]<UL><LI><a href="#[ec]">&gt;&gt;</a>&nbsp;&nbsp;&nbsp;GUI_ALLOC_h2p
<LI><a href="#[e5]">&gt;&gt;</a>&nbsp;&nbsp;&nbsp;GUI_ALLOC_UnlockH
<LI><a href="#[e4]">&gt;&gt;</a>&nbsp;&nbsp;&nbsp;GUI_ALLOC_LockH
<LI><a href="#[158]">&gt;&gt;</a>&nbsp;&nbsp;&nbsp;GUI__IntersectRects
<LI><a href="#[11d]">&gt;&gt;</a>&nbsp;&nbsp;&nbsp;GUI_SignalEvent
<LI><a href="#[1a8]">&gt;&gt;</a>&nbsp;&nbsp;&nbsp;GUI_MergeRect
<LI><a href="#[1a7]">&gt;&gt;</a>&nbsp;&nbsp;&nbsp;WM__RectIsNZ
</UL>
<BR>[Called By]<UL><LI><a href="#[18e]">&gt;&gt;</a>&nbsp;&nbsp;&nbsp;WM__InvalidateRect
<LI><a href="#[181]">&gt;&gt;</a>&nbsp;&nbsp;&nbsp;WM__Invalidate1Abs
<LI><a href="#[182]">&gt;&gt;</a>&nbsp;&nbsp;&nbsp;WM_InvalidateWindowAndDescsEx
</UL>

<P><STRONG><a name="[62]"></a>_OnExit</STRONG> (Thumb, 48 bytes, Stack size 8 bytes, wm.o(i._OnExit))
<BR><BR>[Stack]<UL><LI>Max Depth = 8<LI>Call Chain = _OnExit
</UL>
<BR>[Address Reference Count : 1]<UL><LI> wm.o(i.WM_Init)
</UL>
<P><STRONG><a name="[187]"></a>_SetClipRectUserIntersect</STRONG> (Thumb, 68 bytes, Stack size 24 bytes, wm.o(i._SetClipRectUserIntersect))
<BR><BR>[Stack]<UL><LI>Max Depth = 64<LI>Call Chain = _SetClipRectUserIntersect &rArr; LCD_SetClipRectEx &rArr; GUI__IntersectRects
</UL>
<BR>[Calls]<UL><LI><a href="#[e5]">&gt;&gt;</a>&nbsp;&nbsp;&nbsp;GUI_ALLOC_UnlockH
<LI><a href="#[e4]">&gt;&gt;</a>&nbsp;&nbsp;&nbsp;GUI_ALLOC_LockH
<LI><a href="#[157]">&gt;&gt;</a>&nbsp;&nbsp;&nbsp;LCD_SetClipRectEx
<LI><a href="#[17f]">&gt;&gt;</a>&nbsp;&nbsp;&nbsp;GUI__IntersectRect
<LI><a href="#[17e]">&gt;&gt;</a>&nbsp;&nbsp;&nbsp;WM__Client2Screen
</UL>
<BR>[Called By]<UL><LI><a href="#[186]">&gt;&gt;</a>&nbsp;&nbsp;&nbsp;WM__ActivateClipRect
</UL>

<P><STRONG><a name="[61]"></a>cbBackWin</STRONG> (Thumb, 74 bytes, Stack size 8 bytes, wm.o(i.cbBackWin))
<BR><BR>[Stack]<UL><LI>Max Depth = 176<LI>Call Chain = cbBackWin &rArr; WM_DefaultProc &rArr; WM_InvalidateWindow &rArr; WM_InvalidateRect &rArr; WM__InvalidateRectEx &rArr; WM__InvalidateRect &rArr;  WM__InvalidateRect (Cycle)
</UL>
<BR>[Calls]<UL><LI><a href="#[119]">&gt;&gt;</a>&nbsp;&nbsp;&nbsp;GUI_SetBkColor
<LI><a href="#[ed]">&gt;&gt;</a>&nbsp;&nbsp;&nbsp;GUI_Clear
<LI><a href="#[11c]">&gt;&gt;</a>&nbsp;&nbsp;&nbsp;GUI_StoreKey
<LI><a href="#[177]">&gt;&gt;</a>&nbsp;&nbsp;&nbsp;WM_DefaultProc
<LI><a href="#[189]">&gt;&gt;</a>&nbsp;&nbsp;&nbsp;_DesktopHandle2Index
</UL>
<BR>[Address Reference Count : 1]<UL><LI> wm.o(i.WM_Init)
</UL>
<P><STRONG><a name="[123]"></a>_DispLine</STRONG> (Thumb, 104 bytes, Stack size 32 bytes, gui_charline.o(i._DispLine))
<BR><BR>[Stack]<UL><LI>Max Depth = 56<LI>Call Chain = _DispLine &rArr; GUI_UC__GetCharCodeInc
</UL>
<BR>[Calls]<UL><LI><a href="#[124]">&gt;&gt;</a>&nbsp;&nbsp;&nbsp;GUI_UC__GetCharCodeInc
<LI><a href="#[128]">&gt;&gt;</a>&nbsp;&nbsp;&nbsp;GUI__ManageCache
<LI><a href="#[195]">&gt;&gt;</a>&nbsp;&nbsp;&nbsp;GUI_RectsIntersect
</UL>
<BR>[Called By]<UL><LI><a href="#[fe]">&gt;&gt;</a>&nbsp;&nbsp;&nbsp;GUI__DispLine
</UL>

<P><STRONG><a name="[b9]"></a>_Log2VisBuffered</STRONG> (Thumb, 2 bytes, Stack size 0 bytes, gui_charline.o(i._Log2VisBuffered))
<BR>[Address Reference Count : 1]<UL><LI> gui_charline.o(.data)
</UL>
<P><STRONG><a name="[b5]"></a>_Color2Index_0</STRONG> (Thumb, 84 bytes, Stack size 32 bytes, guicc_0.o(i._Color2Index_0))
<BR><BR>[Stack]<UL><LI>Max Depth = 48<LI>Call Chain = _Color2Index_0 &rArr; LCD_GetNumColors &rArr; _GetDevProp
</UL>
<BR>[Calls]<UL><LI><a href="#[14f]">&gt;&gt;</a>&nbsp;&nbsp;&nbsp;LCD_GetPalette
<LI><a href="#[14c]">&gt;&gt;</a>&nbsp;&nbsp;&nbsp;LCD_GetNumColors
<LI><a href="#[192]">&gt;&gt;</a>&nbsp;&nbsp;&nbsp;GUI_CalcColorDist
</UL>
<BR>[Address Reference Count : 1]<UL><LI> guicc_0.o(.constdata)
</UL>
<P><STRONG><a name="[b7]"></a>_GetIndexMask_0</STRONG> (Thumb, 82 bytes, Stack size 8 bytes, guicc_0.o(i._GetIndexMask_0))
<BR><BR>[Stack]<UL><LI>Max Depth = 24<LI>Call Chain = _GetIndexMask_0 &rArr; LCD_GetNumColors &rArr; _GetDevProp
</UL>
<BR>[Calls]<UL><LI><a href="#[14c]">&gt;&gt;</a>&nbsp;&nbsp;&nbsp;LCD_GetNumColors
</UL>
<BR>[Address Reference Count : 1]<UL><LI> guicc_0.o(.constdata)
</UL>
<P><STRONG><a name="[b6]"></a>_Index2Color_0</STRONG> (Thumb, 32 bytes, Stack size 16 bytes, guicc_0.o(i._Index2Color_0))
<BR><BR>[Stack]<UL><LI>Max Depth = 32<LI>Call Chain = _Index2Color_0 &rArr; LCD_GetNumColors &rArr; _GetDevProp
</UL>
<BR>[Calls]<UL><LI><a href="#[14f]">&gt;&gt;</a>&nbsp;&nbsp;&nbsp;LCD_GetPalette
<LI><a href="#[14c]">&gt;&gt;</a>&nbsp;&nbsp;&nbsp;LCD_GetNumColors
</UL>
<BR>[Address Reference Count : 1]<UL><LI> guicc_0.o(.constdata)
</UL>
<P><STRONG><a name="[14b]"></a>_GetDevProp</STRONG> (Thumb, 30 bytes, Stack size 16 bytes, lcd_getex.o(i._GetDevProp))
<BR><BR>[Stack]<UL><LI>Max Depth = 16<LI>Call Chain = _GetDevProp
</UL>
<BR>[Calls]<UL><LI><a href="#[12a]">&gt;&gt;</a>&nbsp;&nbsp;&nbsp;GUI_DEVICE__GetpDriver
</UL>
<BR>[Called By]<UL><LI><a href="#[14c]">&gt;&gt;</a>&nbsp;&nbsp;&nbsp;LCD_GetNumColors
<LI><a href="#[14d]">&gt;&gt;</a>&nbsp;&nbsp;&nbsp;LCD_GetNumColorsEx
<LI><a href="#[14a]">&gt;&gt;</a>&nbsp;&nbsp;&nbsp;LCD_GetBitsPerPixelEx
</UL>

<P><STRONG><a name="[193]"></a>_Convert16</STRONG> (Thumb, 62 bytes, Stack size 40 bytes, guidev_writetoactiveopaque.o(i._Convert16))
<BR><BR>[Stack]<UL><LI>Max Depth = 48<LI>Call Chain = _Convert16 &rArr; GUI__CompactPixelIndices
</UL>
<BR>[Calls]<UL><LI><a href="#[194]">&gt;&gt;</a>&nbsp;&nbsp;&nbsp;GUI__CompactPixelIndices
</UL>
<BR>[Called By]<UL><LI><a href="#[113]">&gt;&gt;</a>&nbsp;&nbsp;&nbsp;_WriteToActiveOpaque_8
</UL>

<P><STRONG><a name="[113]"></a>_WriteToActiveOpaque_8</STRONG> (Thumb, 806 bytes, Stack size 160 bytes, guidev_writetoactiveopaque.o(i._WriteToActiveOpaque_8))
<BR><BR>[Stack]<UL><LI>Max Depth = 280<LI>Call Chain = _WriteToActiveOpaque_8 &rArr; LCD__DrawBitmap_1bpp &rArr; LCD_FillRect
</UL>
<BR>[Calls]<UL><LI><a href="#[db]">&gt;&gt;</a>&nbsp;&nbsp;&nbsp;LCD_DrawBitmap
<LI><a href="#[e5]">&gt;&gt;</a>&nbsp;&nbsp;&nbsp;GUI_ALLOC_UnlockH
<LI><a href="#[e4]">&gt;&gt;</a>&nbsp;&nbsp;&nbsp;GUI_ALLOC_LockH
<LI><a href="#[e6]">&gt;&gt;</a>&nbsp;&nbsp;&nbsp;GUI_ALLOC_Free
<LI><a href="#[e1]">&gt;&gt;</a>&nbsp;&nbsp;&nbsp;GUI_ALLOC_AllocNoInit
<LI><a href="#[160]">&gt;&gt;</a>&nbsp;&nbsp;&nbsp;LCD__DrawBitmap_1bpp
<LI><a href="#[193]">&gt;&gt;</a>&nbsp;&nbsp;&nbsp;_Convert16
<LI><a href="#[112]">&gt;&gt;</a>&nbsp;&nbsp;&nbsp;GUI_MEMDEV_GetDataPtr
<LI><a href="#[1ab]">&gt;&gt;</a>&nbsp;&nbsp;&nbsp;GUI_GetpfIndex2ColorEx
<LI><a href="#[1ac]">&gt;&gt;</a>&nbsp;&nbsp;&nbsp;GUI_GetpfColor2IndexEx
<LI><a href="#[1aa]">&gt;&gt;</a>&nbsp;&nbsp;&nbsp;GUI_GetBitsPerPixelEx
</UL>
<BR>[Called By]<UL><LI><a href="#[68]">&gt;&gt;</a>&nbsp;&nbsp;&nbsp;GUI_MEMDEV__WriteToActiveOpaque
</UL>

<P><STRONG><a name="[114]"></a>_WriteToActiveOpaque_HT</STRONG> (Thumb, 752 bytes, Stack size 104 bytes, guidev_writetoactiveopaque.o(i._WriteToActiveOpaque_HT))
<BR><BR>[Stack]<UL><LI>Max Depth = 208<LI>Call Chain = _WriteToActiveOpaque_HT &rArr; LCD_DrawBitmap &rArr; LCD_FillRect
</UL>
<BR>[Calls]<UL><LI><a href="#[db]">&gt;&gt;</a>&nbsp;&nbsp;&nbsp;LCD_DrawBitmap
<LI><a href="#[e5]">&gt;&gt;</a>&nbsp;&nbsp;&nbsp;GUI_ALLOC_UnlockH
<LI><a href="#[e4]">&gt;&gt;</a>&nbsp;&nbsp;&nbsp;GUI_ALLOC_LockH
<LI><a href="#[e6]">&gt;&gt;</a>&nbsp;&nbsp;&nbsp;GUI_ALLOC_Free
<LI><a href="#[e1]">&gt;&gt;</a>&nbsp;&nbsp;&nbsp;GUI_ALLOC_AllocNoInit
<LI><a href="#[1aa]">&gt;&gt;</a>&nbsp;&nbsp;&nbsp;GUI_GetBitsPerPixelEx
</UL>
<BR>[Called By]<UL><LI><a href="#[68]">&gt;&gt;</a>&nbsp;&nbsp;&nbsp;GUI_MEMDEV__WriteToActiveOpaque
</UL>
<P>
<H3>
Undefined Global Symbols
</H3><HR></body></html>
