<html>
<body>
<pre>
<h1>µVision Build Log</h1>
<h2>Tool Versions:</h2>
IDE-Version: ¦ÌVision V5.21.0.0
Copyright (C) 2016 ARM Ltd and ARM Germany GmbH. All rights reserved.
License Information: Lumia Microsoft, Microsoft, LIC=KRMFW-Q3UFD-Y64QX-H8FXG-TC5LU-4UJ4K
 
Tool Versions:
Toolchain:       MDK-ARM Plus  Version: 5.21
Toolchain Path:  C:\My Softwares\MDK_520\ARM\ARMCC\Bin
C Compiler:      Armcc.exe V5.06 update 3 (build 300)
Assembler:       Armasm.exe V5.06 update 3 (build 300)
Linker/Locator:  ArmLink.exe V5.06 update 3 (build 300)
Library Manager: ArmAr.exe V5.06 update 3 (build 300)
Hex Converter:   FromElf.exe V5.06 update 3 (build 300)
CPU DLL:         SARMCM3.DLL V5.21
Dialog DLL:      DCM.DLL V1.13.8.0
Target DLL:      Segger\JL2CM3.dll V2.99.23.0
Dialog DLL:      TCM.DLL V1.14.14.0
 
<h2>Project:</h2>
F:\MDK_STM32\MDK_Template\TemplateV1.0_Cube_bare\cube_prj\MDK-ARM\cube_prj.uvprojx
Project File Date:  08/13/2016

<h2>Output:</h2>
*** Using Compiler 'V5.06 update 3 (build 300)', folder: 'C:\My Softwares\MDK_520\ARM\ARMCC\Bin'
Rebuild target 'cube_prj'
assembling startup_stm32f107xc.s...
compiling stm32f1xx_hal_flash.c...
compiling stm32f1xx_hal_tim_ex.c...
compiling system_stm32f1xx.c...
compiling stm32f1xx_hal_flash_ex.c...
compiling stm32f1xx_hal_gpio.c...
compiling stm32f1xx_hal_rcc.c...
compiling stm32f1xx_hal.c...
compiling stm32f1xx_hal_tim.c...
compiling stm32f1xx_hal_rcc_ex.c...
compiling stm32f1xx_hal_cortex.c...
compiling stm32f1xx_hal_pwr.c...
compiling stm32f1xx_hal_dma.c...
compiling gpio.c...
compiling stm32f1xx_hal_crc.c...
compiling stm32f1xx_hal_uart.c...
compiling stm32f1xx_hal_msp.c...
compiling stm32f1xx_it.c...
compiling main.c...
compiling dma.c...
compiling crc.c...
compiling usart.c...
compiling key.c...
compiling led.c...
compiling lcd_ssd1289.c...
compiling tim_dup.c...
compiling exti_dup.c...
compiling uart_dup.c...
compiling GUIConf.c...
compiling GUI_X.c...
compiling YaHei28.c...
compiling LCDConf_FlexColor_Template.c...
linking...
Program Size: Code=36640 RO-data=4208 RW-data=268 ZI-data=51196  
FromELF: creating hex file...
"cube_prj\cube_prj.axf" - 0 Error(s), 0 Warning(s).

<h2>Software Packages used:</h2>

Package Vendor: ARM
                http://www.keil.com/pack/ARM.CMSIS.5.0.0-Beta4.pack
                ARM::CMSIS:CORE:5.0.0
                CMSIS (Cortex Microcontroller Software Interface Standard)
   * Component: CORE Version: 5.0.0

<h2>Collection of Component include folders:</h2>
  F:\MDK_STM32\MDK_Template\TemplateV1.0_Cube_bare\cube_prj\MDK-ARM\RTE
  C:\My Softwares\MDK_520\ARM\PACK\ARM\CMSIS\5.0.0-Beta4\CMSIS\Include
  C:\My Softwares\MDK_520\ARM\PACK\Keil\STM32F1xx_DFP\2.1.0\Device\Include

<h2>Collection of Component Files used:</h2>

   * Component: ARM::CMSIS:CORE:5.0.0
Build Time Elapsed:  00:00:15
</pre>
</body>
</html>
