<html>
<body>
<pre>
<h1>µVision Build Log</h1>
<h2>Tool Versions:</h2>
IDE-Version: ¦ÌVision V5.21.0.0
Copyright (C) 2016 ARM Ltd and ARM Germany GmbH. All rights reserved.
License Information: Lumia Microsoft, Microsoft, LIC=KRMFW-Q3UFD-Y64QX-H8FXG-TC5LU-4UJ4K
 
Tool Versions:
Toolchain:       MDK-ARM Plus  Version: 5.21
Toolchain Path:  C:\My Softwares\MDK_520\ARM\ARMCC\Bin
C Compiler:      Armcc.exe V5.06 update 3 (build 300)
Assembler:       Armasm.exe V5.06 update 3 (build 300)
Linker/Locator:  ArmLink.exe V5.06 update 3 (build 300)
Library Manager: ArmAr.exe V5.06 update 3 (build 300)
Hex Converter:   FromElf.exe V5.06 update 3 (build 300)
CPU DLL:         SARMCM3.DLL V5.21
Dialog DLL:      DARMSTM.DLL V1.66.0.1
Target DLL:      Segger\JL2CM3.dll V2.99.23.0
Dialog DLL:      TARMSTM.DLL V1.65.0.0
 
<h2>Project:</h2>
F:\MDK_STM32\MDK_Template\TemplateV1.0_bare\Projects\project.uvprojx
Project File Date:  08/30/2016

<h2>Output:</h2>
*** Using Compiler 'V5.06 update 3 (build 300)', folder: 'C:\My Softwares\MDK_520\ARM\ARMCC\Bin'
Rebuild target 'Template'
assembling startup_stm32f10x_md.s...
compiling misc.c...
compiling core_cm3.c...
compiling stm32f10x_adc.c...
compiling stm32f10x_exti.c...
compiling stm32f10x_dma.c...
compiling stm32f10x_gpio.c...
compiling stm32f10x_rcc.c...
compiling stm32f10x_rtc.c...
compiling stm32f10x_spi.c...
compiling stm32f10x_tim.c...
compiling stm32f10x_usart.c...
compiling main.c...
compiling stm32f10x_it.c...
compiling system_stm32f10x.c...
compiling digitron.c...
compiling key.c...
compiling led.c...
compiling delay.c...
compiling rcc_config.c...
compiling exti_dup.c...
compiling nvic_config.c...
compiling tim_dup.c...
linking...
Program Size: Code=1024 RO-data=340 RW-data=8 ZI-data=1632  
FromELF: creating hex file...
".\Objects\project.axf" - 0 Error(s), 0 Warning(s).

<h2>Collection of Component include folders:</h2>
  F:\MDK_STM32\MDK_Template\TemplateV1.0_bare\Projects\RTE
  C:\My Softwares\MDK_520\ARM\PACK\Keil\STM32F1xx_DFP\2.1.0\Device\Include

<h2>Collection of Component Files used:</h2>
Build Time Elapsed:  00:00:05
</pre>
</body>
</html>
