Component: ARM Compiler 5.06 update 4 (build 422) Tool: armlink [4d35d2]

==============================================================================

Section Cross References

    startup_stm32f107xc.o(RESET) refers to startup_stm32f107xc.o(STACK) for __initial_sp
    startup_stm32f107xc.o(RESET) refers to startup_stm32f107xc.o(.text) for Reset_Handler
    startup_stm32f107xc.o(RESET) refers to stm32f1xx_it.o(i.SysTick_Handler) for SysTick_Handler
    startup_stm32f107xc.o(RESET) refers to stm32f1xx_it.o(i.DMA1_Channel4_IRQHandler) for DMA1_Channel4_IRQHandler
    startup_stm32f107xc.o(RESET) refers to stm32f1xx_it.o(i.DMA1_Channel5_IRQHandler) for DMA1_Channel5_IRQHandler
    startup_stm32f107xc.o(RESET) refers to stm32f1xx_it.o(i.USART1_IRQHandler) for USART1_IRQHandler
    startup_stm32f107xc.o(.text) refers to system_stm32f1xx.o(i.SystemInit) for SystemInit
    startup_stm32f107xc.o(.text) refers to entry.o(.ARM.Collect$$$$00000000) for __main
    system_stm32f1xx.o(i.SystemCoreClockUpdate) refers to system_stm32f1xx.o(.data) for SystemCoreClock
    system_stm32f1xx.o(i.SystemCoreClockUpdate) refers to system_stm32f1xx.o(.constdata) for AHBPrescTable
    stm32f1xx_hal_flash.o(i.FLASH_Program_HalfWord) refers to stm32f1xx_hal_flash.o(.bss) for pFlash
    stm32f1xx_hal_flash.o(i.FLASH_SetErrorCode) refers to stm32f1xx_hal_flash.o(.bss) for pFlash
    stm32f1xx_hal_flash.o(i.FLASH_WaitForLastOperation) refers to stm32f1xx_hal.o(i.HAL_GetTick) for HAL_GetTick
    stm32f1xx_hal_flash.o(i.FLASH_WaitForLastOperation) refers to stm32f1xx_hal_flash.o(i.FLASH_SetErrorCode) for FLASH_SetErrorCode
    stm32f1xx_hal_flash.o(i.HAL_FLASH_GetError) refers to stm32f1xx_hal_flash.o(.bss) for pFlash
    stm32f1xx_hal_flash.o(i.HAL_FLASH_IRQHandler) refers to stm32f1xx_hal_flash.o(i.FLASH_SetErrorCode) for FLASH_SetErrorCode
    stm32f1xx_hal_flash.o(i.HAL_FLASH_IRQHandler) refers to stm32f1xx_hal_flash.o(i.HAL_FLASH_OperationErrorCallback) for HAL_FLASH_OperationErrorCallback
    stm32f1xx_hal_flash.o(i.HAL_FLASH_IRQHandler) refers to stm32f1xx_hal_flash.o(i.HAL_FLASH_EndOfOperationCallback) for HAL_FLASH_EndOfOperationCallback
    stm32f1xx_hal_flash.o(i.HAL_FLASH_IRQHandler) refers to stm32f1xx_hal_flash_ex.o(i.FLASH_PageErase) for FLASH_PageErase
    stm32f1xx_hal_flash.o(i.HAL_FLASH_IRQHandler) refers to stm32f1xx_hal_flash.o(i.FLASH_Program_HalfWord) for FLASH_Program_HalfWord
    stm32f1xx_hal_flash.o(i.HAL_FLASH_IRQHandler) refers to stm32f1xx_hal_flash.o(.bss) for pFlash
    stm32f1xx_hal_flash.o(i.HAL_FLASH_OB_Launch) refers to stm32f1xx_hal_cortex.o(i.HAL_NVIC_SystemReset) for HAL_NVIC_SystemReset
    stm32f1xx_hal_flash.o(i.HAL_FLASH_Program) refers to stm32f1xx_hal_flash.o(i.FLASH_WaitForLastOperation) for FLASH_WaitForLastOperation
    stm32f1xx_hal_flash.o(i.HAL_FLASH_Program) refers to llushr.o(.text) for __aeabi_llsr
    stm32f1xx_hal_flash.o(i.HAL_FLASH_Program) refers to stm32f1xx_hal_flash.o(i.FLASH_Program_HalfWord) for FLASH_Program_HalfWord
    stm32f1xx_hal_flash.o(i.HAL_FLASH_Program) refers to stm32f1xx_hal_flash.o(.bss) for pFlash
    stm32f1xx_hal_flash.o(i.HAL_FLASH_Program_IT) refers to stm32f1xx_hal_flash.o(i.FLASH_Program_HalfWord) for FLASH_Program_HalfWord
    stm32f1xx_hal_flash.o(i.HAL_FLASH_Program_IT) refers to stm32f1xx_hal_flash.o(.bss) for pFlash
    stm32f1xx_hal_rcc.o(i.HAL_RCC_ClockConfig) refers to stm32f1xx_hal.o(i.HAL_GetTick) for HAL_GetTick
    stm32f1xx_hal_rcc.o(i.HAL_RCC_ClockConfig) refers to stm32f1xx_hal.o(i.HAL_InitTick) for HAL_InitTick
    stm32f1xx_hal_rcc.o(i.HAL_RCC_GetHCLKFreq) refers to stm32f1xx_hal_rcc.o(i.HAL_RCC_GetSysClockFreq) for HAL_RCC_GetSysClockFreq
    stm32f1xx_hal_rcc.o(i.HAL_RCC_GetHCLKFreq) refers to stm32f1xx_hal_rcc.o(.constdata) for aAPBAHBPrescTable
    stm32f1xx_hal_rcc.o(i.HAL_RCC_GetHCLKFreq) refers to system_stm32f1xx.o(.data) for SystemCoreClock
    stm32f1xx_hal_rcc.o(i.HAL_RCC_GetPCLK1Freq) refers to stm32f1xx_hal_rcc.o(i.HAL_RCC_GetHCLKFreq) for HAL_RCC_GetHCLKFreq
    stm32f1xx_hal_rcc.o(i.HAL_RCC_GetPCLK1Freq) refers to stm32f1xx_hal_rcc.o(.constdata) for aAPBAHBPrescTable
    stm32f1xx_hal_rcc.o(i.HAL_RCC_GetPCLK2Freq) refers to stm32f1xx_hal_rcc.o(i.HAL_RCC_GetHCLKFreq) for HAL_RCC_GetHCLKFreq
    stm32f1xx_hal_rcc.o(i.HAL_RCC_GetPCLK2Freq) refers to stm32f1xx_hal_rcc.o(.constdata) for aAPBAHBPrescTable
    stm32f1xx_hal_rcc.o(i.HAL_RCC_MCOConfig) refers to stm32f1xx_hal_gpio.o(i.HAL_GPIO_Init) for HAL_GPIO_Init
    stm32f1xx_hal_rcc.o(i.HAL_RCC_NMI_IRQHandler) refers to stm32f1xx_hal_rcc.o(i.HAL_RCC_CSSCallback) for HAL_RCC_CSSCallback
    stm32f1xx_hal_rcc.o(i.HAL_RCC_OscConfig) refers to stm32f1xx_hal.o(i.HAL_GetTick) for HAL_GetTick
    stm32f1xx_hal_rcc.o(i.HAL_RCC_OscConfig) refers to stm32f1xx_hal.o(i.HAL_Delay) for HAL_Delay
    stm32f1xx_hal_flash_ex.o(i.FLASH_MassErase) refers to stm32f1xx_hal_flash.o(.bss) for pFlash
[...]
    Removing guidev_16.o(.constdata), (116 bytes).
    Removing wm.o(i.WM_Activate), (16 bytes).
    Removing wm.o(i.WM_CreateWindow), (30 bytes).
    Removing wm.o(i.WM_CreateWindowAsChild), (332 bytes).
    Removing wm.o(i.WM_Deactivate), (20 bytes).
    Removing wm.o(i.WM_DefaultProc), (70 bytes).
    Removing wm.o(i.WM_DeleteWindow), (200 bytes).
    Removing wm.o(i.WM_Exec), (112 bytes).
    Removing wm.o(i.WM_GetActiveWindow), (12 bytes).
    Removing wm.o(i.WM_Init), (212 bytes).
    Removing wm.o(i.WM_InvalidateRect), (118 bytes).
    Removing wm.o(i.WM_InvalidateWindow), (6 bytes).
    Removing wm.o(i.WM_InvalidateWindowAndDescsEx), (94 bytes).
    Removing wm.o(i.WM_SelectWindow), (60 bytes).
    Removing wm.o(i.WM_SendMessage), (10 bytes).
    Removing wm.o(i.WM_SetDefault), (20 bytes).
    Removing wm.o(i.WM__ActivateClipRect), (72 bytes).
    Removing wm.o(i.WM__Client2Screen), (16 bytes).
    Removing wm.o(i.WM__ClipAtParentBorders), (78 bytes).
    Removing wm.o(i.WM__DeleteSecure), (28 bytes).
    Removing wm.o(i.WM__DetachWindow), (40 bytes).
    Removing wm.o(i.WM__GetClientRectWin), (24 bytes).
    Removing wm.o(i.WM__GetNextIVR), (64 bytes).
    Removing wm.o(i.WM__GetTopLevelLayer), (24 bytes).
    Removing wm.o(i.WM__InitIVRSearch), (240 bytes).
    Removing wm.o(i.WM__InsertWindowIntoList), (164 bytes).
    Removing wm.o(i.WM__Invalidate1Abs), (6 bytes).
    Removing wm.o(i.WM__InvalidateDrawAndDescs), (70 bytes).
    Removing wm.o(i.WM__InvalidateParent), (42 bytes).
    Removing wm.o(i.WM__InvalidateRect), (118 bytes).
    Removing wm.o(i.WM__InvalidateRectEx), (6 bytes).
    Removing wm.o(i.WM__IsWindow), (36 bytes).
    Removing wm.o(i.WM__Paint), (160 bytes).
    Removing wm.o(i.WM__Paint1), (144 bytes).
    Removing wm.o(i.WM__PaintWinAndOverlays), (120 bytes).
    Removing wm.o(i.WM__RectIsNZ), (32 bytes).
    Removing wm.o(i.WM__RemoveFromLinList), (48 bytes).
    Removing wm.o(i.WM__RemoveWindowFromList), (64 bytes).
    Removing wm.o(i.WM__SelectTopLevelLayer), (20 bytes).
    Removing wm.o(i.WM__SendMsgNoData), (14 bytes).
    Removing wm.o(i._DeleteAllChildren), (18 bytes).
    Removing wm.o(i._DesktopHandle2Index), (32 bytes).
    Removing wm.o(i._DrawNext), (92 bytes).
    Removing wm.o(i._Exec1Input), (112 bytes).
    Removing wm.o(i._FindNext_IVR), (328 bytes).
    Removing wm.o(i._Findx0), (124 bytes).
    Removing wm.o(i._Findx1), (114 bytes).
    Removing wm.o(i._Findy1), (162 bytes).
    Removing wm.o(i._Invalidate1Abs), (128 bytes).
    Removing wm.o(i._OnExit), (52 bytes).
    Removing wm.o(i._Paint1), (36 bytes).
    Removing wm.o(i._Paint1Trans), (140 bytes).
    Removing wm.o(i._PaintTransChildren), (154 bytes).
    Removing wm.o(i._SetClipRectUserIntersect), (76 bytes).
    Removing wm.o(i._cbPaintMemDev), (68 bytes).
    Removing wm.o(i.cbBackWin), (80 bytes).
    Removing wm.o(.bss), (24 bytes).
    Removing wm.o(.data), (88 bytes).
    Removing wm.o(.data), (1 bytes).
    Removing wm_getdesktopwindow.o(i.WM_GetDesktopWindow), (24 bytes).
    Removing gui__intersectrect.o(i.GUI__IntersectRect), (58 bytes).
    Removing gui__intersectrects.o(i.GUI__IntersectRects), (82 bytes).
    Removing gui__managecache.o(i.GUI__ManageCache), (16 bytes).
    Removing gui__managecache.o(i.GUI__ManageCacheEx), (172 bytes).
    Removing gui__managecache.o(.data), (8 bytes).
    Removing gui_alloc_alloczero.o(i.GUI_ALLOC_AllocZero), (36 bytes).
    Removing gui_mergerect.o(i.GUI_MergeRect), (88 bytes).
    Removing gui_moverect.o(i.GUI_MoveRect), (30 bytes).
    Removing gui_onkey.o(i.GUI_ClearKeyBuffer), (28 bytes).
    Removing gui_onkey.o(i.GUI_GetKey), (16 bytes).
    Removing gui_onkey.o(i.GUI_GetKeyState), (24 bytes).
    Removing gui_onkey.o(i.GUI_PollKeyMsg), (44 bytes).
    Removing gui_onkey.o(i.GUI_SendKeyMsg), (28 bytes).
    Removing gui_onkey.o(i.GUI_StoreKey), (16 bytes).
    Removing gui_onkey.o(i.GUI_StoreKeyMsg), (36 bytes).
    Removing gui_onkey.o(i._IncPointer), (28 bytes).
    Removing gui_onkey.o(i._IncReadPointer), (6 bytes).
    Removing gui_onkey.o(.bss), (88 bytes).
    Removing gui_onkey.o(.data), (12 bytes).
    Removing gui_rectsintersect.o(i.GUI_RectsIntersect), (56 bytes).
    Removing gui_savecontext.o(i.GUI_RestoreContext), (16 bytes).
    Removing gui_savecontext.o(i.GUI_SaveContext_W), (16 bytes).
    Removing gui_selectlayer.o(i.GUI_AssignCursorLayer), (44 bytes).
    Removing gui_selectlayer.o(i.GUI_GetCursorLayer), (20 bytes).
    Removing gui_selectlayer.o(i.GUI_GetLayerPosEx), (22 bytes).
    Removing gui_selectlayer.o(i.GUI_SelectLayer), (36 bytes).
    Removing gui_selectlayer.o(i.GUI_SetLayerAlphaEx), (4 bytes).
    Removing gui_selectlayer.o(i.GUI_SetLayerPosEx), (4 bytes).
    Removing gui_selectlayer.o(i.GUI_SetLayerSizeEx), (4 bytes).
    Removing gui_selectlayer.o(i.GUI_SetLayerVisEx), (4 bytes).
    Removing gui_selectlayer.o(.data), (8 bytes).
    Removing gui_setdefault.o(i.GL_SetDefault), (64 bytes).
    Removing gui_setdefault.o(i.GUI_SetDefault), (4 bytes).
    Removing gui_waitevent.o(i.GUI_SetSignalEventFunc), (12 bytes).
    Removing gui_waitevent.o(i.GUI_SetWaitEventFunc), (12 bytes).
    Removing gui_waitevent.o(i.GUI_SetWaitEventTimedFunc), (12 bytes).
    Removing gui_waitevent.o(i.GUI_SignalEvent), (16 bytes).
    Removing gui_waitevent.o(i.GUI_WaitEvent), (56 bytes).
    Removing gui_waitevent.o(i._WaitEvent), (16 bytes).
    Removing gui_waitevent.o(.data), (12 bytes).
    Removing guicc_0.o(i.LCD_SetLUT), (16 bytes).
    Removing guicc_0.o(i.LCD_SetLUTEx), (34 bytes).
    Removing guicc_0.o(i._Color2Index_0), (84 bytes).
    Removing guicc_0.o(i._GetIndexMask_0), (82 bytes).
    Removing guicc_0.o(i._Index2Color_0), (32 bytes).
    Removing guicc_0.o(.constdata), (24 bytes).
    Removing lcd_getcolorindex.o(i.LCD_GetBkColorIndex), (16 bytes).
    Removing lcd_getcolorindex.o(i.LCD_GetColorIndex), (16 bytes).
    Removing lcd_getex.o(i.GUI_GetBitsPerPixelEx), (20 bytes).
    Removing lcd_getex.o(i.GUI_GetpfColor2IndexEx), (16 bytes).
    Removing lcd_getex.o(i.GUI_GetpfIndex2ColorEx), (16 bytes).
    Removing lcd_getex.o(i.LCD_GetBitsPerPixel), (16 bytes).
    Removing lcd_getex.o(i.LCD_GetBitsPerPixelEx), (6 bytes).
    Removing lcd_getex.o(i.LCD_GetBitsPerPixelMax), (6 bytes).
    Removing lcd_getex.o(i.LCD_GetDevFunc), (24 bytes).
    Removing lcd_getex.o(i.LCD_GetMirrorX), (16 bytes).
    Removing lcd_getex.o(i.LCD_GetMirrorXEx), (6 bytes).
    Removing lcd_getex.o(i.LCD_GetMirrorY), (16 bytes).
    Removing lcd_getex.o(i.LCD_GetMirrorYEx), (6 bytes).
    Removing lcd_getex.o(i.LCD_GetNumColors), (16 bytes).
    Removing lcd_getex.o(i.LCD_GetNumColorsEx), (6 bytes).
    Removing lcd_getex.o(i.LCD_GetPalette), (16 bytes).
    Removing lcd_getex.o(i.LCD_GetPaletteEx), (24 bytes).
    Removing lcd_getex.o(i.LCD_GetSwapXY), (16 bytes).
    Removing lcd_getex.o(i.LCD_GetSwapXYEx), (6 bytes).
    Removing lcd_getex.o(i.LCD_GetVXSize), (16 bytes).
    Removing lcd_getex.o(i.LCD_GetVXSizeEx), (6 bytes).
    Removing lcd_getex.o(i.LCD_GetVXSizeMax), (6 bytes).
    Removing lcd_getex.o(i.LCD_GetVYSize), (16 bytes).
    Removing lcd_getex.o(i.LCD_GetVYSizeEx), (6 bytes).
    Removing lcd_getex.o(i.LCD_GetVYSizeMax), (6 bytes).
    Removing lcd_getex.o(i.LCD_GetXMag), (16 bytes).
    Removing lcd_getex.o(i.LCD_GetXMagEx), (6 bytes).
    Removing lcd_getex.o(i.LCD_GetXSize), (16 bytes).
    Removing lcd_getex.o(i.LCD_GetXSizeEx), (6 bytes).
    Removing lcd_getex.o(i.LCD_GetXSizeMax), (6 bytes).
    Removing lcd_getex.o(i.LCD_GetYMag), (16 bytes).
    Removing lcd_getex.o(i.LCD_GetYMagEx), (6 bytes).
    Removing lcd_getex.o(i.LCD_GetYSize), (16 bytes).
    Removing lcd_getex.o(i.LCD_GetYSizeEx), (6 bytes).
    Removing lcd_getex.o(i.LCD_GetYSizeMax), (6 bytes).
    Removing lcd_getex.o(i.LCD_GetpfColor2IndexEx), (16 bytes).
    Removing lcd_getex.o(i.LCD_GetpfIndex2ColorEx), (16 bytes).
    Removing lcd_getex.o(i.LCD__GetBPP), (92 bytes).
    Removing lcd_getex.o(i.LCD__GetBPPDevice), (50 bytes).
    Removing lcd_getex.o(i._GetDevProp), (30 bytes).
    Removing lcd_getex.o(i._GetMaxValue), (30 bytes).
    Removing lcd_getnumdisplays.o(i.LCD_GetNumLayers), (26 bytes).
    Removing lcd_mirror.o(.constdata), (256 bytes).
    Removing lcd_setcliprectex.o(i.LCD_SetClipRectEx), (48 bytes).
    Removing guidev.o(i.GUI_MEMDEV_CopyToLCD), (12 bytes).
    Removing guidev.o(i.GUI_MEMDEV_CopyToLCDAt), (160 bytes).
    Removing guidev.o(i.GUI_MEMDEV_Create), (12 bytes).
    Removing guidev.o(i.GUI_MEMDEV_CreateEx), (120 bytes).
    Removing guidev.o(i.GUI_MEMDEV_Delete), (64 bytes).
    Removing guidev.o(i.GUI_MEMDEV_GetBitsPerPixel), (36 bytes).
    Removing guidev.o(i.GUI_MEMDEV_MarkDirty), (74 bytes).
    Removing guidev.o(i.GUI_MEMDEV_Select), (84 bytes).
    Removing guidev.o(i.GUI_MEMDEV__CreateFixed), (236 bytes).
    Removing guidev.o(i.GUI_MEMDEV__WriteToActiveAt), (48 bytes).
    Removing guidev_banding.o(i.GUI_MEMDEV_Draw), (292 bytes).
    Removing guidev_banding.o(i.GUI_MEMDEV__SetAlphaCallback), (12 bytes).
    Removing guidev_banding.o(i._Min), (8 bytes).
    Removing guidev_banding.o(.data), (4 bytes).
    Removing guidev_staticdevices.o(i.GUIDEV_StaticDevices_C), (2 bytes).
    Removing guidev_staticdevices.o(i.GUI_MEMDEV_CreateStatic), (16 bytes).
    Removing guidev_staticdevices.o(i.GUI_MEMDEV_GetStaticDevice), (24 bytes).
    Removing guidev_staticdevices.o(i.GUI_MEMDEV_GetWindowDevice), (16 bytes).
    Removing guidev_staticdevices.o(i.GUI_MEMDEV_Paint1Static), (20 bytes).
    Removing guidev_staticdevices.o(i._AddContent), (160 bytes).
    Removing guidev_staticdevices.o(i._CopyContent), (456 bytes).
    Removing guidev_staticdevices.o(i._CreateStatic), (124 bytes).
    Removing guidev_staticdevices.o(i._CreateStaticDevice), (288 bytes).
    Removing guidev_staticdevices.o(i._GetWindowDevice), (104 bytes).
    Removing guidev_staticdevices.o(.data), (1 bytes).
    Removing guidev_usage.o(i.GUI_USAGE_AddRect), (40 bytes).
    Removing guidev_usage.o(i.GUI_USAGE_DecUseCnt), (36 bytes).
    Removing guidev_usage.o(i.GUI_USAGE_Select), (32 bytes).
    Removing guidev_writetoactiveopaque.o(i.GUI_MEMDEV__WriteToActiveOpaque), (60 bytes).
    Removing guidev_writetoactiveopaque.o(i._Convert16), (62 bytes).
    Removing guidev_writetoactiveopaque.o(i._WriteToActiveOpaque_8), (816 bytes).
    Removing guidev_writetoactiveopaque.o(i._WriteToActiveOpaque_HT), (760 bytes).
    Removing guidev_writetoactiveopaque.o(.constdata), (8 bytes).
    Removing wm__sendmessage.o(i.WM__SendMessage), (60 bytes).
    Removing wm__sendmessage.o(.data), (4 bytes).
    Removing wm_bringtobottom.o(i.WM_BringToBottom), (126 bytes).
    Removing wm_criticalhandle.o(i.WM__AddCriticalHandle), (16 bytes).
    Removing wm_criticalhandle.o(i.WM__RemoveCriticalHandle), (44 bytes).
    Removing wm_getclientrect.o(i.WM_GetClientRect), (28 bytes).
    Removing wm_getclientrect.o(i.WM_GetClientRectEx), (4 bytes).
    Removing wm_getclientrect.o(i.WM__GetClientRectEx), (32 bytes).
    Removing wm_getfirstchild.o(i.WM_GetFirstChild), (14 bytes).
    Removing wm_notifyparent.o(i.WM_NotifyParent), (16 bytes).
    Removing wm_sendmessagenopara.o(i.WM_SendMessageNoPara), (4 bytes).
    Removing wm_sendtoparent.o(i.WM_SendToParent), (30 bytes).
    Removing wm_timer.o(i.WM_CreateTimer), (84 bytes).
    Removing wm_timer.o(i.WM_DeleteTimer), (32 bytes).
    Removing wm_timer.o(i.WM_GetTimerId), (24 bytes).
    Removing wm_timer.o(i.WM_RestartTimer), (40 bytes).
    Removing wm_timer.o(i.WM__DeleteAssocTimer), (74 bytes).
    Removing wm_timer.o(i._cbTimer), (44 bytes).
    Removing wm_touch.o(i.WM_HandlePID), (868 bytes).
    Removing wm_touch.o(i.WM__IsInModalArea), (72 bytes).
    Removing wm_touch.o(i.WM__SendPIDMessage), (62 bytes).
    Removing wm_touch.o(i.WM__SendTouchMessage), (54 bytes).
    Removing wm_touch.o(i.WM__SetLastTouched), (32 bytes).
    Removing wm_touch.o(i.WM__SetMotionCallback), (12 bytes).
    Removing wm_touch.o(i.WM__SetToolTipCallback), (12 bytes).
    Removing wm_touch.o(.bss), (72 bytes).
    Removing wm_touch.o(.data), (8 bytes).
    Removing gui__alpha.o(i.GUI_SetFuncAlphaBlending), (12 bytes).
    Removing gui__alpha.o(i.GUI_SetFuncMixColors), (12 bytes).
    Removing gui__alpha.o(i.GUI_SetFuncMixColorsBulk), (12 bytes).
    Removing gui__alpha.o(i.GUI__AllocAlphaBuffer), (22 bytes).
    Removing gui__alpha.o(i.GUI__DoAlphaBlending), (444 bytes).
    Removing gui__alpha.o(i.GUI__GetAlphaBuffer), (144 bytes).
    Removing gui__alpha.o(i.GUI__MixColors), (96 bytes).
    Removing gui__alpha.o(i.GUI__MixColorsBulk), (78 bytes).
    Removing gui__alpha.o(i.GUI__SetAlphaBufferSize), (12 bytes).
    Removing gui__alpha.o(i._OnExit), (40 bytes).
    Removing gui__alpha.o(.data), (40 bytes).
    Removing gui__compactpixelindices.o(i.GUI__CompactPixelIndices), (296 bytes).
    Removing gui__compactpixelindices.o(i.GUI__CompactPixelIndicesEx), (372 bytes).
    Removing gui_calccolordist.o(i.GUI_CalcColorDist), (68 bytes).
    Removing gui_curs1.o(i.GUI_CURSOR_GetState), (16 bytes).
    Removing gui_curs1.o(i.GUI_CURSOR_GetStateEx), (20 bytes).
    Removing gui_curs1.o(i.GUI_CURSOR_Hide), (16 bytes).
    Removing gui_curs1.o(i.GUI_CURSOR_HideEx), (80 bytes).
    Removing gui_curs1.o(i.GUI_CURSOR_Select), (16 bytes).
    Removing gui_curs1.o(i.GUI_CURSOR_SelectEx), (200 bytes).
    Removing gui_curs1.o(i.GUI_CURSOR_SetBitmap), (16 bytes).
    Removing gui_curs1.o(i.GUI_CURSOR_SetBitmapEx), (80 bytes).
    Removing gui_curs1.o(i.GUI_CURSOR_SetPosition), (16 bytes).
    Removing gui_curs1.o(i.GUI_CURSOR_SetPositionEx), (112 bytes).
    Removing gui_curs1.o(i.GUI_CURSOR_Show), (16 bytes).
    Removing gui_curs1.o(i.GUI_CURSOR_ShowEx), (48 bytes).
    Removing gui_curs1.o(i.GUI_CURSOR__GetSpriteEx), (28 bytes).
    Removing gui_curs1.o(i.GUI_CURSOR__SetSpriteEx), (24 bytes).
    Removing gui_curs1.o(i._OnExit), (24 bytes).
    Removing gui_curs1.o(i._Show), (56 bytes).
    Removing gui_curs1.o(.bss), (40 bytes).
    Removing gui_curs1.o(.data), (12 bytes).
    Removing gui_getorg.o(i.GUI_GetOrg), (4 bytes).
    Removing gui_getorg.o(i.GUI__GetOrg), (28 bytes).
    Removing gui_pen.o(i.GUI_GetPenShape), (12 bytes).
    Removing gui_pen.o(i.GUI_GetPenSize), (12 bytes).
    Removing gui_pen.o(i.GUI_SetPenShape), (16 bytes).
    Removing gui_pen.o(i.GUI_SetPenSize), (16 bytes).
    Removing gui_pid.o(i.GUI_PID_GetCurrentState), (32 bytes).
    Removing gui_pid.o(i.GUI_PID_GetState), (76 bytes).
    Removing gui_pid.o(i.GUI_PID_IsEmpty), (24 bytes).
    Removing gui_pid.o(i.GUI_PID_IsPressed), (20 bytes).
    Removing gui_pid.o(i.GUI_PID_StoreState), (28 bytes).
    Removing gui_pid.o(i._DecPointer), (20 bytes).
    Removing gui_pid.o(i._IncPointer), (20 bytes).
    Removing gui_pid.o(i._StoreState), (88 bytes).
    Removing gui_pid.o(.bss), (72 bytes).
    Removing gui_pid.o(.data), (8 bytes).
    Removing gui_selectlcd.o(i.GUI_SelectLCD), (18 bytes).
    Removing gui_setalpha.o(i.GUI_SetAlpha), (120 bytes).
    Removing gui_setalpha.o(i.GUI__AlphaSuppressMixing), (36 bytes).
    Removing gui_setalpha.o(i._Color2Index), (28 bytes).
    Removing gui_setalpha.o(i._Color2IndexBulk), (152 bytes).
    Removing gui_setalpha.o(i._DrawBitLine16BPP), (104 bytes).
    Removing gui_setalpha.o(i._DrawBitLine1BPP), (376 bytes).
    Removing gui_setalpha.o(i._DrawBitLine2BPP), (276 bytes).
    Removing gui_setalpha.o(i._DrawBitLine32BPP), (100 bytes).
    Removing gui_setalpha.o(i._DrawBitLine4BPP), (276 bytes).
    Removing gui_setalpha.o(i._DrawBitLine8BPP), (156 bytes).
    Removing gui_setalpha.o(i._DrawBitmap), (202 bytes).
    Removing gui_setalpha.o(i._DrawBitmapLine), (84 bytes).
    Removing gui_setalpha.o(i._DrawHLine), (124 bytes).
    Removing gui_setalpha.o(i._DrawVLine), (72 bytes).
    Removing gui_setalpha.o(i._FillRect), (38 bytes).
    Removing gui_setalpha.o(i._GetBitsPerPixel), (24 bytes).
    Removing gui_setalpha.o(i._GetDevData), (4 bytes).
    Removing gui_setalpha.o(i._GetDevFunc), (12 bytes).
    Removing gui_setalpha.o(i._GetDevProp), (8 bytes).
    Removing gui_setalpha.o(i._GetIndexMask), (28 bytes).
    Removing gui_setalpha.o(i._GetLine), (164 bytes).
    Removing gui_setalpha.o(i._GetPixelIndex), (8 bytes).
    Removing gui_setalpha.o(i._GetPointers), (18 bytes).
    Removing gui_setalpha.o(i._GetRect), (8 bytes).
    Removing gui_setalpha.o(i._Index2Color), (28 bytes).
    Removing gui_setalpha.o(i._Index2ColorBulk), (152 bytes).
    Removing gui_setalpha.o(i._InitAlpha), (152 bytes).
    Removing gui_setalpha.o(i._MixColors), (60 bytes).
    Removing gui_setalpha.o(i._OnExit), (56 bytes).
    Removing gui_setalpha.o(i._ReadRectFromMemdev), (148 bytes).
    Removing gui_setalpha.o(i._SetOrg), (8 bytes).
    Removing gui_setalpha.o(i._SetPixelIndex), (68 bytes).
    Removing gui_setalpha.o(i._XorPixel), (42 bytes).
    Removing gui_setalpha.o(.constdata), (76 bytes).
    Removing gui_setalpha.o(.data), (32 bytes).
    Removing gui_setdrawmode.o(i.GUI_SetDrawMode), (4 bytes).
    Removing gui_setfont.o(i.GUI_SetFont), (20 bytes).
    Removing gui_setlinestyle.o(i.GUI_SetLineStyle), (16 bytes).
    Removing gui_settextalign.o(i.GUI_SetTextAlign), (20 bytes).
    Removing gui_settextmode.o(i.GUI_SetTextMode), (20 bytes).
    Removing gui_time.o(i.GUI_Delay), (42 bytes).
    Removing gui_time.o(i.GUI_GetTime), (4 bytes).
    Removing gui_timer.o(i.GUI_TIMER_Create), (136 bytes).
    Removing gui_timer.o(i.GUI_TIMER_Delete), (28 bytes).
    Removing gui_timer.o(i.GUI_TIMER_Exec), (108 bytes).
    Removing gui_timer.o(i.GUI_TIMER_GetFlag), (38 bytes).
    Removing gui_timer.o(i.GUI_TIMER_GetPeriod), (24 bytes).
    Removing gui_timer.o(i.GUI_TIMER_Restart), (46 bytes).
    Removing gui_timer.o(i.GUI_TIMER_SetDelay), (36 bytes).
    Removing gui_timer.o(i.GUI_TIMER_SetPeriod), (24 bytes).
    Removing gui_timer.o(i.GUI_TIMER_SetTime), (24 bytes).
    Removing gui_timer.o(i.GUI_TIMER__GetFirstTimer), (40 bytes).
    Removing gui_timer.o(i.GUI_TIMER__GetNextTimer), (60 bytes).
    Removing gui_timer.o(i.GUI_TIMER__GetNextTimerLin), (54 bytes).
    Removing gui_timer.o(i.GUI_TIMER__GetPeriod), (44 bytes).
    Removing gui_timer.o(i.GUI_TIMER__IsActive), (20 bytes).
    Removing gui_timer.o(i._Link), (136 bytes).
    Removing gui_timer.o(i._OnExit), (16 bytes).
    Removing gui_timer.o(i._RemoveFromLinList), (92 bytes).
    Removing gui_timer.o(i._Unlink), (80 bytes).
    Removing gui_timer.o(.data), (20 bytes).
    Removing guicc_8888.o(i._Color2IndexBulk), (14 bytes).
    Removing guicc_8888.o(i._Color2Index_8888), (2 bytes).
    Removing guicc_8888.o(i._GetIndexMask_8888), (6 bytes).
    Removing guicc_8888.o(i._Index2ColorBulk), (14 bytes).
    Removing guicc_8888.o(.constdata), (24 bytes).
    Removing lcd_updatecolorindices.o(i.LCD_UpdateColorIndices), (36 bytes).
    Removing guidev_32.o(i._DrawBitLine1BPP), (276 bytes).
    Removing guidev_32.o(i._DrawBitLine2BPP), (224 bytes).
    Removing guidev_32.o(i._DrawBitLine32BPP_DDB), (136 bytes).
    Removing guidev_32.o(i._DrawBitLine4BPP), (344 bytes).
    Removing guidev_32.o(i._DrawBitmap), (660 bytes).
    Removing guidev_32.o(i._DrawHLine), (10 bytes).
    Removing guidev_32.o(i._DrawVLine), (172 bytes).
    Removing guidev_32.o(i._FillRect), (164 bytes).
    Removing guidev_32.o(i._GetDevData), (16 bytes).
    Removing guidev_32.o(i._GetDevFunc), (16 bytes).
    Removing guidev_32.o(i._GetDevProp), (12 bytes).
    Removing guidev_32.o(i._GetPixelIndex), (14 bytes).
    Removing guidev_32.o(i._GetRect), (48 bytes).
    Removing guidev_32.o(i._SetOrg), (8 bytes).
    Removing guidev_32.o(i._SetPixelIndex), (72 bytes).
    Removing guidev_32.o(i._XY2PTR), (60 bytes).
    Removing guidev_32.o(i._XorPixel), (88 bytes).
    Removing guidev_32.o(.constdata), (116 bytes).
    Removing guidev_clear.o(i.GUI_MEMDEV_Clear), (60 bytes).
    Removing guidev_createfixed.o(i.GUI_MEMDEV_CreateFixed), (30 bytes).
    Removing guidev_getdataptr.o(i.GUI_MEMDEV_GetDataPtr), (22 bytes).
    Removing guidev_getpos.o(i.GUI_MEMDEV_GetXPos), (40 bytes).
    Removing guidev_getpos.o(i.GUI_MEMDEV_GetYPos), (40 bytes).
    Removing guidev_getxsize.o(i.GUI_MEMDEV_GetXSize), (40 bytes).
    Removing guidev_getysize.o(i.GUI_MEMDEV_GetYSize), (40 bytes).
    Removing guidev_reduceysize.o(i.GUI_MEMDEV_ReduceYSize), (44 bytes).
    Removing guidev_setorg.o(i.GUI_MEMDEV_SetOrg), (88 bytes).
    Removing guidev_usagebm.o(i.GUI_USAGE_BM_AddHLine), (116 bytes).
    Removing guidev_usagebm.o(i.GUI_USAGE_BM_AddPixel), (44 bytes).
    Removing guidev_usagebm.o(i.GUI_USAGE_BM_Clear), (14 bytes).
    Removing guidev_usagebm.o(i.GUI_USAGE_BM_Create), (84 bytes).
    Removing guidev_usagebm.o(i.GUI_USAGE_BM_GetNextDirty), (190 bytes).
    Removing guidev_usagebm.o(i._GUI_USAGE_BM_Delete), (4 bytes).
    Removing guidev_usagebm.o(.constdata), (24 bytes).
    Removing guidev_write.o(i.GUI_MEMDEV_Write), (12 bytes).
    Removing guidev_write.o(i.GUI_MEMDEV_WriteAt), (94 bytes).
    Removing wm__getprevsibling.o(i.WM__GetPrevSibling), (36 bytes).
    Removing wm__isancestor.o(i.WM__IsAncestor), (34 bytes).
    Removing wm__isancestor.o(i.WM__IsAncestorOrSelf), (12 bytes).
    Removing wm__isenabled.o(i.WM__IsEnabled), (22 bytes).
    Removing wm__sendmessageifenabled.o(i.WM__SendMessageIfEnabled), (28 bytes).
    Removing wm__sendmessagenopara.o(i.WM__SendMessageNoPara), (38 bytes).
    Removing wm_getparent.o(i.WM_GetParent), (14 bytes).
    Removing wm_getwindowrect.o(i.WM_GetWindowRect), (40 bytes).
    Removing wm_getwindowrect.o(i.WM_GetWindowRectEx), (26 bytes).
    Removing wm_iswindow.o(i.WM_IsWindow), (4 bytes).
    Removing wm_onkey.o(i.WM_OnKey), (56 bytes).
    Removing wm_pid__getprevstate.o(i.WM_PID__GetPrevState), (28 bytes).
    Removing wm_pid__getprevstate.o(i.WM_PID__SetPrevState), (28 bytes).
    Removing wm_pid__getprevstate.o(.bss), (24 bytes).
    Removing wm_screen2win.o(i.WM_Screen2hWin), (10 bytes).
    Removing wm_screen2win.o(i.WM_Screen2hWinEx), (4 bytes).
    Removing wm_screen2win.o(i.WM__IsInWindow), (48 bytes).
    Removing wm_screen2win.o(i._Screen2hWin), (90 bytes).
    Removing wm_screen2win.o(i._Screen2hWinStop), (36 bytes).
    Removing wm_setcapture.o(i.WM_ReleaseCapture), (4 bytes).
    Removing wm_setcapture.o(i.WM_SetCapture), (52 bytes).
    Removing wm_setcapture.o(i.WM__ReleaseCapture), (44 bytes).
    Removing wm_setsize.o(i.WM_SetSize), (62 bytes).
    Removing gui__expandpixelindices.o(i.GUI__ExpandPixelIndices), (218 bytes).
    Removing gui__expandpixelindices.o(i.GUI__ExpandPixelIndicesEx), (320 bytes).
    Removing gui_cursorarrowm.o(.constdata), (20 bytes).
    Removing gui_cursorarrowm.o(.constdata), (12 bytes).
    Removing gui_drawbitmap.o(i.GL_DrawBitmap), (156 bytes).
    Removing gui_drawbitmap.o(i.GUI_DrawBitmap), (76 bytes).
    Removing gui_exec.o(i.GUI_Exec), (20 bytes).
    Removing gui_exec.o(i.GUI_Exec1), (32 bytes).
    Removing gui_sprite.o(i.GUI_SPRITE_Create), (24 bytes).
    Removing gui_sprite.o(i.GUI_SPRITE_CreateEx), (12 bytes).
    Removing gui_sprite.o(i.GUI_SPRITE_CreateHidden), (24 bytes).
    Removing gui_sprite.o(i.GUI_SPRITE_CreateHiddenEx), (12 bytes).
    Removing gui_sprite.o(i.GUI_SPRITE_Delete), (60 bytes).
    Removing gui_sprite.o(i.GUI_SPRITE_GetState), (28 bytes).
    Removing gui_sprite.o(i.GUI_SPRITE_Hide), (48 bytes).
    Removing gui_sprite.o(i.GUI_SPRITE_SetBitmap), (72 bytes).
    Removing gui_sprite.o(i.GUI_SPRITE_SetBitmapAndPosition), (96 bytes).
    Removing gui_sprite.o(i.GUI_SPRITE_SetPosition), (10 bytes).
    Removing gui_sprite.o(i.GUI_SPRITE_Show), (60 bytes).
    Removing gui_sprite.o(i.GUI_SPRITE__CreateEx), (164 bytes).
    Removing gui_sprite.o(i.GUI_SPRITE__SetCallback), (28 bytes).
    Removing gui_sprite.o(i._ClipRectEx), (22 bytes).
    Removing gui_sprite.o(i._CreateBuffer), (152 bytes).
    Removing gui_sprite.o(i._DoColorConversion), (132 bytes).
    Removing gui_sprite.o(i._DrawBitmap), (608 bytes).
    Removing gui_sprite.o(i._DrawHLine), (276 bytes).
    Removing gui_sprite.o(i._DrawVLine), (272 bytes).
    Removing gui_sprite.o(i._FillRect), (308 bytes).
    Removing gui_sprite.o(i._FlushBuffer), (116 bytes).
    Removing gui_sprite.o(i._GetBkPixel), (108 bytes).
    Removing gui_sprite.o(i._GetClipParam), (320 bytes).
    Removing gui_sprite.o(i._GetClipRect), (212 bytes).
    Removing gui_sprite.o(i._GetDevData), (4 bytes).
    Removing gui_sprite.o(i._GetDevFunc), (4 bytes).
    Removing gui_sprite.o(i._GetDevProp), (14 bytes).
    Removing gui_sprite.o(i._GetPixelIndex), (94 bytes).
    Removing gui_sprite.o(i._GetRect), (14 bytes).
    Removing gui_sprite.o(i._Link), (22 bytes).
    Removing gui_sprite.o(i._PixelExists), (58 bytes).
    Removing gui_sprite.o(i._ReleaseBuffer), (28 bytes).
    Removing gui_sprite.o(i._SetBitmap), (268 bytes).
    Removing gui_sprite.o(i._SetBitmapAndPosition), (536 bytes).
    Removing gui_sprite.o(i._SetOrg), (14 bytes).
    Removing gui_sprite.o(i._SetPixelIndex), (98 bytes).
    Removing gui_sprite.o(i._SetPosition), (684 bytes).
    Removing gui_sprite.o(i._SetSpriteBkPixel), (74 bytes).
    Removing gui_sprite.o(i._SpriteDraw), (264 bytes).
    Removing gui_sprite.o(i._Undraw), (216 bytes).
    Removing gui_sprite.o(i._Unlink), (22 bytes).
    Removing gui_sprite.o(i._XorPixel), (102 bytes).
    Removing gui_sprite.o(.constdata), (52 bytes).
    Removing guicc_8888_index2color.o(i.LCD_Index2Color_8888), (2 bytes).
    Removing guicc_888_index2color.o(i.LCD_Index2Color_888), (2 bytes).
    Removing lcd_aa.o(i.LCD_AA_MixColors), (32 bytes).
    Removing lcd_aa.o(i.LCD_AA_SetAndMask), (16 bytes).
    Removing lcd_aa.o(i.LCD_SetPixelAA), (136 bytes).
    Removing lcd_aa.o(i.LCD_SetPixelAA_NoTrans), (144 bytes).
    Removing lcd_aa.o(i.LCD_SetPixelAA_Xor), (152 bytes).
    Removing lcd_aa.o(.data), (4 bytes).
    Removing lcd_readrect.o(i.GUI_ReadRect), (56 bytes).
    Removing lcd_readrect.o(i.GUI_ReadRectEx), (96 bytes).
    Removing lcd_readrect.o(i.LCD_ReadRect), (92 bytes).
    Removing lcd_readrect.o(i.LCD_ReadRectEx), (408 bytes).
    Removing lcd_readrect.o(i.LCD_ReadRectNoClip), (32 bytes).
    Removing lcd_selectlcd.o(i.LCD_SelectLCD), (68 bytes).
    Removing guidev_writetoactivealpha.o(i.GUI_MEMDEV__WriteToActiveAlpha), (280 bytes).
    Removing wm__getfirstsibling.o(i.WM__GetFirstSibling), (18 bytes).
    Removing wm_getdesktopwindowex.o(i.WM_GetDesktopWindowEx), (20 bytes).
    Removing wm_resizewindow.o(i.WM_ResizeWindow), (238 bytes).
    Removing gui_cursorarrowmpx.o(.constdata), (60 bytes).
    Removing gui_cursorpal.o(.constdata), (12 bytes).
    Removing gui_cursorpal.o(.constdata), (12 bytes).
    Removing gui_getbitmappixelindex.o(i.GUI_GetBitmapPixelIndex), (22 bytes).
    Removing gui_getbitmappixelindex.o(i.GUI_GetBitmapPixelIndexEx), (138 bytes).
    Removing lcd_getpixelcolor.o(i.LCD_GetPixelColor), (14 bytes).
    Removing wm__updatechildpositions.o(i.WM__UpdateChildPositions), (220 bytes).
    Removing lcd_getp.o(i.GUI_GetPixelIndex), (4 bytes).
    Removing lcd_getp.o(i.LCD_GetPixelIndex), (96 bytes).
    Removing wm_move.o(i.WM_MoveTo), (4 bytes).
    Removing wm_move.o(i.WM_MoveWindow), (4 bytes).
    Removing wm_move.o(i.WM__MoveTo), (46 bytes).
    Removing wm_move.o(i.WM__MoveWindow), (152 bytes).
    Removing wm_move.o(i._MoveDescendents), (110 bytes).
    Removing dadd.o(.text), (334 bytes).
    Removing dmul.o(.text), (228 bytes).
    Removing dflti.o(.text), (34 bytes).
    Removing dfltui.o(.text), (26 bytes).
    Removing dfixui.o(.text), (50 bytes).
    Removing depilogue.o(.text), (186 bytes).
    Removing ddiv.o(.text), (222 bytes).
    Removing dscalb.o(.text), (46 bytes).
    Removing dfixul.o(.text), (48 bytes).
    Removing cdrcmple.o(.text), (48 bytes).
    Removing dsqrt.o(.text), (162 bytes).
    Removing cdcmple.o(.text), (48 bytes).

1011 unused section(s) (total 224884 bytes) removed from the image.

==============================================================================

Image Symbol Table

    Local Symbols

    Symbol Name                              Value     Ov Type        Size  Object(Section)

    ../Drivers/CMSIS/Device/ST/STM32F1xx/Source/Templates/system_stm32f1xx.c 0x00000000   Number         0  system_stm32f1xx.o ABSOLUTE
    ../Drivers/STM32F1xx_HAL_Driver/Src/stm32f1xx_hal.c 0x00000000   Number         0  stm32f1xx_hal.o ABSOLUTE
    ../Drivers/STM32F1xx_HAL_Driver/Src/stm32f1xx_hal_cortex.c 0x00000000   Number         0  stm32f1xx_hal_cortex.o ABSOLUTE
    ../Drivers/STM32F1xx_HAL_Driver/Src/stm32f1xx_hal_crc.c 0x00000000   Number         0  stm32f1xx_hal_crc.o ABSOLUTE
    ../Drivers/STM32F1xx_HAL_Driver/Src/stm32f1xx_hal_dma.c 0x00000000   Number         0  stm32f1xx_hal_dma.o ABSOLUTE
    ../Drivers/STM32F1xx_HAL_Driver/Src/stm32f1xx_hal_flash.c 0x00000000   Number         0  stm32f1xx_hal_flash.o ABSOLUTE
    ../Drivers/STM32F1xx_HAL_Driver/Src/stm32f1xx_hal_flash_ex.c 0x00000000   Number         0  stm32f1xx_hal_flash_ex.o ABSOLUTE
    ../Drivers/STM32F1xx_HAL_Driver/Src/stm32f1xx_hal_gpio.c 0x00000000   Number         0  stm32f1xx_hal_gpio.o ABSOLUTE
    ../Drivers/STM32F1xx_HAL_Driver/Src/stm32f1xx_hal_pwr.c 0x00000000   Number         0  stm32f1xx_hal_pwr.o ABSOLUTE
    ../Drivers/STM32F1xx_HAL_Driver/Src/stm32f1xx_hal_rcc.c 0x00000000   Number         0  stm32f1xx_hal_rcc.o ABSOLUTE
    ../Drivers/STM32F1xx_HAL_Driver/Src/stm32f1xx_hal_rcc_ex.c 0x00000000   Number         0  stm32f1xx_hal_rcc_ex.o ABSOLUTE
    ../Drivers/STM32F1xx_HAL_Driver/Src/stm32f1xx_hal_tim.c 0x00000000   Number         0  stm32f1xx_hal_tim.o ABSOLUTE
    ../Drivers/STM32F1xx_HAL_Driver/Src/stm32f1xx_hal_tim_ex.c 0x00000000   Number         0  stm32f1xx_hal_tim_ex.o ABSOLUTE
    ../Drivers/STM32F1xx_HAL_Driver/Src/stm32f1xx_hal_uart.c 0x00000000   Number         0  stm32f1xx_hal_uart.o ABSOLUTE
    ../Src/crc.c                             0x00000000   Number         0  crc.o ABSOLUTE
    ../Src/dma.c                             0x00000000   Number         0  dma.o ABSOLUTE
    ../Src/gpio.c                            0x00000000   Number         0  gpio.o ABSOLUTE
    ../Src/main.c                            0x00000000   Number         0  main.o ABSOLUTE
    ../Src/stm32f1xx_hal_msp.c               0x00000000   Number         0  stm32f1xx_hal_msp.o ABSOLUTE
    ../Src/stm32f1xx_it.c                    0x00000000   Number         0  stm32f1xx_it.o ABSOLUTE
    ../Src/usart.c                           0x00000000   Number         0  usart.o ABSOLUTE
    ../clib/microlib/division.c              0x00000000   Number         0  uidiv.o ABSOLUTE
    ../clib/microlib/division.c              0x00000000   Number         0  uldiv.o ABSOLUTE
    ../clib/microlib/errno.c                 0x00000000   Number         0  errno.o ABSOLUTE
    ../clib/microlib/init/entry.s            0x00000000   Number         0  entry2.o ABSOLUTE
    ../clib/microlib/init/entry.s            0x00000000   Number         0  entry8a.o ABSOLUTE
    ../clib/microlib/init/entry.s            0x00000000   Number         0  entry.o ABSOLUTE
    ../clib/microlib/init/entry.s            0x00000000   Number         0  entry10b.o ABSOLUTE
    ../clib/microlib/init/entry.s            0x00000000   Number         0  entry7b.o ABSOLUTE
    ../clib/microlib/init/entry.s            0x00000000   Number         0  entry5.o ABSOLUTE
    ../clib/microlib/init/entry.s            0x00000000   Number         0  entry11b.o ABSOLUTE
    ../clib/microlib/init/entry.s            0x00000000   Number         0  entry11a.o ABSOLUTE
    ../clib/microlib/init/entry.s            0x00000000   Number         0  entry7a.o ABSOLUTE
    ../clib/microlib/init/entry.s            0x00000000   Number         0  entry10a.o ABSOLUTE
    ../clib/microlib/init/entry.s            0x00000000   Number         0  entry9a.o ABSOLUTE
    ../clib/microlib/init/entry.s            0x00000000   Number         0  entry8b.o ABSOLUTE
    ../clib/microlib/init/entry.s            0x00000000   Number         0  entry9b.o ABSOLUTE
    ../clib/microlib/longlong.c              0x00000000   Number         0  llushr.o ABSOLUTE
    ../clib/microlib/longlong.c              0x00000000   Number         0  llshl.o ABSOLUTE
    ../clib/microlib/longlong.c              0x00000000   Number         0  llsshr.o ABSOLUTE
    ../clib/microlib/printf/printf.c         0x00000000   Number         0  printf3.o ABSOLUTE
    ../clib/microlib/printf/printf.c         0x00000000   Number         0  printf0.o ABSOLUTE
    ../clib/microlib/printf/printf.c         0x00000000   Number         0  printf1.o ABSOLUTE
    ../clib/microlib/printf/printf.c         0x00000000   Number         0  printf2.o ABSOLUTE
    ../clib/microlib/printf/printf.c         0x00000000   Number         0  printf4.o ABSOLUTE
    ../clib/microlib/printf/printf.c         0x00000000   Number         0  printfb.o ABSOLUTE
    ../clib/microlib/printf/printf.c         0x00000000   Number         0  printfa.o ABSOLUTE
    ../clib/microlib/printf/printf.c         0x00000000   Number         0  printf8.o ABSOLUTE
    ../clib/microlib/printf/printf.c         0x00000000   Number         0  printf7.o ABSOLUTE
    ../clib/microlib/printf/printf.c         0x00000000   Number         0  printf6.o ABSOLUTE
    ../clib/microlib/printf/printf.c         0x00000000   Number         0  printf5.o ABSOLUTE
    ../clib/microlib/stdio/streams.c         0x00000000   Number         0  stdout.o ABSOLUTE
    ../clib/microlib/string/memcpy.c         0x00000000   Number         0  memcpya.o ABSOLUTE
    ../clib/microlib/string/memcpy.c         0x00000000   Number         0  memmovea.o ABSOLUTE
    ../clib/microlib/string/memcpy.c         0x00000000   Number         0  memcpyb.o ABSOLUTE
    ../clib/microlib/string/memcpy.c         0x00000000   Number         0  memmoveb.o ABSOLUTE
    ../clib/microlib/string/memset.c         0x00000000   Number         0  memseta.o ABSOLUTE
    ../clib/microlib/stubs.s                 0x00000000   Number         0  iusefp.o ABSOLUTE
    ../fplib/microlib/fpadd.c                0x00000000   Number         0  dadd.o ABSOLUTE
    ../fplib/microlib/fpdiv.c                0x00000000   Number         0  ddiv.o ABSOLUTE
    ../fplib/microlib/fpepilogue.c           0x00000000   Number         0  depilogue.o ABSOLUTE
    ../fplib/microlib/fpfix.c                0x00000000   Number         0  dfixul.o ABSOLUTE
    ../fplib/microlib/fpfix.c                0x00000000   Number         0  dfixui.o ABSOLUTE
    ../fplib/microlib/fpflt.c                0x00000000   Number         0  dfltui.o ABSOLUTE
    ../fplib/microlib/fpflt.c                0x00000000   Number         0  dflti.o ABSOLUTE
    ../fplib/microlib/fpmul.c                0x00000000   Number         0  dmul.o ABSOLUTE
    ../fplib/microlib/fpscalb.c              0x00000000   Number         0  dscalb.o ABSOLUTE
    ../fplib/microlib/fpsqrt.c               0x00000000   Number         0  dsqrt.o ABSOLUTE
    ../mathlib/dunder.c                      0x00000000   Number         0  dunder.o ABSOLUTE
    ../mathlib/fpclassify.c                  0x00000000   Number         0  fpclassify.o ABSOLUTE
    ../mathlib/poly.c                        0x00000000   Number         0  poly.o ABSOLUTE
    ../mathlib/pow.c                         0x00000000   Number         0  pow_x.o ABSOLUTE
    ../mathlib/pow.c                         0x00000000   Number         0  pow.o ABSOLUTE
    ../mathlib/qnan.c                        0x00000000   Number         0  qnan.o ABSOLUTE
    ../mathlib/sqrt.c                        0x00000000   Number         0  sqrt.o ABSOLUTE
    ../mathlib/sqrt.c                        0x00000000   Number         0  sqrt_x.o ABSOLUTE
    ..\..\..\Utilities\Third_Party\STemWin522\GUI\ConvertColor\GUICC_M565.c 0x00000000   Number         0  guicc_m565.o ABSOLUTE
    ..\..\..\Utilities\Third_Party\STemWin522\GUI\Core\GUICC_0.c 0x00000000   Number         0  guicc_0.o ABSOLUTE
    ..\..\..\Utilities\Third_Party\STemWin522\GUI\Core\GUICC_8888.c 0x00000000   Number         0  guicc_8888.o ABSOLUTE
    ..\..\..\Utilities\Third_Party\STemWin522\GUI\Core\GUICC_8888_Index2Color.c 0x00000000   Number         0  guicc_8888_index2color.o ABSOLUTE
    ..\..\..\Utilities\Third_Party\STemWin522\GUI\Core\GUICC_888_Index2Color.c 0x00000000   Number         0  guicc_888_index2color.o ABSOLUTE
    ..\..\..\Utilities\Third_Party\STemWin522\GUI\Core\GUICC_M565_Index2Color.c 0x00000000   Number         0  guicc_m565_index2color.o ABSOLUTE
    ..\..\..\Utilities\Third_Party\STemWin522\GUI\Core\GUI_ALLOC_AllocZero.c 0x00000000   Number         0  gui_alloc_alloczero.o ABSOLUTE
    ..\..\..\Utilities\Third_Party\STemWin522\GUI\Core\GUI_Alloc.c 0x00000000   Number         0  gui_alloc.o ABSOLUTE
    ..\..\..\Utilities\Third_Party\STemWin522\GUI\Core\GUI_CalcColorDist.c 0x00000000   Number         0  gui_calccolordist.o ABSOLUTE
    ..\..\..\Utilities\Third_Party\STemWin522\GUI\Core\GUI_CharM.c 0x00000000   Number         0  gui_charm.o ABSOLUTE
    ..\..\..\Utilities\Third_Party\STemWin522\GUI\Core\GUI_CharP.c 0x00000000   Number         0  gui_charp.o ABSOLUTE
    ..\..\..\Utilities\Third_Party\STemWin522\GUI\Core\GUI_Core.c 0x00000000   Number         0  gui_core.o ABSOLUTE
    ..\..\..\Utilities\Third_Party\STemWin522\GUI\Core\GUI_Curs1.c 0x00000000   Number         0  gui_curs1.o ABSOLUTE
    ..\..\..\Utilities\Third_Party\STemWin522\GUI\Core\GUI_CursorArrowM.c 0x00000000   Number         0  gui_cursorarrowm.o ABSOLUTE
    ..\..\..\Utilities\Third_Party\STemWin522\GUI\Core\GUI_CursorArrowMPx.c 0x00000000   Number         0  gui_cursorarrowmpx.o ABSOLUTE
    ..\..\..\Utilities\Third_Party\STemWin522\GUI\Core\GUI_CursorPal.c 0x00000000   Number         0  gui_cursorpal.o ABSOLUTE
    ..\..\..\Utilities\Third_Party\STemWin522\GUI\Core\GUI_Device.c 0x00000000   Number         0  gui_device.o ABSOLUTE
    ..\..\..\Utilities\Third_Party\STemWin522\GUI\Core\GUI_DrawBitmap.c 0x00000000   Number         0  gui_drawbitmap.o ABSOLUTE
    ..\..\..\Utilities\Third_Party\STemWin522\GUI\Core\GUI_Exec.c 0x00000000   Number         0  gui_exec.o ABSOLUTE
    ..\..\..\Utilities\Third_Party\STemWin522\GUI\Core\GUI_GetBitmapPixelIndex.c 0x00000000   Number         0  gui_getbitmappixelindex.o ABSOLUTE
    ..\..\..\Utilities\Third_Party\STemWin522\GUI\Core\GUI_GetColor.c 0x00000000   Number         0  gui_getcolor.o ABSOLUTE
    ..\..\..\Utilities\Third_Party\STemWin522\GUI\Core\GUI_GetOrg.c 0x00000000   Number         0  gui_getorg.o ABSOLUTE
    ..\..\..\Utilities\Third_Party\STemWin522\GUI\Core\GUI_Goto.c 0x00000000   Number         0  gui_goto.o ABSOLUTE
    ..\..\..\Utilities\Third_Party\STemWin522\GUI\Core\GUI_MergeRect.c 0x00000000   Number         0  gui_mergerect.o ABSOLUTE
    ..\..\..\Utilities\Third_Party\STemWin522\GUI\Core\GUI_MoveRect.c 0x00000000   Number         0  gui_moverect.o ABSOLUTE
    ..\..\..\Utilities\Third_Party\STemWin522\GUI\Core\GUI_OnKey.c 0x00000000   Number         0  gui_onkey.o ABSOLUTE
    ..\..\..\Utilities\Third_Party\STemWin522\GUI\Core\GUI_PID.c 0x00000000   Number         0  gui_pid.o ABSOLUTE
    ..\..\..\Utilities\Third_Party\STemWin522\GUI\Core\GUI_Pen.c 0x00000000   Number         0  gui_pen.o ABSOLUTE
    ..\..\..\Utilities\Third_Party\STemWin522\GUI\Core\GUI_RectsIntersect.c 0x00000000   Number         0  gui_rectsintersect.o ABSOLUTE
    ..\..\..\Utilities\Third_Party\STemWin522\GUI\Core\GUI_SPRITE.c 0x00000000   Number         0  gui_sprite.o ABSOLUTE
    ..\..\..\Utilities\Third_Party\STemWin522\GUI\Core\GUI_SaveContext.c 0x00000000   Number         0  gui_savecontext.o ABSOLUTE
    ..\..\..\Utilities\Third_Party\STemWin522\GUI\Core\GUI_SelectLCD.c 0x00000000   Number         0  gui_selectlcd.o ABSOLUTE
    ..\..\..\Utilities\Third_Party\STemWin522\GUI\Core\GUI_SelectLayer.c 0x00000000   Number         0  gui_selectlayer.o ABSOLUTE
    ..\..\..\Utilities\Third_Party\STemWin522\GUI\Core\GUI_SetAlpha.c 0x00000000   Number         0  gui_setalpha.o ABSOLUTE
    ..\..\..\Utilities\Third_Party\STemWin522\GUI\Core\GUI_SetColor.c 0x00000000   Number         0  gui_setcolor.o ABSOLUTE
    ..\..\..\Utilities\Third_Party\STemWin522\GUI\Core\GUI_SetDefault.c 0x00000000   Number         0  gui_setdefault.o ABSOLUTE
    ..\..\..\Utilities\Third_Party\STemWin522\GUI\Core\GUI_SetDrawMode.c 0x00000000   Number         0  gui_setdrawmode.o ABSOLUTE
    ..\..\..\Utilities\Third_Party\STemWin522\GUI\Core\GUI_SetFont.c 0x00000000   Number         0  gui_setfont.o ABSOLUTE
    ..\..\..\Utilities\Third_Party\STemWin522\GUI\Core\GUI_SetLineStyle.c 0x00000000   Number         0  gui_setlinestyle.o ABSOLUTE
    ..\..\..\Utilities\Third_Party\STemWin522\GUI\Core\GUI_SetOrg.c 0x00000000   Number         0  gui_setorg.o ABSOLUTE
    ..\..\..\Utilities\Third_Party\STemWin522\GUI\Core\GUI_SetTextAlign.c 0x00000000   Number         0  gui_settextalign.o ABSOLUTE
    ..\..\..\Utilities\Third_Party\STemWin522\GUI\Core\GUI_SetTextMode.c 0x00000000   Number         0  gui_settextmode.o ABSOLUTE
    ..\..\..\Utilities\Third_Party\STemWin522\GUI\Core\GUI_Time.c 0x00000000   Number         0  gui_time.o ABSOLUTE
    ..\..\..\Utilities\Third_Party\STemWin522\GUI\Core\GUI_Timer.c 0x00000000   Number         0  gui_timer.o ABSOLUTE
    ..\..\..\Utilities\Third_Party\STemWin522\GUI\Core\GUI_UC_EncodeNone.c 0x00000000   Number         0  gui_uc_encodenone.o ABSOLUTE
    ..\..\..\Utilities\Third_Party\STemWin522\GUI\Core\GUI_WaitEvent.c 0x00000000   Number         0  gui_waitevent.o ABSOLUTE
    ..\..\..\Utilities\Third_Party\STemWin522\GUI\Core\GUI__Alpha.c 0x00000000   Number         0  gui__alpha.o ABSOLUTE
    ..\..\..\Utilities\Third_Party\STemWin522\GUI\Core\GUI__CompactPixelIndices.c 0x00000000   Number         0  gui__compactpixelindices.o ABSOLUTE
    ..\..\..\Utilities\Third_Party\STemWin522\GUI\Core\GUI__DivTbl_255_31.c 0x00000000   Number         0  gui__divtbl_255_31.o ABSOLUTE
    ..\..\..\Utilities\Third_Party\STemWin522\GUI\Core\GUI__DivTbl_255_63.c 0x00000000   Number         0  gui__divtbl_255_63.o ABSOLUTE
    ..\..\..\Utilities\Third_Party\STemWin522\GUI\Core\GUI__DivTbl_31_255.c 0x00000000   Number         0  gui__divtbl_31_255.o ABSOLUTE
    ..\..\..\Utilities\Third_Party\STemWin522\GUI\Core\GUI__DivTbl_63_255.c 0x00000000   Number         0  gui__divtbl_63_255.o ABSOLUTE
    ..\..\..\Utilities\Third_Party\STemWin522\GUI\Core\GUI__ExpandPixelIndices.c 0x00000000   Number         0  gui__expandpixelindices.o ABSOLUTE
    ..\..\..\Utilities\Third_Party\STemWin522\GUI\Core\GUI__IntersectRect.c 0x00000000   Number         0  gui__intersectrect.o ABSOLUTE
    ..\..\..\Utilities\Third_Party\STemWin522\GUI\Core\GUI__IntersectRects.c 0x00000000   Number         0  gui__intersectrects.o ABSOLUTE
    ..\..\..\Utilities\Third_Party\STemWin522\GUI\Core\GUI__ManageCache.c 0x00000000   Number         0  gui__managecache.o ABSOLUTE
    ..\..\..\Utilities\Third_Party\STemWin522\GUI\Core\GUI__memset.c 0x00000000   Number         0  gui__memset.o ABSOLUTE
    ..\..\..\Utilities\Third_Party\STemWin522\GUI\Core\GUI__memset16.c 0x00000000   Number         0  gui__memset16.o ABSOLUTE
    ..\..\..\Utilities\Third_Party\STemWin522\GUI\Core\LCD.c 0x00000000   Number         0  lcd.o ABSOLUTE
    ..\..\..\Utilities\Third_Party\STemWin522\GUI\Core\LCD_AA.c 0x00000000   Number         0  lcd_aa.o ABSOLUTE
    ..\..\..\Utilities\Third_Party\STemWin522\GUI\Core\LCD_Color.c 0x00000000   Number         0  lcd_color.o ABSOLUTE
    ..\..\..\Utilities\Third_Party\STemWin522\GUI\Core\LCD_GetColorIndex.c 0x00000000   Number         0  lcd_getcolorindex.o ABSOLUTE
    ..\..\..\Utilities\Third_Party\STemWin522\GUI\Core\LCD_GetEx.c 0x00000000   Number         0  lcd_getex.o ABSOLUTE
    ..\..\..\Utilities\Third_Party\STemWin522\GUI\Core\LCD_GetNumDisplays.c 0x00000000   Number         0  lcd_getnumdisplays.o ABSOLUTE
    ..\..\..\Utilities\Third_Party\STemWin522\GUI\Core\LCD_GetP.c 0x00000000   Number         0  lcd_getp.o ABSOLUTE
    ..\..\..\Utilities\Third_Party\STemWin522\GUI\Core\LCD_GetPixelColor.c 0x00000000   Number         0  lcd_getpixelcolor.o ABSOLUTE
    ..\..\..\Utilities\Third_Party\STemWin522\GUI\Core\LCD_Mirror.c 0x00000000   Number         0  lcd_mirror.o ABSOLUTE
    ..\..\..\Utilities\Third_Party\STemWin522\GUI\Core\LCD_ReadRect.c 0x00000000   Number         0  lcd_readrect.o ABSOLUTE
    ..\..\..\Utilities\Third_Party\STemWin522\GUI\Core\LCD_SelectLCD.c 0x00000000   Number         0  lcd_selectlcd.o ABSOLUTE
    ..\..\..\Utilities\Third_Party\STemWin522\GUI\Core\LCD_Set.c 0x00000000   Number         0  lcd_set.o ABSOLUTE
    ..\..\..\Utilities\Third_Party\STemWin522\GUI\Core\LCD_SetClipRectEx.c 0x00000000   Number         0  lcd_setcliprectex.o ABSOLUTE
    ..\..\..\Utilities\Third_Party\STemWin522\GUI\Core\LCD_UpdateColorIndices.c 0x00000000   Number         0  lcd_updatecolorindices.o ABSOLUTE
    ..\..\..\Utilities\Third_Party\STemWin522\GUI\DisplayDriver\GUIDRV_FlexColor.c 0x00000000   Number         0  guidrv_flexcolor.o ABSOLUTE
    ..\..\..\Utilities\Third_Party\STemWin522\GUI\DisplayDriver\GUIDRV_FlexColor_16bpp_C0B16.c 0x00000000   Number         0  guidrv_flexcolor_16bpp_c0b16.o ABSOLUTE
    ..\..\..\Utilities\Third_Party\STemWin522\GUI\DisplayDriver\GUIDRV_FlexColor_Func66702.c 0x00000000   Number         0  guidrv_flexcolor_func66702.o ABSOLUTE
    ..\..\..\Utilities\Third_Party\STemWin522\GUI\Font\F6x8.c 0x00000000   Number         0  f6x8.o ABSOLUTE
    ..\..\..\Utilities\Third_Party\STemWin522\GUI\MemDev\GUIDEV.c 0x00000000   Number         0  guidev.o ABSOLUTE
    ..\..\..\Utilities\Third_Party\STemWin522\GUI\MemDev\GUIDEV_16.c 0x00000000   Number         0  guidev_16.o ABSOLUTE
    ..\..\..\Utilities\Third_Party\STemWin522\GUI\MemDev\GUIDEV_32.c 0x00000000   Number         0  guidev_32.o ABSOLUTE
    ..\..\..\Utilities\Third_Party\STemWin522\GUI\MemDev\GUIDEV_Banding.c 0x00000000   Number         0  guidev_banding.o ABSOLUTE
    ..\..\..\Utilities\Third_Party\STemWin522\GUI\MemDev\GUIDEV_Clear.c 0x00000000   Number         0  guidev_clear.o ABSOLUTE
    ..\..\..\Utilities\Third_Party\STemWin522\GUI\MemDev\GUIDEV_CreateFixed.c 0x00000000   Number         0  guidev_createfixed.o ABSOLUTE
    ..\..\..\Utilities\Third_Party\STemWin522\GUI\MemDev\GUIDEV_GetDataPtr.c 0x00000000   Number         0  guidev_getdataptr.o ABSOLUTE
    ..\..\..\Utilities\Third_Party\STemWin522\GUI\MemDev\GUIDEV_GetPos.c 0x00000000   Number         0  guidev_getpos.o ABSOLUTE
    ..\..\..\Utilities\Third_Party\STemWin522\GUI\MemDev\GUIDEV_GetXSize.c 0x00000000   Number         0  guidev_getxsize.o ABSOLUTE
    ..\..\..\Utilities\Third_Party\STemWin522\GUI\MemDev\GUIDEV_GetYSize.c 0x00000000   Number         0  guidev_getysize.o ABSOLUTE
    ..\..\..\Utilities\Third_Party\STemWin522\GUI\MemDev\GUIDEV_ReduceYSize.c 0x00000000   Number         0  guidev_reduceysize.o ABSOLUTE
    ..\..\..\Utilities\Third_Party\STemWin522\GUI\MemDev\GUIDEV_SetOrg.c 0x00000000   Number         0  guidev_setorg.o ABSOLUTE
    ..\..\..\Utilities\Third_Party\STemWin522\GUI\MemDev\GUIDEV_StaticDevices.c 0x00000000   Number         0  guidev_staticdevices.o ABSOLUTE
    ..\..\..\Utilities\Third_Party\STemWin522\GUI\MemDev\GUIDEV_Usage.c 0x00000000   Number         0  guidev_usage.o ABSOLUTE
    ..\..\..\Utilities\Third_Party\STemWin522\GUI\MemDev\GUIDEV_UsageBM.c 0x00000000   Number         0  guidev_usagebm.o ABSOLUTE
    ..\..\..\Utilities\Third_Party\STemWin522\GUI\MemDev\GUIDEV_Write.c 0x00000000   Number         0  guidev_write.o ABSOLUTE
    ..\..\..\Utilities\Third_Party\STemWin522\GUI\MemDev\GUIDEV_WriteToActiveAlpha.c 0x00000000   Number         0  guidev_writetoactivealpha.o ABSOLUTE
    ..\..\..\Utilities\Third_Party\STemWin522\GUI\MemDev\GUIDEV_WriteToActiveOpaque.c 0x00000000   Number         0  guidev_writetoactiveopaque.o ABSOLUTE
    ..\..\..\Utilities\Third_Party\STemWin522\GUI\WM\WM.c 0x00000000   Number         0  wm.o ABSOLUTE
    ..\..\..\Utilities\Third_Party\STemWin522\GUI\WM\WM_BringToBottom.c 0x00000000   Number         0  wm_bringtobottom.o ABSOLUTE
    ..\..\..\Utilities\Third_Party\STemWin522\GUI\WM\WM_CriticalHandle.c 0x00000000   Number         0  wm_criticalhandle.o ABSOLUTE
    ..\..\..\Utilities\Third_Party\STemWin522\GUI\WM\WM_GetClientRect.c 0x00000000   Number         0  wm_getclientrect.o ABSOLUTE
    ..\..\..\Utilities\Third_Party\STemWin522\GUI\WM\WM_GetDesktopWindow.c 0x00000000   Number         0  wm_getdesktopwindow.o ABSOLUTE
    ..\..\..\Utilities\Third_Party\STemWin522\GUI\WM\WM_GetDesktopWindowEx.c 0x00000000   Number         0  wm_getdesktopwindowex.o ABSOLUTE
    ..\..\..\Utilities\Third_Party\STemWin522\GUI\WM\WM_GetFirstChild.c 0x00000000   Number         0  wm_getfirstchild.o ABSOLUTE
    ..\..\..\Utilities\Third_Party\STemWin522\GUI\WM\WM_GetParent.c 0x00000000   Number         0  wm_getparent.o ABSOLUTE
    ..\..\..\Utilities\Third_Party\STemWin522\GUI\WM\WM_GetWindowRect.c 0x00000000   Number         0  wm_getwindowrect.o ABSOLUTE
    ..\..\..\Utilities\Third_Party\STemWin522\GUI\WM\WM_IsWindow.c 0x00000000   Number         0  wm_iswindow.o ABSOLUTE
    ..\..\..\Utilities\Third_Party\STemWin522\GUI\WM\WM_Move.c 0x00000000   Number         0  wm_move.o ABSOLUTE
    ..\..\..\Utilities\Third_Party\STemWin522\GUI\WM\WM_NotifyParent.c 0x00000000   Number         0  wm_notifyparent.o ABSOLUTE
    ..\..\..\Utilities\Third_Party\STemWin522\GUI\WM\WM_OnKey.c 0x00000000   Number         0  wm_onkey.o ABSOLUTE
    ..\..\..\Utilities\Third_Party\STemWin522\GUI\WM\WM_PID__GetPrevState.c 0x00000000   Number         0  wm_pid__getprevstate.o ABSOLUTE
    ..\..\..\Utilities\Third_Party\STemWin522\GUI\WM\WM_ResizeWindow.c 0x00000000   Number         0  wm_resizewindow.o ABSOLUTE
    ..\..\..\Utilities\Third_Party\STemWin522\GUI\WM\WM_Screen2Win.c 0x00000000   Number         0  wm_screen2win.o ABSOLUTE
    ..\..\..\Utilities\Third_Party\STemWin522\GUI\WM\WM_SendMessageNoPara.c 0x00000000   Number         0  wm_sendmessagenopara.o ABSOLUTE
    ..\..\..\Utilities\Third_Party\STemWin522\GUI\WM\WM_SendToParent.c 0x00000000   Number         0  wm_sendtoparent.o ABSOLUTE
    ..\..\..\Utilities\Third_Party\STemWin522\GUI\WM\WM_SetCapture.c 0x00000000   Number         0  wm_setcapture.o ABSOLUTE
    ..\..\..\Utilities\Third_Party\STemWin522\GUI\WM\WM_SetSize.c 0x00000000   Number         0  wm_setsize.o ABSOLUTE
    ..\..\..\Utilities\Third_Party\STemWin522\GUI\WM\WM_Timer.c 0x00000000   Number         0  wm_timer.o ABSOLUTE
    ..\..\..\Utilities\Third_Party\STemWin522\GUI\WM\WM_Touch.c 0x00000000   Number         0  wm_touch.o ABSOLUTE
    ..\..\..\Utilities\Third_Party\STemWin522\GUI\WM\WM__GetFirstSibling.c 0x00000000   Number         0  wm__getfirstsibling.o ABSOLUTE
    ..\..\..\Utilities\Third_Party\STemWin522\GUI\WM\WM__GetPrevSibling.c 0x00000000   Number         0  wm__getprevsibling.o ABSOLUTE
    ..\..\..\Utilities\Third_Party\STemWin522\GUI\WM\WM__IsAncestor.c 0x00000000   Number         0  wm__isancestor.o ABSOLUTE
    ..\..\..\Utilities\Third_Party\STemWin522\GUI\WM\WM__IsEnabled.c 0x00000000   Number         0  wm__isenabled.o ABSOLUTE
    ..\..\..\Utilities\Third_Party\STemWin522\GUI\WM\WM__SendMessage.c 0x00000000   Number         0  wm__sendmessage.o ABSOLUTE
    ..\..\..\Utilities\Third_Party\STemWin522\GUI\WM\WM__SendMessageIfEnabled.c 0x00000000   Number         0  wm__sendmessageifenabled.o ABSOLUTE
    ..\..\..\Utilities\Third_Party\STemWin522\GUI\WM\WM__SendMessageNoPara.c 0x00000000   Number         0  wm__sendmessagenopara.o ABSOLUTE
    ..\..\..\Utilities\Third_Party\STemWin522\GUI\WM\WM__UpdateChildPositions.c 0x00000000   Number         0  wm__updatechildpositions.o ABSOLUTE
    ..\..\Drivers\user_drivers\key.c         0x00000000   Number         0  key.o ABSOLUTE
    ..\..\Drivers\user_drivers\lcd_ssd1289.c 0x00000000   Number         0  lcd_ssd1289.o ABSOLUTE
    ..\..\Drivers\user_drivers\led.c         0x00000000   Number         0  led.o ABSOLUTE
    ..\..\STemWinLibrary522\Config\GUIConf.c 0x00000000   Number         0  guiconf.o ABSOLUTE
    ..\..\STemWinLibrary522\Config\LCDConf_FlexColor_Template.c 0x00000000   Number         0  lcdconf_flexcolor_template.o ABSOLUTE
    ..\..\STemWinLibrary522\OS\GUI_X.c       0x00000000   Number         0  gui_x.o ABSOLUTE
    ..\..\STemWinLibrary522\font\YaHei28.c   0x00000000   Number         0  yahei28.o ABSOLUTE
    ..\..\drivers\board_drivers\bsp.c        0x00000000   Number         0  bsp.o ABSOLUTE
    ..\..\drivers\board_drivers\uart_printf.c 0x00000000   Number         0  uart_printf.o ABSOLUTE
    ..\Drivers\CMSIS\Device\ST\STM32F1xx\Source\Templates\system_stm32f1xx.c 0x00000000   Number         0  system_stm32f1xx.o ABSOLUTE
    ..\Drivers\STM32F1xx_HAL_Driver\Src\stm32f1xx_hal.c 0x00000000   Number         0  stm32f1xx_hal.o ABSOLUTE
    ..\Drivers\STM32F1xx_HAL_Driver\Src\stm32f1xx_hal_cortex.c 0x00000000   Number         0  stm32f1xx_hal_cortex.o ABSOLUTE
    ..\Drivers\STM32F1xx_HAL_Driver\Src\stm32f1xx_hal_crc.c 0x00000000   Number         0  stm32f1xx_hal_crc.o ABSOLUTE
    ..\Drivers\STM32F1xx_HAL_Driver\Src\stm32f1xx_hal_dma.c 0x00000000   Number         0  stm32f1xx_hal_dma.o ABSOLUTE
    ..\Drivers\STM32F1xx_HAL_Driver\Src\stm32f1xx_hal_flash.c 0x00000000   Number         0  stm32f1xx_hal_flash.o ABSOLUTE
    ..\Drivers\STM32F1xx_HAL_Driver\Src\stm32f1xx_hal_flash_ex.c 0x00000000   Number         0  stm32f1xx_hal_flash_ex.o ABSOLUTE
    ..\Drivers\STM32F1xx_HAL_Driver\Src\stm32f1xx_hal_gpio.c 0x00000000   Number         0  stm32f1xx_hal_gpio.o ABSOLUTE
    ..\Drivers\STM32F1xx_HAL_Driver\Src\stm32f1xx_hal_pwr.c 0x00000000   Number         0  stm32f1xx_hal_pwr.o ABSOLUTE
    ..\Drivers\STM32F1xx_HAL_Driver\Src\stm32f1xx_hal_rcc.c 0x00000000   Number         0  stm32f1xx_hal_rcc.o ABSOLUTE
    ..\Drivers\STM32F1xx_HAL_Driver\Src\stm32f1xx_hal_rcc_ex.c 0x00000000   Number         0  stm32f1xx_hal_rcc_ex.o ABSOLUTE
    ..\Drivers\STM32F1xx_HAL_Driver\Src\stm32f1xx_hal_tim.c 0x00000000   Number         0  stm32f1xx_hal_tim.o ABSOLUTE
    ..\Drivers\STM32F1xx_HAL_Driver\Src\stm32f1xx_hal_tim_ex.c 0x00000000   Number         0  stm32f1xx_hal_tim_ex.o ABSOLUTE
    ..\Drivers\STM32F1xx_HAL_Driver\Src\stm32f1xx_hal_uart.c 0x00000000   Number         0  stm32f1xx_hal_uart.o ABSOLUTE
    ..\Src\crc.c                             0x00000000   Number         0  crc.o ABSOLUTE
    ..\Src\dma.c                             0x00000000   Number         0  dma.o ABSOLUTE
    ..\Src\gpio.c                            0x00000000   Number         0  gpio.o ABSOLUTE
    ..\Src\main.c                            0x00000000   Number         0  main.o ABSOLUTE
    ..\Src\stm32f1xx_hal_msp.c               0x00000000   Number         0  stm32f1xx_hal_msp.o ABSOLUTE
    ..\Src\stm32f1xx_it.c                    0x00000000   Number         0  stm32f1xx_it.o ABSOLUTE
    ..\Src\usart.c                           0x00000000   Number         0  usart.o ABSOLUTE
    ..\\..\\Drivers\\user_drivers\\key.c     0x00000000   Number         0  key.o ABSOLUTE
    ..\\..\\Drivers\\user_drivers\\lcd_ssd1289.c 0x00000000   Number         0  lcd_ssd1289.o ABSOLUTE
    ..\\..\\Drivers\\user_drivers\\led.c     0x00000000   Number         0  led.o ABSOLUTE
    ..\\..\\STemWinLibrary522\\Config\\LCDConf_FlexColor_Template.c 0x00000000   Number         0  lcdconf_flexcolor_template.o ABSOLUTE
    ..\\..\\drivers\\board_drivers\\bsp.c    0x00000000   Number         0  bsp.o ABSOLUTE
    ..\\..\\drivers\\board_drivers\\uart_printf.c 0x00000000   Number         0  uart_printf.o ABSOLUTE
    cdcmple.s                                0x00000000   Number         0  cdcmple.o ABSOLUTE
    cdrcmple.s                               0x00000000   Number         0  cdrcmple.o ABSOLUTE
    dc.s                                     0x00000000   Number         0  dc.o ABSOLUTE
    handlers.s                               0x00000000   Number         0  handlers.o ABSOLUTE
    init.s                                   0x00000000   Number         0  init.o ABSOLUTE
    startup_stm32f107xc.s                    0x00000000   Number         0  startup_stm32f107xc.o ABSOLUTE
    RESET                                    0x08000000   Section      336  startup_stm32f107xc.o(RESET)
    .ARM.Collect$$$$00000000                 0x08000150   Section        0  entry.o(.ARM.Collect$$$$00000000)
    .ARM.Collect$$$$00000001                 0x08000150   Section        4  entry2.o(.ARM.Collect$$$$00000001)
    .ARM.Collect$$$$00000004                 0x08000154   Section        4  entry5.o(.ARM.Collect$$$$00000004)
    .ARM.Collect$$$$00000008                 0x08000158   Section        0  entry7b.o(.ARM.Collect$$$$00000008)
    .ARM.Collect$$$$0000000A                 0x08000158   Section        0  entry8b.o(.ARM.Collect$$$$0000000A)
    .ARM.Collect$$$$0000000B                 0x08000158   Section        8  entry9a.o(.ARM.Collect$$$$0000000B)
    .ARM.Collect$$$$0000000D                 0x08000160   Section        0  entry10a.o(.ARM.Collect$$$$0000000D)
    .ARM.Collect$$$$0000000F                 0x08000160   Section        0  entry11a.o(.ARM.Collect$$$$0000000F)
    .ARM.Collect$$$$00002712                 0x08000160   Section        4  entry2.o(.ARM.Collect$$$$00002712)
    __lit__00000000                          0x08000160   Data           4  entry2.o(.ARM.Collect$$$$00002712)
    .text                                    0x08000164   Section       36  startup_stm32f107xc.o(.text)
    .text                                    0x08000188   Section       36  init.o(.text)
    i.DMA1_Channel4_IRQHandler               0x080001ac   Section        0  stm32f1xx_it.o(i.DMA1_Channel4_IRQHandler)
    i.DMA1_Channel5_IRQHandler               0x080001bc   Section        0  stm32f1xx_it.o(i.DMA1_Channel5_IRQHandler)
    i.HAL_CRC_Init                           0x080001cc   Section        0  stm32f1xx_hal_crc.o(i.HAL_CRC_Init)
    i.HAL_CRC_MspInit                        0x080001ec   Section        0  crc.o(i.HAL_CRC_MspInit)
    i.HAL_DMA_IRQHandler                     0x0800021c   Section        0  stm32f1xx_hal_dma.o(i.HAL_DMA_IRQHandler)
    i.HAL_DMA_Init                           0x08000b24   Section        0  stm32f1xx_hal_dma.o(i.HAL_DMA_Init)
    i.HAL_Delay                              0x08000b78   Section        0  stm32f1xx_hal.o(i.HAL_Delay)
    i.HAL_GPIO_Init                          0x08000b94   Section        0  stm32f1xx_hal_gpio.o(i.HAL_GPIO_Init)
    i.HAL_GPIO_WritePin                      0x08000eb0   Section        0  stm32f1xx_hal_gpio.o(i.HAL_GPIO_WritePin)
    i.HAL_GetTick                            0x08000ebc   Section        0  stm32f1xx_hal.o(i.HAL_GetTick)
    i.HAL_IncTick                            0x08000ec8   Section        0  stm32f1xx_hal.o(i.HAL_IncTick)
    i.HAL_Init                               0x08000ed8   Section        0  stm32f1xx_hal.o(i.HAL_Init)
    i.HAL_InitTick                           0x08000f00   Section        0  stm32f1xx_hal.o(i.HAL_InitTick)
    i.HAL_MspInit                            0x08000f24   Section        0  stm32f1xx_hal_msp.o(i.HAL_MspInit)
    i.HAL_NVIC_EnableIRQ                     0x08000f9c   Section        0  stm32f1xx_hal_cortex.o(i.HAL_NVIC_EnableIRQ)
    i.HAL_NVIC_SetPriority                   0x08000fb6   Section        0  stm32f1xx_hal_cortex.o(i.HAL_NVIC_SetPriority)
    i.HAL_NVIC_SetPriorityGrouping           0x08001034   Section        0  stm32f1xx_hal_cortex.o(i.HAL_NVIC_SetPriorityGrouping)
    i.HAL_RCC_ClockConfig                    0x0800105c   Section        0  stm32f1xx_hal_rcc.o(i.HAL_RCC_ClockConfig)
    i.HAL_RCC_GetHCLKFreq                    0x08001490   Section        0  stm32f1xx_hal_rcc.o(i.HAL_RCC_GetHCLKFreq)
    i.HAL_RCC_GetPCLK1Freq                   0x080014c8   Section        0  stm32f1xx_hal_rcc.o(i.HAL_RCC_GetPCLK1Freq)
    i.HAL_RCC_GetPCLK2Freq                   0x080014f4   Section        0  stm32f1xx_hal_rcc.o(i.HAL_RCC_GetPCLK2Freq)
    i.HAL_RCC_GetSysClockFreq                0x08001520   Section        0  stm32f1xx_hal_rcc.o(i.HAL_RCC_GetSysClockFreq)
    i.HAL_RCC_OscConfig                      0x08001678   Section        0  stm32f1xx_hal_rcc.o(i.HAL_RCC_OscConfig)
    i.HAL_SYSTICK_CLKSourceConfig            0x08002218   Section        0  stm32f1xx_hal_cortex.o(i.HAL_SYSTICK_CLKSourceConfig)
    i.HAL_SYSTICK_Callback                   0x08002240   Section        0  stm32f1xx_hal_cortex.o(i.HAL_SYSTICK_Callback)
    i.HAL_SYSTICK_Config                     0x08002242   Section        0  stm32f1xx_hal_cortex.o(i.HAL_SYSTICK_Config)
    i.HAL_SYSTICK_IRQHandler                 0x08002276   Section        0  stm32f1xx_hal_cortex.o(i.HAL_SYSTICK_IRQHandler)
    i.HAL_UART_ErrorCallback                 0x0800227e   Section        0  stm32f1xx_hal_uart.o(i.HAL_UART_ErrorCallback)
    i.HAL_UART_IRQHandler                    0x08002280   Section        0  stm32f1xx_hal_uart.o(i.HAL_UART_IRQHandler)
    i.HAL_UART_Init                          0x0800235a   Section        0  stm32f1xx_hal_uart.o(i.HAL_UART_Init)
    i.HAL_UART_MspInit                       0x080023c8   Section        0  usart.o(i.HAL_UART_MspInit)
    i.HAL_UART_RxCpltCallback                0x080024a4   Section        0  stm32f1xx_hal_uart.o(i.HAL_UART_RxCpltCallback)
    i.HAL_UART_Transmit                      0x080024a6   Section        0  stm32f1xx_hal_uart.o(i.HAL_UART_Transmit)
    i.HAL_UART_TxCpltCallback                0x08002596   Section        0  stm32f1xx_hal_uart.o(i.HAL_UART_TxCpltCallback)
    i.MX_CRC_Init                            0x08002598   Section        0  crc.o(i.MX_CRC_Init)
    i.MX_DMA_Init                            0x080025b0   Section        0  dma.o(i.MX_DMA_Init)
    i.MX_GPIO_Init                           0x080025f4   Section        0  gpio.o(i.MX_GPIO_Init)
    i.MX_USART1_UART_Init                    0x080026cc   Section        0  usart.o(i.MX_USART1_UART_Init)
    i.NVIC_GetPriorityGrouping               0x080026fc   Section        0  stm32f1xx_hal_cortex.o(i.NVIC_GetPriorityGrouping)
    NVIC_GetPriorityGrouping                 0x080026fd   Thumb Code    10  stm32f1xx_hal_cortex.o(i.NVIC_GetPriorityGrouping)
    i.NVIC_SetPriority                       0x0800270c   Section        0  stm32f1xx_hal_cortex.o(i.NVIC_SetPriority)
    NVIC_SetPriority                         0x0800270d   Thumb Code    32  stm32f1xx_hal_cortex.o(i.NVIC_SetPriority)
    i.SysTick_Handler                        0x08002734   Section        0  stm32f1xx_it.o(i.SysTick_Handler)
    i.SystemClock_Config                     0x08002740   Section        0  main.o(i.SystemClock_Config)
    i.SystemInit                             0x080027d0   Section        0  system_stm32f1xx.o(i.SystemInit)
    i.UART_EndTransmit_IT                    0x08002834   Section        0  stm32f1xx_hal_uart.o(i.UART_EndTransmit_IT)
    UART_EndTransmit_IT                      0x08002835   Thumb Code    48  stm32f1xx_hal_uart.o(i.UART_EndTransmit_IT)
    i.UART_Receive_IT                        0x08002864   Section        0  stm32f1xx_hal_uart.o(i.UART_Receive_IT)
    UART_Receive_IT                          0x08002865   Thumb Code   188  stm32f1xx_hal_uart.o(i.UART_Receive_IT)
    i.UART_SetConfig                         0x08002920   Section        0  stm32f1xx_hal_uart.o(i.UART_SetConfig)
    UART_SetConfig                           0x08002921   Thumb Code   290  stm32f1xx_hal_uart.o(i.UART_SetConfig)
    i.UART_Transmit_IT                       0x08002a48   Section        0  stm32f1xx_hal_uart.o(i.UART_Transmit_IT)
    UART_Transmit_IT                         0x08002a49   Thumb Code   112  stm32f1xx_hal_uart.o(i.UART_Transmit_IT)
    i.UART_WaitOnFlagUntilTimeout            0x08002ab8   Section        0  stm32f1xx_hal_uart.o(i.UART_WaitOnFlagUntilTimeout)
    UART_WaitOnFlagUntilTimeout              0x08002ab9   Thumb Code   250  stm32f1xx_hal_uart.o(i.UART_WaitOnFlagUntilTimeout)
    i.USART1_IRQHandler                      0x08002bb4   Section        0  stm32f1xx_it.o(i.USART1_IRQHandler)
    i.__0printf$bare                         0x08002bc4   Section        0  printfb.o(i.__0printf$bare)
    i.__scatterload_copy                     0x08002bd4   Section       14  handlers.o(i.__scatterload_copy)
    i.__scatterload_null                     0x08002be2   Section        2  handlers.o(i.__scatterload_null)
    i.__scatterload_zeroinit                 0x08002be4   Section       14  handlers.o(i.__scatterload_zeroinit)
    i._printf_core                           0x08002bf2   Section        0  printfb.o(i._printf_core)
    _printf_core                             0x08002bf3   Thumb Code    34  printfb.o(i._printf_core)
    i.bsp_init                               0x08002c14   Section        0  bsp.o(i.bsp_init)
    i.bsp_printf_info                        0x08002c1c   Section        0  bsp.o(i.bsp_printf_info)
    bsp_printf_info                          0x08002c1d   Thumb Code    28  bsp.o(i.bsp_printf_info)
    i.fputc                                  0x08002c94   Section        0  uart_printf.o(i.fputc)
    i.main                                   0x08002cb0   Section        0  main.o(i.main)
    .constdata                               0x08002ce8   Section       16  stm32f1xx_hal_rcc.o(.constdata)
    .data                                    0x20000000   Section        4  system_stm32f1xx.o(.data)
    .data                                    0x20000004   Section        4  stm32f1xx_hal.o(.data)
    uwTick                                   0x20000004   Data           4  stm32f1xx_hal.o(.data)
    .data                                    0x20000008   Section        8  crc.o(.data)
    .data                                    0x20000010   Section        4  stdout.o(.data)
    .bss                                     0x20000014   Section      176  usart.o(.bss)
    STACK                                    0x200000c8   Section      512  startup_stm32f107xc.o(STACK)

    Global Symbols

    Symbol Name                              Value     Ov Type        Size  Object(Section)

    BuildAttributes$$THM_ISAv4$P$D$K$B$S$PE$A:L22UL41UL21$X:L11$S22US41US21$IEEE1$IW$USESV6$~STKCKD$USESV7$~SHL$OTIME$ROPI$IEEEX$EBA8$MICROLIB$REQ8$PRES8$EABIv2 0x00000000   Number         0  anon$$obj.o ABSOLUTE
    __ARM_use_no_argv                        0x00000000   Number         0  main.o ABSOLUTE
    __cpp_initialize__aeabi_                  - Undefined Weak Reference
    __cxa_finalize                            - Undefined Weak Reference
    __decompress                              - Undefined Weak Reference
    _clock_init                               - Undefined Weak Reference
    _microlib_exit                            - Undefined Weak Reference
    __Vectors_Size                           0x00000150   Number         0  startup_stm32f107xc.o ABSOLUTE
    __Vectors                                0x08000000   Data           4  startup_stm32f107xc.o(RESET)
    __Vectors_End                            0x08000150   Data           0  startup_stm32f107xc.o(RESET)
    __main                                   0x08000151   Thumb Code     0  entry.o(.ARM.Collect$$$$00000000)
    _main_stk                                0x08000151   Thumb Code     0  entry2.o(.ARM.Collect$$$$00000001)
    _main_scatterload                        0x08000155   Thumb Code     0  entry5.o(.ARM.Collect$$$$00000004)
    __main_after_scatterload                 0x08000159   Thumb Code     0  entry5.o(.ARM.Collect$$$$00000004)
    _main_clock                              0x08000159   Thumb Code     0  entry7b.o(.ARM.Collect$$$$00000008)
    _main_cpp_init                           0x08000159   Thumb Code     0  entry8b.o(.ARM.Collect$$$$0000000A)
    _main_init                               0x08000159   Thumb Code     0  entry9a.o(.ARM.Collect$$$$0000000B)
    __rt_final_cpp                           0x08000161   Thumb Code     0  entry10a.o(.ARM.Collect$$$$0000000D)
    __rt_final_exit                          0x08000161   Thumb Code     0  entry11a.o(.ARM.Collect$$$$0000000F)
    Reset_Handler                            0x08000165   Thumb Code     8  startup_stm32f107xc.o(.text)
    NMI_Handler                              0x0800016d   Thumb Code     2  startup_stm32f107xc.o(.text)
    HardFault_Handler                        0x0800016f   Thumb Code     2  startup_stm32f107xc.o(.text)
    MemManage_Handler                        0x08000171   Thumb Code     2  startup_stm32f107xc.o(.text)
    BusFault_Handler                         0x08000173   Thumb Code     2  startup_stm32f107xc.o(.text)
    UsageFault_Handler                       0x08000175   Thumb Code     2  startup_stm32f107xc.o(.text)
    SVC_Handler                              0x08000177   Thumb Code     2  startup_stm32f107xc.o(.text)
    DebugMon_Handler                         0x08000179   Thumb Code     2  startup_stm32f107xc.o(.text)
    PendSV_Handler                           0x0800017b   Thumb Code     2  startup_stm32f107xc.o(.text)
    ADC1_2_IRQHandler                        0x0800017f   Thumb Code     0  startup_stm32f107xc.o(.text)
    CAN1_RX0_IRQHandler                      0x0800017f   Thumb Code     0  startup_stm32f107xc.o(.text)
    CAN1_RX1_IRQHandler                      0x0800017f   Thumb Code     0  startup_stm32f107xc.o(.text)
    CAN1_SCE_IRQHandler                      0x0800017f   Thumb Code     0  startup_stm32f107xc.o(.text)
    CAN1_TX_IRQHandler                       0x0800017f   Thumb Code     0  startup_stm32f107xc.o(.text)
    CAN2_RX0_IRQHandler                      0x0800017f   Thumb Code     0  startup_stm32f107xc.o(.text)
    CAN2_RX1_IRQHandler                      0x0800017f   Thumb Code     0  startup_stm32f107xc.o(.text)
    CAN2_SCE_IRQHandler                      0x0800017f   Thumb Code     0  startup_stm32f107xc.o(.text)
    CAN2_TX_IRQHandler                       0x0800017f   Thumb Code     0  startup_stm32f107xc.o(.text)
    DMA1_Channel1_IRQHandler                 0x0800017f   Thumb Code     0  startup_stm32f107xc.o(.text)
    DMA1_Channel2_IRQHandler                 0x0800017f   Thumb Code     0  startup_stm32f107xc.o(.text)
    DMA1_Channel3_IRQHandler                 0x0800017f   Thumb Code     0  startup_stm32f107xc.o(.text)
    DMA1_Channel6_IRQHandler                 0x0800017f   Thumb Code     0  startup_stm32f107xc.o(.text)
    DMA1_Channel7_IRQHandler                 0x0800017f   Thumb Code     0  startup_stm32f107xc.o(.text)
    DMA2_Channel1_IRQHandler                 0x0800017f   Thumb Code     0  startup_stm32f107xc.o(.text)
    DMA2_Channel2_IRQHandler                 0x0800017f   Thumb Code     0  startup_stm32f107xc.o(.text)
    DMA2_Channel3_IRQHandler                 0x0800017f   Thumb Code     0  startup_stm32f107xc.o(.text)
    DMA2_Channel4_IRQHandler                 0x0800017f   Thumb Code     0  startup_stm32f107xc.o(.text)
    DMA2_Channel5_IRQHandler                 0x0800017f   Thumb Code     0  startup_stm32f107xc.o(.text)
    ETH_IRQHandler                           0x0800017f   Thumb Code     0  startup_stm32f107xc.o(.text)
    ETH_WKUP_IRQHandler                      0x0800017f   Thumb Code     0  startup_stm32f107xc.o(.text)
    EXTI0_IRQHandler                         0x0800017f   Thumb Code     0  startup_stm32f107xc.o(.text)
    EXTI15_10_IRQHandler                     0x0800017f   Thumb Code     0  startup_stm32f107xc.o(.text)
    EXTI1_IRQHandler                         0x0800017f   Thumb Code     0  startup_stm32f107xc.o(.text)
    EXTI2_IRQHandler                         0x0800017f   Thumb Code     0  startup_stm32f107xc.o(.text)
    EXTI3_IRQHandler                         0x0800017f   Thumb Code     0  startup_stm32f107xc.o(.text)
    EXTI4_IRQHandler                         0x0800017f   Thumb Code     0  startup_stm32f107xc.o(.text)
    EXTI9_5_IRQHandler                       0x0800017f   Thumb Code     0  startup_stm32f107xc.o(.text)
    FLASH_IRQHandler                         0x0800017f   Thumb Code     0  startup_stm32f107xc.o(.text)
    I2C1_ER_IRQHandler                       0x0800017f   Thumb Code     0  startup_stm32f107xc.o(.text)
    I2C1_EV_IRQHandler                       0x0800017f   Thumb Code     0  startup_stm32f107xc.o(.text)
    I2C2_ER_IRQHandler                       0x0800017f   Thumb Code     0  startup_stm32f107xc.o(.text)
    I2C2_EV_IRQHandler                       0x0800017f   Thumb Code     0  startup_stm32f107xc.o(.text)
    OTG_FS_IRQHandler                        0x0800017f   Thumb Code     0  startup_stm32f107xc.o(.text)
    OTG_FS_WKUP_IRQHandler                   0x0800017f   Thumb Code     0  startup_stm32f107xc.o(.text)
    PVD_IRQHandler                           0x0800017f   Thumb Code     0  startup_stm32f107xc.o(.text)
    RCC_IRQHandler                           0x0800017f   Thumb Code     0  startup_stm32f107xc.o(.text)
    RTC_Alarm_IRQHandler                     0x0800017f   Thumb Code     0  startup_stm32f107xc.o(.text)
    RTC_IRQHandler                           0x0800017f   Thumb Code     0  startup_stm32f107xc.o(.text)
    SPI1_IRQHandler                          0x0800017f   Thumb Code     0  startup_stm32f107xc.o(.text)
    SPI2_IRQHandler                          0x0800017f   Thumb Code     0  startup_stm32f107xc.o(.text)
    SPI3_IRQHandler                          0x0800017f   Thumb Code     0  startup_stm32f107xc.o(.text)
    TAMPER_IRQHandler                        0x0800017f   Thumb Code     0  startup_stm32f107xc.o(.text)
    TIM1_BRK_IRQHandler                      0x0800017f   Thumb Code     0  startup_stm32f107xc.o(.text)
    TIM1_CC_IRQHandler                       0x0800017f   Thumb Code     0  startup_stm32f107xc.o(.text)
    TIM1_TRG_COM_IRQHandler                  0x0800017f   Thumb Code     0  startup_stm32f107xc.o(.text)
    TIM1_UP_IRQHandler                       0x0800017f   Thumb Code     0  startup_stm32f107xc.o(.text)
    TIM2_IRQHandler                          0x0800017f   Thumb Code     0  startup_stm32f107xc.o(.text)
    TIM3_IRQHandler                          0x0800017f   Thumb Code     0  startup_stm32f107xc.o(.text)
    TIM4_IRQHandler                          0x0800017f   Thumb Code     0  startup_stm32f107xc.o(.text)
    TIM5_IRQHandler                          0x0800017f   Thumb Code     0  startup_stm32f107xc.o(.text)
    TIM6_IRQHandler                          0x0800017f   Thumb Code     0  startup_stm32f107xc.o(.text)
    TIM7_IRQHandler                          0x0800017f   Thumb Code     0  startup_stm32f107xc.o(.text)
    UART4_IRQHandler                         0x0800017f   Thumb Code     0  startup_stm32f107xc.o(.text)
    UART5_IRQHandler                         0x0800017f   Thumb Code     0  startup_stm32f107xc.o(.text)
    USART2_IRQHandler                        0x0800017f   Thumb Code     0  startup_stm32f107xc.o(.text)
    USART3_IRQHandler                        0x0800017f   Thumb Code     0  startup_stm32f107xc.o(.text)
    WWDG_IRQHandler                          0x0800017f   Thumb Code     0  startup_stm32f107xc.o(.text)
    __scatterload                            0x08000189   Thumb Code    28  init.o(.text)
    __scatterload_rt2                        0x08000189   Thumb Code     0  init.o(.text)
    DMA1_Channel4_IRQHandler                 0x080001ad   Thumb Code    10  stm32f1xx_it.o(i.DMA1_Channel4_IRQHandler)
    DMA1_Channel5_IRQHandler                 0x080001bd   Thumb Code    10  stm32f1xx_it.o(i.DMA1_Channel5_IRQHandler)
    HAL_CRC_Init                             0x080001cd   Thumb Code    32  stm32f1xx_hal_crc.o(i.HAL_CRC_Init)
    HAL_CRC_MspInit                          0x080001ed   Thumb Code    40  crc.o(i.HAL_CRC_MspInit)
    HAL_DMA_IRQHandler                       0x0800021d   Thumb Code  2304  stm32f1xx_hal_dma.o(i.HAL_DMA_IRQHandler)
    HAL_DMA_Init                             0x08000b25   Thumb Code    84  stm32f1xx_hal_dma.o(i.HAL_DMA_Init)
    HAL_Delay                                0x08000b79   Thumb Code    26  stm32f1xx_hal.o(i.HAL_Delay)
    HAL_GPIO_Init                            0x08000b95   Thumb Code   764  stm32f1xx_hal_gpio.o(i.HAL_GPIO_Init)
    HAL_GPIO_WritePin                        0x08000eb1   Thumb Code    12  stm32f1xx_hal_gpio.o(i.HAL_GPIO_WritePin)
    HAL_GetTick                              0x08000ebd   Thumb Code     6  stm32f1xx_hal.o(i.HAL_GetTick)
    HAL_IncTick                              0x08000ec9   Thumb Code    12  stm32f1xx_hal.o(i.HAL_IncTick)
    HAL_Init                                 0x08000ed9   Thumb Code    34  stm32f1xx_hal.o(i.HAL_Init)
    HAL_InitTick                             0x08000f01   Thumb Code    36  stm32f1xx_hal.o(i.HAL_InitTick)
    HAL_MspInit                              0x08000f25   Thumb Code   110  stm32f1xx_hal_msp.o(i.HAL_MspInit)
    HAL_NVIC_EnableIRQ                       0x08000f9d   Thumb Code    26  stm32f1xx_hal_cortex.o(i.HAL_NVIC_EnableIRQ)
    HAL_NVIC_SetPriority                     0x08000fb7   Thumb Code   124  stm32f1xx_hal_cortex.o(i.HAL_NVIC_SetPriority)
    HAL_NVIC_SetPriorityGrouping             0x08001035   Thumb Code    32  stm32f1xx_hal_cortex.o(i.HAL_NVIC_SetPriorityGrouping)
    HAL_RCC_ClockConfig                      0x0800105d   Thumb Code  1072  stm32f1xx_hal_rcc.o(i.HAL_RCC_ClockConfig)
    HAL_RCC_GetHCLKFreq                      0x08001491   Thumb Code    42  stm32f1xx_hal_rcc.o(i.HAL_RCC_GetHCLKFreq)
    HAL_RCC_GetPCLK1Freq                     0x080014c9   Thumb Code    36  stm32f1xx_hal_rcc.o(i.HAL_RCC_GetPCLK1Freq)
    HAL_RCC_GetPCLK2Freq                     0x080014f5   Thumb Code    36  stm32f1xx_hal_rcc.o(i.HAL_RCC_GetPCLK2Freq)
    HAL_RCC_GetSysClockFreq                  0x08001521   Thumb Code   298  stm32f1xx_hal_rcc.o(i.HAL_RCC_GetSysClockFreq)
    HAL_RCC_OscConfig                        0x08001679   Thumb Code  2966  stm32f1xx_hal_rcc.o(i.HAL_RCC_OscConfig)
    HAL_SYSTICK_CLKSourceConfig              0x08002219   Thumb Code    40  stm32f1xx_hal_cortex.o(i.HAL_SYSTICK_CLKSourceConfig)
    HAL_SYSTICK_Callback                     0x08002241   Thumb Code     2  stm32f1xx_hal_cortex.o(i.HAL_SYSTICK_Callback)
    HAL_SYSTICK_Config                       0x08002243   Thumb Code    52  stm32f1xx_hal_cortex.o(i.HAL_SYSTICK_Config)
    HAL_SYSTICK_IRQHandler                   0x08002277   Thumb Code     8  stm32f1xx_hal_cortex.o(i.HAL_SYSTICK_IRQHandler)
    HAL_UART_ErrorCallback                   0x0800227f   Thumb Code     2  stm32f1xx_hal_uart.o(i.HAL_UART_ErrorCallback)
    HAL_UART_IRQHandler                      0x08002281   Thumb Code   218  stm32f1xx_hal_uart.o(i.HAL_UART_IRQHandler)
    HAL_UART_Init                            0x0800235b   Thumb Code   110  stm32f1xx_hal_uart.o(i.HAL_UART_Init)
    HAL_UART_MspInit                         0x080023c9   Thumb Code   196  usart.o(i.HAL_UART_MspInit)
    HAL_UART_RxCpltCallback                  0x080024a5   Thumb Code     2  stm32f1xx_hal_uart.o(i.HAL_UART_RxCpltCallback)
    HAL_UART_Transmit                        0x080024a7   Thumb Code   240  stm32f1xx_hal_uart.o(i.HAL_UART_Transmit)
    HAL_UART_TxCpltCallback                  0x08002597   Thumb Code     2  stm32f1xx_hal_uart.o(i.HAL_UART_TxCpltCallback)
    MX_CRC_Init                              0x08002599   Thumb Code    16  crc.o(i.MX_CRC_Init)
    MX_DMA_Init                              0x080025b1   Thumb Code    64  dma.o(i.MX_DMA_Init)
    MX_GPIO_Init                             0x080025f5   Thumb Code   200  gpio.o(i.MX_GPIO_Init)
    MX_USART1_UART_Init                      0x080026cd   Thumb Code    40  usart.o(i.MX_USART1_UART_Init)
    SysTick_Handler                          0x08002735   Thumb Code    12  stm32f1xx_it.o(i.SysTick_Handler)
    SystemClock_Config                       0x08002741   Thumb Code   138  main.o(i.SystemClock_Config)
    SystemInit                               0x080027d1   Thumb Code    84  system_stm32f1xx.o(i.SystemInit)
    USART1_IRQHandler                        0x08002bb5   Thumb Code    10  stm32f1xx_it.o(i.USART1_IRQHandler)
    __0printf$bare                           0x08002bc5   Thumb Code     8  printfb.o(i.__0printf$bare)
    __1printf$bare                           0x08002bc5   Thumb Code     0  printfb.o(i.__0printf$bare)
    __2printf                                0x08002bc5   Thumb Code     0  printfb.o(i.__0printf$bare)
    __scatterload_copy                       0x08002bd5   Thumb Code    14  handlers.o(i.__scatterload_copy)
    __scatterload_null                       0x08002be3   Thumb Code     2  handlers.o(i.__scatterload_null)
    __scatterload_zeroinit                   0x08002be5   Thumb Code    14  handlers.o(i.__scatterload_zeroinit)
    bsp_init                                 0x08002c15   Thumb Code     8  bsp.o(i.bsp_init)
    fputc                                    0x08002c95   Thumb Code    22  uart_printf.o(i.fputc)
    main                                     0x08002cb1   Thumb Code    38  main.o(i.main)
    aAPBAHBPrescTable                        0x08002ce8   Data          16  stm32f1xx_hal_rcc.o(.constdata)
    Region$$Table$$Base                      0x08002cf8   Number         0  anon$$obj.o(Region$$Table)
    Region$$Table$$Limit                     0x08002d18   Number         0  anon$$obj.o(Region$$Table)
    SystemCoreClock                          0x20000000   Data           4  system_stm32f1xx.o(.data)
    hcrc                                     0x20000008   Data           8  crc.o(.data)
    __stdout                                 0x20000010   Data           4  stdout.o(.data)
    huart1                                   0x20000014   Data          64  usart.o(.bss)
    hdma_usart1_rx                           0x20000054   Data          56  usart.o(.bss)
    hdma_usart1_tx                           0x2000008c   Data          56  usart.o(.bss)
    __initial_sp                             0x200002c8   Data           0  startup_stm32f107xc.o(STACK)



==============================================================================

Memory Map of the image

  Image Entry point : 0x08000151

  Load Region LR_IROM1 (Base: 0x08000000, Size: 0x00002d2c, Max: 0x00040000, ABSOLUTE)

    Execution Region ER_IROM1 (Base: 0x08000000, Size: 0x00002d18, Max: 0x00040000, ABSOLUTE)

    Base Addr    Size         Type   Attr      Idx    E Section Name        Object

    0x08000000   0x00000150   Data   RO            3    RESET               startup_stm32f107xc.o
    0x08000150   0x00000000   Code   RO         3482  * .ARM.Collect$$$$00000000  mc_w.l(entry.o)
    0x08000150   0x00000004   Code   RO         3794    .ARM.Collect$$$$00000001  mc_w.l(entry2.o)
    0x08000154   0x00000004   Code   RO         3797    .ARM.Collect$$$$00000004  mc_w.l(entry5.o)
    0x08000158   0x00000000   Code   RO         3799    .ARM.Collect$$$$00000008  mc_w.l(entry7b.o)
    0x08000158   0x00000000   Code   RO         3801    .ARM.Collect$$$$0000000A  mc_w.l(entry8b.o)
    0x08000158   0x00000008   Code   RO         3802    .ARM.Collect$$$$0000000B  mc_w.l(entry9a.o)
    0x08000160   0x00000000   Code   RO         3804    .ARM.Collect$$$$0000000D  mc_w.l(entry10a.o)
    0x08000160   0x00000000   Code   RO         3806    .ARM.Collect$$$$0000000F  mc_w.l(entry11a.o)
    0x08000160   0x00000004   Code   RO         3795    .ARM.Collect$$$$00002712  mc_w.l(entry2.o)
    0x08000164   0x00000024   Code   RO            4    .text               startup_stm32f107xc.o
    0x08000188   0x00000024   Code   RO         3835    .text               mc_w.l(init.o)
    0x080001ac   0x00000010   Code   RO         1392    i.DMA1_Channel4_IRQHandler  stm32f1xx_it.o
    0x080001bc   0x00000010   Code   RO         1393    i.DMA1_Channel5_IRQHandler  stm32f1xx_it.o
    0x080001cc   0x00000020   Code   RO         1067    i.HAL_CRC_Init      stm32f1xx_hal_crc.o
    0x080001ec   0x00000030   Code   RO         1551    i.HAL_CRC_MspInit   crc.o
    0x0800021c   0x00000908   Code   RO          991    i.HAL_DMA_IRQHandler  stm32f1xx_hal_dma.o
    0x08000b24   0x00000054   Code   RO          992    i.HAL_DMA_Init      stm32f1xx_hal_dma.o
    0x08000b78   0x0000001a   Code   RO          594    i.HAL_Delay         stm32f1xx_hal.o
    0x08000b92   0x00000002   PAD
    0x08000b94   0x0000031c   Code   RO          464    i.HAL_GPIO_Init     stm32f1xx_hal_gpio.o
    0x08000eb0   0x0000000c   Code   RO          468    i.HAL_GPIO_WritePin  stm32f1xx_hal_gpio.o
    0x08000ebc   0x0000000c   Code   RO          598    i.HAL_GetTick       stm32f1xx_hal.o
    0x08000ec8   0x00000010   Code   RO          599    i.HAL_IncTick       stm32f1xx_hal.o
    0x08000ed8   0x00000028   Code   RO          600    i.HAL_Init          stm32f1xx_hal.o
    0x08000f00   0x00000024   Code   RO          601    i.HAL_InitTick      stm32f1xx_hal.o
    0x08000f24   0x00000078   Code   RO         1438    i.HAL_MspInit       stm32f1xx_hal_msp.o
    0x08000f9c   0x0000001a   Code   RO          741    i.HAL_NVIC_EnableIRQ  stm32f1xx_hal_cortex.o
    0x08000fb6   0x0000007c   Code   RO          747    i.HAL_NVIC_SetPriority  stm32f1xx_hal_cortex.o
    0x08001032   0x00000002   PAD
    0x08001034   0x00000028   Code   RO          748    i.HAL_NVIC_SetPriorityGrouping  stm32f1xx_hal_cortex.o
    0x0800105c   0x00000434   Code   RO          251    i.HAL_RCC_ClockConfig  stm32f1xx_hal_rcc.o
    0x08001490   0x00000038   Code   RO          256    i.HAL_RCC_GetHCLKFreq  stm32f1xx_hal_rcc.o
    0x080014c8   0x0000002c   Code   RO          258    i.HAL_RCC_GetPCLK1Freq  stm32f1xx_hal_rcc.o
    0x080014f4   0x0000002c   Code   RO          259    i.HAL_RCC_GetPCLK2Freq  stm32f1xx_hal_rcc.o
    0x08001520   0x00000158   Code   RO          260    i.HAL_RCC_GetSysClockFreq  stm32f1xx_hal_rcc.o
    0x08001678   0x00000ba0   Code   RO          263    i.HAL_RCC_OscConfig  stm32f1xx_hal_rcc.o
    0x08002218   0x00000028   Code   RO          750    i.HAL_SYSTICK_CLKSourceConfig  stm32f1xx_hal_cortex.o
    0x08002240   0x00000002   Code   RO          751    i.HAL_SYSTICK_Callback  stm32f1xx_hal_cortex.o
    0x08002242   0x00000034   Code   RO          752    i.HAL_SYSTICK_Config  stm32f1xx_hal_cortex.o
    0x08002276   0x00000008   Code   RO          753    i.HAL_SYSTICK_IRQHandler  stm32f1xx_hal_cortex.o
    0x0800227e   0x00000002   Code   RO         1135    i.HAL_UART_ErrorCallback  stm32f1xx_hal_uart.o
    0x08002280   0x000000da   Code   RO         1138    i.HAL_UART_IRQHandler  stm32f1xx_hal_uart.o
    0x0800235a   0x0000006e   Code   RO         1139    i.HAL_UART_Init     stm32f1xx_hal_uart.o
    0x080023c8   0x000000dc   Code   RO         1617    i.HAL_UART_MspInit  usart.o
    0x080024a4   0x00000002   Code   RO         1145    i.HAL_UART_RxCpltCallback  stm32f1xx_hal_uart.o
    0x080024a6   0x000000f0   Code   RO         1147    i.HAL_UART_Transmit  stm32f1xx_hal_uart.o
    0x08002596   0x00000002   Code   RO         1150    i.HAL_UART_TxCpltCallback  stm32f1xx_hal_uart.o
    0x08002598   0x00000018   Code   RO         1552    i.MX_CRC_Init       crc.o
    0x080025b0   0x00000044   Code   RO         1592    i.MX_DMA_Init       dma.o
    0x080025f4   0x000000d8   Code   RO         1365    i.MX_GPIO_Init      gpio.o
    0x080026cc   0x00000030   Code   RO         1618    i.MX_USART1_UART_Init  usart.o
    0x080026fc   0x00000010   Code   RO          754    i.NVIC_GetPriorityGrouping  stm32f1xx_hal_cortex.o
    0x0800270c   0x00000028   Code   RO          755    i.NVIC_SetPriority  stm32f1xx_hal_cortex.o
    0x08002734   0x0000000c   Code   RO         1394    i.SysTick_Handler   stm32f1xx_it.o
    0x08002740   0x00000090   Code   RO         1462    i.SystemClock_Config  main.o
    0x080027d0   0x00000064   Code   RO           14    i.SystemInit        system_stm32f1xx.o
    0x08002834   0x00000030   Code   RO         1157    i.UART_EndTransmit_IT  stm32f1xx_hal_uart.o
    0x08002864   0x000000bc   Code   RO         1158    i.UART_Receive_IT   stm32f1xx_hal_uart.o
    0x08002920   0x00000128   Code   RO         1159    i.UART_SetConfig    stm32f1xx_hal_uart.o
    0x08002a48   0x00000070   Code   RO         1160    i.UART_Transmit_IT  stm32f1xx_hal_uart.o
    0x08002ab8   0x000000fa   Code   RO         1161    i.UART_WaitOnFlagUntilTimeout  stm32f1xx_hal_uart.o
    0x08002bb2   0x00000002   PAD
    0x08002bb4   0x00000010   Code   RO         1395    i.USART1_IRQHandler  stm32f1xx_it.o
    0x08002bc4   0x00000010   Code   RO         3498    i.__0printf$bare    mc_w.l(printfb.o)
    0x08002bd4   0x0000000e   Code   RO         3843    i.__scatterload_copy  mc_w.l(handlers.o)
    0x08002be2   0x00000002   Code   RO         3844    i.__scatterload_null  mc_w.l(handlers.o)
    0x08002be4   0x0000000e   Code   RO         3845    i.__scatterload_zeroinit  mc_w.l(handlers.o)
    0x08002bf2   0x00000022   Code   RO         3505    i._printf_core      mc_w.l(printfb.o)
    0x08002c14   0x00000008   Code   RO         1880    i.bsp_init          bsp.o
    0x08002c1c   0x00000078   Code   RO         1881    i.bsp_printf_info   bsp.o
    0x08002c94   0x0000001c   Code   RO         1913    i.fputc             uart_printf.o
    0x08002cb0   0x00000038   Code   RO         1463    i.main              main.o
    0x08002ce8   0x00000010   Data   RO          264    .constdata          stm32f1xx_hal_rcc.o
    0x08002cf8   0x00000020   Data   RO         3841    Region$$Table       anon$$obj.o


    Execution Region RW_IRAM1 (Base: 0x20000000, Size: 0x000002c8, Max: 0x00010000, ABSOLUTE)

    Base Addr    Size         Type   Attr      Idx    E Section Name        Object

    0x20000000   0x00000004   Data   RW           16    .data               system_stm32f1xx.o
    0x20000004   0x00000004   Data   RW          606    .data               stm32f1xx_hal.o
    0x20000008   0x00000008   Data   RW         1553    .data               crc.o
    0x20000010   0x00000004   Data   RW         3808    .data               mc_w.l(stdout.o)
    0x20000014   0x000000b0   Zero   RW         1619    .bss                usart.o
    0x200000c4   0x00000004   PAD
    0x200000c8   0x00000200   Zero   RW            1    STACK               startup_stm32f107xc.o


==============================================================================

Image component sizes


      Code (inc. data)   RO Data    RW Data    ZI Data      Debug   Object Name

       128         92          0          0          0        915   bsp.o
        72         16          0          8          0       1423   crc.o
        68          4          0          0          0        738   dma.o
       216         16          0          0          0        955   gpio.o
       200         24          0          0          0       1076   main.o
        36          8        336          0        512        808   startup_stm32f107xc.o
       130         16          0          4          0       3650   stm32f1xx_hal.o
       348         22          0          0          0      27905   stm32f1xx_hal_cortex.o
        32          0          0          0          0       1031   stm32f1xx_hal_crc.o
      2396         26          0          0          0       2960   stm32f1xx_hal_dma.o
       808         32          0          0          0       2852   stm32f1xx_hal_gpio.o
       120         10          0          0          0        842   stm32f1xx_hal_msp.o
      4540        122         16          0          0       6568   stm32f1xx_hal_rcc.o
      1468          6          0          0          0       8239   stm32f1xx_hal_uart.o
        60         18          0          0          0       1860   stm32f1xx_it.o
       100         16          0          4          0     315605   system_stm32f1xx.o
        28          6          0          0          0        560   uart_printf.o
       268         32          0          0        176       1776   usart.o

    ----------------------------------------------------------------------
     11024        466        384         16        692     379763   Object Totals
         0          0         32          0          0          0   (incl. Generated)
         6          0          0          0          4          0   (incl. Padding)

    ----------------------------------------------------------------------

      Code (inc. data)   RO Data    RW Data    ZI Data      Debug   Library Member Name

         0          0          0          0          0          0   entry.o
         0          0          0          0          0          0   entry10a.o
         0          0          0          0          0          0   entry11a.o
         8          4          0          0          0          0   entry2.o
         4          0          0          0          0          0   entry5.o
         0          0          0          0          0          0   entry7b.o
         0          0          0          0          0          0   entry8b.o
         8          4          0          0          0          0   entry9a.o
        30          0          0          0          0          0   handlers.o
        36          8          0          0          0         68   init.o
        50          8          0          0          0        152   printfb.o
         0          0          0          4          0          0   stdout.o

    ----------------------------------------------------------------------
       136         24          0          4          0        220   Library Totals
         0          0          0          0          0          0   (incl. Padding)

    ----------------------------------------------------------------------

      Code (inc. data)   RO Data    RW Data    ZI Data      Debug   Library Name

       136         24          0          4          0        220   mc_w.l

    ----------------------------------------------------------------------
       136         24          0          4          0        220   Library Totals

    ----------------------------------------------------------------------

==============================================================================


      Code (inc. data)   RO Data    RW Data    ZI Data      Debug   

     11160        490        384         20        692     377431   Grand Totals
     11160        490        384         20        692     377431   ELF Image Totals
     11160        490        384         20          0          0   ROM Totals

==============================================================================

    Total RO  Size (Code + RO Data)                11544 (  11.27kB)
    Total RW  Size (RW Data + ZI Data)               712 (   0.70kB)
    Total ROM Size (Code + RO Data + RW Data)      11564 (  11.29kB)

==============================================================================

