Component: ARM Compiler 5.06 update 1 (build 61) Tool: armlink [4d35a8]

==============================================================================

Section Cross References

    application.o(.text) refers to platform.o(.text) for rt_platform_init
    application.o(.text) refers to dfs.o(.text) for dfs_init
    application.o(.text) refers to dfs_elm.o(.text) for elm_init
    application.o(.text) refers to dfs_fs.o(.text) for dfs_mount
    application.o(.text) refers to kservice.o(.text) for rt_kprintf
    application.o(.text) refers to ethernetif.o(.text) for eth_system_device_init
    application.o(.text) refers to sys_arch.o(.text) for lwip_system_init
    application.o(.text) refers to shell.o(.text) for finsh_system_init
    application.o(.text) refers to common.o(.text) for bsp_init
    application.o(.text) refers to app_thread.o(.text) for user_thread_init
    application.o(.text) refers to thread.o(.text) for rt_thread_create
    startup.o(.text) refers to kservice.o(.text) for rt_kprintf
    startup.o(.text) refers to board.o(.text) for rt_hw_board_init
    startup.o(.text) refers to clock.o(.text) for rt_system_tick_init
    startup.o(.text) refers to object.o(.text) for rt_system_object_init
    startup.o(.text) refers to timer.o(.text) for rt_system_timer_init
    startup.o(.text) refers to mem.o(.text) for rt_system_heap_init
    startup.o(.text) refers to scheduler.o(.text) for rt_system_scheduler_init
    startup.o(.text) refers to application.o(.text) for rt_application_init
    startup.o(.text) refers to idle.o(.text) for rt_thread_idle_init
    startup.o(.text) refers to context_rvds.o(.text) for rt_hw_interrupt_disable
    board.o(.text) refers to misc.o(.text) for NVIC_SetVectorTable
    board.o(.text) refers to irq.o(.text) for rt_interrupt_enter
    board.o(.text) refers to clock.o(.text) for rt_tick_increase
    board.o(.text) refers to usart.o(.text) for rt_hw_usart_init
    board.o(.text) refers to kservice.o(.text) for rt_console_set_device
    board.o(.text) refers to system_stm32f10x.o(.data) for SystemCoreClock
    usart.o(.text) refers to kservice.o(.text) for rt_assert_handler
    usart.o(.text) refers to stm32f10x_usart.o(.text) for USART_Init
    usart.o(.text) refers to irq.o(.text) for rt_interrupt_enter
    usart.o(.text) refers to serial.o(.text) for rt_hw_serial_isr
    usart.o(.text) refers to stm32f10x_rcc.o(.text) for RCC_APB2PeriphClockCmd
    usart.o(.text) refers to stm32f10x_gpio.o(.text) for GPIO_Init
    usart.o(.text) refers to misc.o(.text) for NVIC_Init
    usart.o(.text) refers to usart.o(.constdata) for .constdata
    usart.o(.text) refers to usart.o(.data) for .data
    usart.o(.text) refers to usart.o(.bss) for .bss
    usart.o(.constdata) refers to usart.o(.text) for stm32_configure
    platform.o(.text) refers to stm32f10x_rcc.o(.text) for RCC_APB2PeriphClockCmd
    platform.o(.text) refers to stm32f10x_gpio.o(.text) for GPIO_Init
    platform.o(.text) refers to thread.o(.text) for rt_thread_delay
    platform.o(.text) refers to msd.o(.text) for msd_init
    platform.o(.text) refers to stm32_eth.o(.text) for rt_hw_stm32_eth_init
    platform.o(.text) refers to rt_stm32f10x_spi.o(.text) for stm32_spi_register
    platform.o(.text) refers to spi_core.o(.text) for rt_spi_bus_attach_device
    platform.o(.text) refers to platform.o(.bss) for .bss
    platform.o(.text) refers to platform.o(.data) for .data
    stm32_eth.o(.text) refers to stm32f10x_rcc.o(.text) for RCC_AHBPeriphResetCmd
    stm32_eth.o(.text) refers to startup.o(.text) for assert_failed
    stm32_eth.o(.text) refers to stm32_eth.o(.data) for .data
    stm32_eth.o(.text) refers to irq.o(.text) for rt_interrupt_enter
    stm32_eth.o(.text) refers to ethernetif.o(.text) for eth_device_ready
    stm32_eth.o(.text) refers to ipc.o(.text) for rt_sem_release
    stm32_eth.o(.text) refers to kservice.o(.text) for rt_set_errno
    stm32_eth.o(.text) refers to def.o(.text) for lwip_htons
    stm32_eth.o(.text) refers to stm32_eth.o(.bss) for .bss
    stm32_eth.o(.text) refers to pbuf.o(.text) for pbuf_alloc
    stm32_eth.o(.text) refers to rt_memcpy_v6.o(.text) for __aeabi_memcpy
    stm32_eth.o(.text) refers to stm32f10x_gpio.o(.text) for GPIO_PinRemapConfig
    stm32_eth.o(.text) refers to misc.o(.text) for NVIC_Init
    stm32_eth.o(FSymTab) refers to stm32_eth.o(.rodata.name) for __fsym_phy_search_name
    stm32_eth.o(FSymTab) refers to stm32_eth.o(.rodata.name) for __fsym_phy_search_desc
    stm32_eth.o(FSymTab) refers to stm32_eth.o(.text) for phy_search
    stm32_eth.o(FSymTab) refers to stm32_eth.o(.rodata.name) for __fsym_phy_dump_name
    stm32_eth.o(FSymTab) refers to stm32_eth.o(.rodata.name) for __fsym_phy_dump_desc
    stm32_eth.o(FSymTab) refers to stm32_eth.o(.text) for phy_dump
    stm32_eth.o(FSymTab) refers to stm32_eth.o(.rodata.name) for __fsym_phy_write_name
    stm32_eth.o(FSymTab) refers to stm32_eth.o(.rodata.name) for __fsym_phy_write_desc
[...]
    OP_add_dword                             0x08010adf   Thumb Code    16  finsh_ops.o(.text)
    OP_sub_byte                              0x08010aef   Thumb Code    22  finsh_ops.o(.text)
    OP_sub_word                              0x08010b05   Thumb Code    22  finsh_ops.o(.text)
    OP_sub_dword                             0x08010b1b   Thumb Code    16  finsh_ops.o(.text)
    OP_div_byte                              0x08010b2b   Thumb Code    24  finsh_ops.o(.text)
    OP_div_word                              0x08010b43   Thumb Code    24  finsh_ops.o(.text)
    OP_div_dword                             0x08010b5b   Thumb Code    18  finsh_ops.o(.text)
    OP_mod_byte                              0x08010b6d   Thumb Code    30  finsh_ops.o(.text)
    OP_mod_word                              0x08010b8b   Thumb Code    30  finsh_ops.o(.text)
    OP_mod_dword                             0x08010ba9   Thumb Code    24  finsh_ops.o(.text)
    OP_mul_byte                              0x08010bc1   Thumb Code    22  finsh_ops.o(.text)
    OP_mul_word                              0x08010bd7   Thumb Code    22  finsh_ops.o(.text)
    OP_mul_dword                             0x08010bed   Thumb Code    16  finsh_ops.o(.text)
    OP_and_byte                              0x08010bfd   Thumb Code    22  finsh_ops.o(.text)
    OP_and_word                              0x08010c13   Thumb Code    22  finsh_ops.o(.text)
    OP_and_dword                             0x08010c29   Thumb Code    16  finsh_ops.o(.text)
    OP_or_byte                               0x08010c39   Thumb Code    22  finsh_ops.o(.text)
    OP_or_word                               0x08010c4f   Thumb Code    22  finsh_ops.o(.text)
    OP_or_dword                              0x08010c65   Thumb Code    16  finsh_ops.o(.text)
    OP_xor_byte                              0x08010c75   Thumb Code    22  finsh_ops.o(.text)
    OP_xor_word                              0x08010c8b   Thumb Code    22  finsh_ops.o(.text)
    OP_xor_dword                             0x08010ca1   Thumb Code    16  finsh_ops.o(.text)
    OP_bw_byte                               0x08010cb1   Thumb Code    14  finsh_ops.o(.text)
    OP_bw_word                               0x08010cbf   Thumb Code    14  finsh_ops.o(.text)
    OP_bw_dword                              0x08010ccd   Thumb Code    14  finsh_ops.o(.text)
    OP_shl_byte                              0x08010cdb   Thumb Code    22  finsh_ops.o(.text)
    OP_shl_word                              0x08010cf1   Thumb Code    22  finsh_ops.o(.text)
    OP_shl_dword                             0x08010d07   Thumb Code    22  finsh_ops.o(.text)
    OP_shr_byte                              0x08010d1d   Thumb Code    22  finsh_ops.o(.text)
    OP_shr_word                              0x08010d33   Thumb Code    22  finsh_ops.o(.text)
    OP_shr_dword                             0x08010d49   Thumb Code    22  finsh_ops.o(.text)
    OP_ld_byte                               0x08010d5f   Thumb Code    24  finsh_ops.o(.text)
    OP_ld_word                               0x08010d77   Thumb Code    24  finsh_ops.o(.text)
    OP_ld_dword                              0x08010d8f   Thumb Code    28  finsh_ops.o(.text)
    OP_ld_value_byte                         0x08010dab   Thumb Code    32  finsh_ops.o(.text)
    OP_ld_value_byte_stack                   0x08010dcb   Thumb Code    14  finsh_ops.o(.text)
    OP_ld_value_word                         0x08010dd9   Thumb Code    32  finsh_ops.o(.text)
    OP_ld_value_word_stack                   0x08010df9   Thumb Code    14  finsh_ops.o(.text)
    OP_ld_value_dword                        0x08010e07   Thumb Code    30  finsh_ops.o(.text)
    OP_ld_value_dword_stack                  0x08010e25   Thumb Code    14  finsh_ops.o(.text)
    OP_st_byte                               0x08010e33   Thumb Code    22  finsh_ops.o(.text)
    OP_st_word                               0x08010e49   Thumb Code    22  finsh_ops.o(.text)
    OP_st_dword                              0x08010e5f   Thumb Code    18  finsh_ops.o(.text)
    OP_pop                                   0x08010e71   Thumb Code    10  finsh_ops.o(.text)
    OP_call                                  0x08010e7b   Thumb Code   500  finsh_ops.o(.text)
    finsh_parser_run                         0x08011575   Thumb Code   162  finsh_parser.o(.text)
    finsh_parser_init                        0x08011617   Thumb Code    12  finsh_parser.o(.text)
    finsh_var_init                           0x080117b9   Thumb Code    14  finsh_var.o(.text)
    finsh_var_insert                         0x080117c7   Thumb Code    90  finsh_var.o(.text)
    finsh_var_delete                         0x08011821   Thumb Code    60  finsh_var.o(.text)
    finsh_var_lookup                         0x0801185d   Thumb Code    50  finsh_var.o(.text)
    finsh_sysvar_append                      0x0801188f   Thumb Code    50  finsh_var.o(.text)
    finsh_sysvar_lookup                      0x080118c1   Thumb Code    72  finsh_var.o(.text)
    finsh_vm_run                             0x08011919   Thumb Code    42  finsh_vm.o(.text)
    finsh_syscall_append                     0x08011943   Thumb Code    42  finsh_vm.o(.text)
    finsh_syscall_lookup                     0x0801196d   Thumb Code    72  finsh_vm.o(.text)
    finsh_token_init                         0x080119c9   Thumb Code    18  finsh_token.o(.text)
    token_get_string                         0x08011b07   Thumb Code   100  finsh_token.o(.text)
    finsh_token_token                        0x08011d1f   Thumb Code    24  finsh_token.o(.text)
    finsh_token_get_token                    0x08011d37   Thumb Code    14  finsh_token.o(.text)
    netconn_new_with_proto_and_callback      0x08011f0d   Thumb Code   158  api_lib.o(.text)
    netconn_delete                           0x08011fab   Thumb Code    32  api_lib.o(.text)
    netconn_getaddr                          0x08011fcb   Thumb Code   102  api_lib.o(.text)
    netconn_bind                             0x08012031   Thumb Code    72  api_lib.o(.text)
    netconn_connect                          0x08012079   Thumb Code    72  api_lib.o(.text)
    netconn_disconnect                       0x080120c1   Thumb Code    66  api_lib.o(.text)
    netconn_listen_with_backlog              0x08012103   Thumb Code    66  api_lib.o(.text)
    netconn_accept                           0x08012145   Thumb Code   164  api_lib.o(.text)
    netconn_recv_tcp_pbuf                    0x08012571   Thumb Code    42  api_lib.o(.text)
    netconn_recv                             0x0801259b   Thumb Code   212  api_lib.o(.text)
    netconn_recved                           0x0801266f   Thumb Code    40  api_lib.o(.text)
    netconn_send                             0x08012697   Thumb Code    72  api_lib.o(.text)
    netconn_sendto                           0x080126df   Thumb Code    18  api_lib.o(.text)
    netconn_write_partly                     0x080126f1   Thumb Code   188  api_lib.o(.text)
    netconn_close                            0x080127f7   Thumb Code     4  api_lib.o(.text)
    netconn_shutdown                         0x080127fb   Thumb Code    12  api_lib.o(.text)
    netconn_gethostbyname                    0x08012807   Thumb Code   110  api_lib.o(.text)
    netconn_free                             0x0801320b   Thumb Code   108  api_msg.o(.text)
    netconn_alloc                            0x08013277   Thumb Code   146  api_msg.o(.text)
    do_newconn                               0x080135cd   Thumb Code    32  api_msg.o(.text)
    do_delconn                               0x0801369f   Thumb Code   228  api_msg.o(.text)
    do_bind                                  0x08013783   Thumb Code    92  api_msg.o(.text)
    do_connect                               0x08013881   Thumb Code   164  api_msg.o(.text)
    do_disconnect                            0x08013925   Thumb Code    42  api_msg.o(.text)
    do_listen                                0x0801394f   Thumb Code   444  api_msg.o(.text)
    do_send                                  0x08013b0b   Thumb Code   128  api_msg.o(.text)
    do_recv                                  0x08013b8b   Thumb Code    66  api_msg.o(.text)
    do_write                                 0x08013bcd   Thumb Code   130  api_msg.o(.text)
    do_getaddr                               0x08013c4f   Thumb Code   138  api_msg.o(.text)
    do_close                                 0x08013cd9   Thumb Code   144  api_msg.o(.text)
    do_gethostbyname                         0x08013dad   Thumb Code    38  api_msg.o(.text)
    netbuf_new                               0x08013e2d   Thumb Code    26  netbuf.o(.text)
    netbuf_delete                            0x08013e47   Thumb Code    32  netbuf.o(.text)
    netbuf_alloc                             0x08013e67   Thumb Code    78  netbuf.o(.text)
    netbuf_free                              0x08013eb5   Thumb Code    40  netbuf.o(.text)
    netbuf_ref                               0x08013edd   Thumb Code    78  netbuf.o(.text)
    netbuf_chain                             0x08013f2b   Thumb Code    60  netbuf.o(.text)
    netbuf_data                              0x08013f67   Thumb Code    76  netbuf.o(.text)
    netbuf_next                              0x08013fb3   Thumb Code    46  netbuf.o(.text)
    netbuf_first                             0x08013fe1   Thumb Code    28  netbuf.o(.text)
    do_netifapi_netif_add                    0x08014139   Thumb Code    42  netifapi.o(.text)
    do_netifapi_netif_set_addr               0x08014163   Thumb Code    26  netifapi.o(.text)
    do_netifapi_netif_common                 0x0801417d   Thumb Code    34  netifapi.o(.text)
    netifapi_netif_add                       0x0801419f   Thumb Code    38  netifapi.o(.text)
    netifapi_netif_set_addr                  0x080141c5   Thumb Code    32  netifapi.o(.text)
    netifapi_netif_common                    0x080141e5   Thumb Code    32  netifapi.o(.text)
    lwip_socket_init                         0x08014205   Thumb Code     2  sockets.o(.text)
    lwip_accept                              0x080143b3   Thumb Code   376  sockets.o(.text)
    lwip_bind                                0x0801452b   Thumb Code   124  sockets.o(.text)
    lwip_close                               0x080145a7   Thumb Code   352  sockets.o(.text)
    lwip_connect                             0x08014707   Thumb Code   126  sockets.o(.text)
    lwip_listen                              0x08014785   Thumb Code   114  sockets.o(.text)
    lwip_recvfrom                            0x080147f7   Thumb Code   506  sockets.o(.text)
    lwip_read                                0x080149f1   Thumb Code    14  sockets.o(.text)
    lwip_recv                                0x080149ff   Thumb Code    14  sockets.o(.text)
    lwip_sendto                              0x08014a0d   Thumb Code   228  sockets.o(.text)
    lwip_send                                0x08014af1   Thumb Code   286  sockets.o(.text)
    lwip_socket                              0x08014c0f   Thumb Code   138  sockets.o(.text)
    lwip_write                               0x08014c99   Thumb Code     4  sockets.o(.text)
    lwip_select                              0x08014daf   Thumb Code   794  sockets.o(.text)
    lwip_shutdown                            0x080150c9   Thumb Code   150  sockets.o(.text)
    lwip_getpeername                         0x080151d1   Thumb Code     4  sockets.o(.text)
    lwip_getsockname                         0x080151d5   Thumb Code     4  sockets.o(.text)
    lwip_getsockopt                          0x0801532d   Thumb Code   358  sockets.o(.text)
    lwip_setsockopt                          0x080155bd   Thumb Code   232  sockets.o(.text)
    lwip_ioctl                               0x080156a5   Thumb Code    88  sockets.o(.text)
    lwip_fcntl                               0x080156fd   Thumb Code    70  sockets.o(.text)
    tcpip_input                              0x080157ef   Thumb Code    74  tcpip.o(.text)
    tcpip_callback_with_block                0x08015839   Thumb Code    92  tcpip.o(.text)
    tcpip_timeout                            0x08015895   Thumb Code    64  tcpip.o(.text)
    tcpip_untimeout                          0x080158d5   Thumb Code    60  tcpip.o(.text)
    tcpip_apimsg                             0x08015911   Thumb Code    58  tcpip.o(.text)
    tcpip_netifapi                           0x0801594b   Thumb Code    74  tcpip.o(.text)
    tcpip_callbackmsg_new                    0x08015995   Thumb Code    28  tcpip.o(.text)
    tcpip_callbackmsg_delete                 0x080159b1   Thumb Code     4  tcpip.o(.text)
    tcpip_trycallback                        0x080159b5   Thumb Code    34  tcpip.o(.text)
    tcpip_init                               0x080159d7   Thumb Code    62  tcpip.o(.text)
    pbuf_free_callback                       0x08015a19   Thumb Code     8  tcpip.o(.text)
    mem_free_callback                        0x08015a21   Thumb Code     8  tcpip.o(.text)
    sys_arch_assert                          0x08015add   Thumb Code    38  sys_arch.o(.text)
    lwip_system_init                         0x08015b89   Thumb Code   124  sys_arch.o(.text)
    sys_init                                 0x08015c05   Thumb Code     2  sys_arch.o(.text)
    lwip_sys_init                            0x08015c07   Thumb Code     2  sys_arch.o(.text)
    sys_sem_new                              0x08015c09   Thumb Code    94  sys_arch.o(.text)
    sys_sem_free                             0x08015c67   Thumb Code    54  sys_arch.o(.text)
    sys_sem_signal                           0x08015c9d   Thumb Code     6  sys_arch.o(.text)
    sys_arch_sem_wait                        0x08015ca3   Thumb Code   112  sys_arch.o(.text)
    sys_sem_valid                            0x08015d13   Thumb Code     4  sys_arch.o(.text)
    sys_sem_set_invalid                      0x08015d17   Thumb Code     6  sys_arch.o(.text)
    sys_mutex_new                            0x08015d1d   Thumb Code    92  sys_arch.o(.text)
    sys_mutex_lock                           0x08015d79   Thumb Code    60  sys_arch.o(.text)
    sys_mutex_unlock                         0x08015db5   Thumb Code     6  sys_arch.o(.text)
    sys_mutex_free                           0x08015dbb   Thumb Code    56  sys_arch.o(.text)
    sys_mutex_valid                          0x08015df3   Thumb Code     4  sys_arch.o(.text)
    sys_mutex_set_invalid                    0x08015df7   Thumb Code     6  sys_arch.o(.text)
    sys_mbox_new                             0x08015dfd   Thumb Code    96  sys_arch.o(.text)
    sys_mbox_free                            0x08015e5d   Thumb Code   324  sys_arch.o(.text)
    sys_mbox_post                            0x08015fa1   Thumb Code    64  sys_arch.o(.text)
    sys_mbox_trypost                         0x08015fe1   Thumb Code    18  sys_arch.o(.text)
    sys_arch_mbox_fetch                      0x08015ff3   Thumb Code   140  sys_arch.o(.text)
    sys_arch_mbox_tryfetch                   0x0801607f   Thumb Code    28  sys_arch.o(.text)
    sys_mbox_valid                           0x0801609b   Thumb Code     4  sys_arch.o(.text)
    sys_mbox_set_invalid                     0x0801609f   Thumb Code     6  sys_arch.o(.text)
    sys_thread_new                           0x080160a5   Thumb Code   110  sys_arch.o(.text)
    sys_arch_protect                         0x08016113   Thumb Code     4  sys_arch.o(.text)
    sys_arch_unprotect                       0x08016117   Thumb Code     4  sys_arch.o(.text)
    sys_jiffies                              0x0801611b   Thumb Code     4  sys_arch.o(.text)
    sys_now                                  0x0801611f   Thumb Code    14  sys_arch.o(.text)
    lwip_htons                               0x08016161   Thumb Code     4  def.o(.text)
    lwip_ntohs                               0x08016165   Thumb Code     4  def.o(.text)
    lwip_htonl                               0x08016169   Thumb Code     4  def.o(.text)
    lwip_ntohl                               0x0801616d   Thumb Code     4  def.o(.text)
    dns_setserver                            0x08016171   Thumb Code    32  dns.o(.text)
    dns_init                                 0x080162f3   Thumb Code    64  dns.o(.text)
    dns_getserver                            0x08016333   Thumb Code    20  dns.o(.text)
    dns_tmr                                  0x0801651b   Thumb Code    28  dns.o(.text)
    dns_gethostbyname                        0x08016537   Thumb Code   374  dns.o(.text)
    lwip_init                                0x08016789   Thumb Code    34  init.o(.text)
    netif_init                               0x080167ad   Thumb Code     2  netif.o(.text)
    netif_set_gw                             0x080167af   Thumb Code     8  netif.o(.text)
    netif_set_netmask                        0x080167b7   Thumb Code     8  netif.o(.text)
    netif_set_ipaddr                         0x080167bf   Thumb Code    96  netif.o(.text)
    netif_set_addr                           0x0801681f   Thumb Code    30  netif.o(.text)
    netif_add                                0x0801683d   Thumb Code    96  netif.o(.text)
    netif_set_default                        0x0801689d   Thumb Code     6  netif.o(.text)
    netif_set_down                           0x080168a3   Thumb Code    26  netif.o(.text)
    netif_remove                             0x080168bd   Thumb Code    68  netif.o(.text)
    netif_find                               0x08016901   Thumb Code    60  netif.o(.text)
    netif_set_up                             0x0801693d   Thumb Code    32  netif.o(.text)
    netif_set_link_up                        0x0801695d   Thumb Code    32  netif.o(.text)
    netif_set_link_down                      0x0801697d   Thumb Code    18  netif.o(.text)
    pbuf_free                                0x08016a49   Thumb Code   128  pbuf.o(.text)
    pbuf_alloc                               0x08016ac9   Thumb Code   496  pbuf.o(.text)
    pbuf_realloc                             0x08016cb9   Thumb Code   180  pbuf.o(.text)
    pbuf_header                              0x08016d6d   Thumb Code   764  pbuf.o(.text)
    pbuf_clen                                0x08017069   Thumb Code    18  pbuf.o(.text)
    pbuf_ref                                 0x0801707b   Thumb Code    26  pbuf.o(.text)
    pbuf_cat                                 0x08017095   Thumb Code   106  pbuf.o(.text)
    pbuf_chain                               0x080170ff   Thumb Code    16  pbuf.o(.text)
    pbuf_dechain                             0x0801710f   Thumb Code   102  pbuf.o(.text)
    pbuf_copy                                0x08017175   Thumb Code   258  pbuf.o(.text)
    pbuf_copy_partial                        0x08017277   Thumb Code   130  pbuf.o(.text)
    pbuf_take                                0x080172f9   Thumb Code   146  pbuf.o(.text)
    pbuf_coalesce                            0x0801738b   Thumb Code    64  pbuf.o(.text)
    pbuf_get_at                              0x080173cb   Thumb Code    24  pbuf.o(.text)
    pbuf_memcmp                              0x080173e3   Thumb Code    68  pbuf.o(.text)
    pbuf_memfind                             0x08017427   Thumb Code   586  pbuf.o(.text)
    pbuf_strstr                              0x08017671   Thumb Code    54  pbuf.o(.text)
    raw_input                                0x080176a9   Thumb Code   104  raw.o(.text)
    raw_bind                                 0x08017711   Thumb Code    10  raw.o(.text)
    raw_connect                              0x0801771b   Thumb Code    10  raw.o(.text)
    raw_recv                                 0x08017725   Thumb Code     6  raw.o(.text)
    raw_sendto                               0x0801772b   Thumb Code   160  raw.o(.text)
    raw_send                                 0x080177cb   Thumb Code     4  raw.o(.text)
    raw_remove                               0x080177cf   Thumb Code    36  raw.o(.text)
    raw_new                                  0x080177f3   Thumb Code    40  raw.o(.text)
    tcp_init                                 0x08017885   Thumb Code     2  tcp.o(.text)
    tcp_seg_free                             0x08017887   Thumb Code    26  tcp.o(.text)
    tcp_segs_free                            0x080178a1   Thumb Code    18  tcp.o(.text)
    tcp_pcb_purge                            0x080178b3   Thumb Code    66  tcp.o(.text)
    tcp_slowtmr                              0x080178f5   Thumb Code   790  tcp.o(.text)
    tcp_pcb_remove                           0x08017c0b   Thumb Code   642  tcp.o(.text)
    tcp_close                                0x08017fb9   Thumb Code    18  tcp.o(.text)
    tcp_update_rcv_ann_wnd                   0x08017fcb   Thumb Code    80  tcp.o(.text)
    tcp_recved                               0x0801801b   Thumb Code   110  tcp.o(.text)
    tcp_recv_null                            0x08018089   Thumb Code    34  tcp.o(.text)
    tcp_process_refused_data                 0x080180ab   Thumb Code   104  tcp.o(.text)
    tcp_fasttmr                              0x08018113   Thumb Code    86  tcp.o(.text)
    tcp_tmr                                  0x08018169   Thumb Code    28  tcp.o(.text)
    tcp_shutdown                             0x08018185   Thumb Code    76  tcp.o(.text)
    tcp_abandon                              0x080181d1   Thumb Code   352  tcp.o(.text)
    tcp_abort                                0x08018331   Thumb Code     4  tcp.o(.text)
    tcp_bind                                 0x08018387   Thumb Code   140  tcp.o(.text)
    tcp_listen_with_backlog                  0x08018419   Thumb Code   144  tcp.o(.text)
    tcp_eff_send_mss                         0x080184a9   Thumb Code    32  tcp.o(.text)
    tcp_next_iss                             0x080184c9   Thumb Code    12  tcp.o(.text)
    tcp_connect                              0x080184d5   Thumb Code   256  tcp.o(.text)
    tcp_setprio                              0x080185d5   Thumb Code     4  tcp.o(.text)
    tcp_seg_copy                             0x080185d9   Thumb Code    42  tcp.o(.text)
    tcp_alloc                                0x08018603   Thumb Code   236  tcp.o(.text)
    tcp_new                                  0x080186ef   Thumb Code     4  tcp.o(.text)
    tcp_arg                                  0x080186f3   Thumb Code     4  tcp.o(.text)
    tcp_recv                                 0x080186f7   Thumb Code   222  tcp.o(.text)
    tcp_sent                                 0x080187d5   Thumb Code    34  tcp.o(.text)
    tcp_err                                  0x080187f7   Thumb Code    36  tcp.o(.text)
    tcp_accept                               0x0801881b   Thumb Code     4  tcp.o(.text)
    tcp_poll                                 0x0801881f   Thumb Code    42  tcp.o(.text)
    tcp_debug_state_str                      0x08018849   Thumb Code     8  tcp.o(.text)
    tcp_input                                0x08019881   Thumb Code  1254  tcp_in.o(.text)
    tcp_enqueue_flags                        0x08019ef3   Thumb Code   296  tcp_out.o(.text)
    tcp_send_fin                             0x0801a01b   Thumb Code    66  tcp_out.o(.text)
    tcp_write                                0x0801a137   Thumb Code  1398  tcp_out.o(.text)
    tcp_send_empty_ack                       0x0801a6ad   Thumb Code    72  tcp_out.o(.text)
    tcp_output                               0x0801a903   Thumb Code   438  tcp_out.o(.text)
    tcp_rst                                  0x0801aab9   Thumb Code   142  tcp_out.o(.text)
    tcp_rexmit_rto                           0x0801ab47   Thumb Code    44  tcp_out.o(.text)
    tcp_rexmit                               0x0801ab73   Thumb Code    82  tcp_out.o(.text)
    tcp_rexmit_fast                          0x0801abc5   Thumb Code    88  tcp_out.o(.text)
    tcp_keepalive                            0x0801ac1d   Thumb Code    60  tcp_out.o(.text)
    tcp_zero_window_probe                    0x0801ac59   Thumb Code   214  tcp_out.o(.text)
    sys_timeout                              0x0801ad31   Thumb Code   108  timers.o(.text)
    tcp_timer_needed                         0x0801adc3   Thumb Code    34  timers.o(.text)
    sys_timeouts_init                        0x0801ae0d   Thumb Code    28  timers.o(.text)
    sys_untimeout                            0x0801ae29   Thumb Code    66  timers.o(.text)
    sys_timeouts_mbox_fetch                  0x0801ae6b   Thumb Code    90  timers.o(.text)
    udp_init                                 0x0801af55   Thumb Code     2  udp.o(.text)
    udp_input                                0x0801af57   Thumb Code   360  udp.o(.text)
    udp_bind                                 0x0801b0bf   Thumb Code   186  udp.o(.text)
    udp_sendto_if                            0x0801b179   Thumb Code   204  udp.o(.text)
    udp_sendto                               0x0801b245   Thumb Code    40  udp.o(.text)
    udp_send                                 0x0801b26d   Thumb Code     6  udp.o(.text)
    udp_connect                              0x0801b273   Thumb Code    70  udp.o(.text)
    udp_disconnect                           0x0801b2b9   Thumb Code    16  udp.o(.text)
    udp_recv                                 0x0801b2c9   Thumb Code     6  udp.o(.text)
    udp_remove                               0x0801b2cf   Thumb Code    36  udp.o(.text)
    udp_new                                  0x0801b2f3   Thumb Code    28  udp.o(.text)
    icmp_input                               0x0801b3b5   Thumb Code   342  icmp.o(.text)
    icmp_dest_unreach                        0x0801b50b   Thumb Code     8  icmp.o(.text)
    inet_chksum_pseudo                       0x0801b775   Thumb Code   134  inet_chksum.o(.text)
    inet_chksum_pseudo_partial               0x0801b7fb   Thumb Code   178  inet_chksum.o(.text)
    inet_chksum                              0x0801b8ad   Thumb Code    12  inet_chksum.o(.text)
    inet_chksum_pbuf                         0x0801b8b9   Thumb Code    72  inet_chksum.o(.text)
    ip_route                                 0x0801b949   Thumb Code    54  ip.o(.text)
    ip_input                                 0x0801b97f   Thumb Code   320  ip.o(.text)
    ip_output_if                             0x0801babf   Thumb Code   186  ip.o(.text)
    ip_output                                0x0801bb79   Thumb Code    74  ip.o(.text)
    ip4_addr_isbroadcast                     0x0801bc41   Thumb Code    46  ip_addr.o(.text)
    ip4_addr_netmask_valid                   0x0801bc6f   Thumb Code    38  ip_addr.o(.text)
    ipaddr_aton                              0x0801bc95   Thumb Code   266  ip_addr.o(.text)
    ipaddr_addr                              0x0801bd9f   Thumb Code    20  ip_addr.o(.text)
    ipaddr_ntoa_r                            0x0801bdb3   Thumb Code   122  ip_addr.o(.text)
    ipaddr_ntoa                              0x0801be2d   Thumb Code     6  ip_addr.o(.text)
    etharp_tmr                               0x0801beef   Thumb Code    66  etharp.o(.text)
    etharp_cleanup_netif                     0x0801c17b   Thumb Code    44  etharp.o(.text)
    etharp_find_addr                         0x0801c1a7   Thumb Code    74  etharp.o(.text)
    etharp_request                           0x0801c523   Thumb Code    32  etharp.o(.text)
    etharp_query                             0x0801c597   Thumb Code   318  etharp.o(.text)
    etharp_output                            0x0801c6d5   Thumb Code   518  etharp.o(.text)
    ethernet_input                           0x0801c8db   Thumb Code   158  etharp.o(.text)
    eth_device_init_with_flag                0x0801ca17   Thumb Code   174  ethernetif.o(.text)
    eth_device_init                          0x0801cac5   Thumb Code     4  ethernetif.o(.text)
    eth_device_ready                         0x0801cac9   Thumb Code    16  ethernetif.o(.text)
    eth_device_linkchange                    0x0801cad9   Thumb Code    58  ethernetif.o(.text)
    eth_system_device_init                   0x0801cbdf   Thumb Code   214  ethernetif.o(.text)
    set_if                                   0x0801ccb5   Thumb Code   140  ethernetif.o(.text)
    set_dns                                  0x0801cd41   Thumb Code    26  ethernetif.o(.text)
    list_if                                  0x0801cd5b   Thumb Code   708  ethernetif.o(.text)
    list_tcps                                0x0801d01f   Thumb Code   240  ethernetif.o(.text)
    user_thread_init                         0x0801d251   Thumb Code   100  app_thread.o(.text)
    led0_thread_entry                        0x0801d345   Thumb Code    26  led_app.o(.text)
    led1_thread_entry                        0x0801d35f   Thumb Code    26  led_app.o(.text)
    bsp_init                                 0x0801d379   Thumb Code     4  common.o(.text)
    led_init                                 0x0801d37d   Thumb Code    84  led.o(.text)
    led_on                                   0x0801d3d1   Thumb Code    48  led.o(.text)
    led_off                                  0x0801d401   Thumb Code    46  led.o(.text)
    led_toggle                               0x0801d42f   Thumb Code    64  led.o(.text)
    atoi                                     0x0801d475   Thumb Code    26  atoi.o(.text)
    memcmp                                   0x0801d48f   Thumb Code    88  memcmp.o(.text)
    strcpy                                   0x0801d4e7   Thumb Code    72  strcpy.o(.text)
    strrchr                                  0x0801d52f   Thumb Code    22  strrchr.o(.text)
    strlen                                   0x0801d545   Thumb Code    62  strlen.o(.text)
    strncmp                                  0x0801d583   Thumb Code   150  strncmp.o(.text)
    __aeabi_memcpy                           0x0801d619   Thumb Code     0  rt_memcpy_v6.o(.text)
    __rt_memcpy                              0x0801d619   Thumb Code   138  rt_memcpy_v6.o(.text)
    _memcpy_lastbytes                        0x0801d67f   Thumb Code     0  rt_memcpy_v6.o(.text)
    __aeabi_memcpy4                          0x0801d6a3   Thumb Code     0  rt_memcpy_w.o(.text)
    __aeabi_memcpy8                          0x0801d6a3   Thumb Code     0  rt_memcpy_w.o(.text)
    __rt_memcpy_w                            0x0801d6a3   Thumb Code   100  rt_memcpy_w.o(.text)
    _memcpy_lastbytes_aligned                0x0801d6eb   Thumb Code     0  rt_memcpy_w.o(.text)
    __aeabi_memset                           0x0801d707   Thumb Code    16  aeabi_memset.o(.text)
    __aeabi_memclr                           0x0801d717   Thumb Code     0  rt_memclr.o(.text)
    __rt_memclr                              0x0801d717   Thumb Code    68  rt_memclr.o(.text)
    _memset                                  0x0801d71b   Thumb Code     0  rt_memclr.o(.text)
    __aeabi_memclr4                          0x0801d75b   Thumb Code     0  rt_memclr_w.o(.text)
    __aeabi_memclr8                          0x0801d75b   Thumb Code     0  rt_memclr_w.o(.text)
    __rt_memclr_w                            0x0801d75b   Thumb Code    78  rt_memclr_w.o(.text)
    _memset_w                                0x0801d75f   Thumb Code     0  rt_memclr_w.o(.text)
    strncpy                                  0x0801d7a9   Thumb Code    86  strncpy.o(.text)
    strcmp                                   0x0801d801   Thumb Code   128  strcmpv7m.o(.text)
    mktime                                   0x0801d8bf   Thumb Code   352  mktime.o(.text)
    __use_two_region_memory                  0x0801da29   Thumb Code     2  heapauxi.o(.text)
    __rt_heap_escrow$2region                 0x0801da2b   Thumb Code     2  heapauxi.o(.text)
    __rt_heap_expand$2region                 0x0801da2d   Thumb Code     2  heapauxi.o(.text)
    __aeabi_errno_addr                       0x0801da31   Thumb Code     8  rt_errno_addr_intlibspace.o(.text)
    __errno$intlibspace                      0x0801da31   Thumb Code     0  rt_errno_addr_intlibspace.o(.text)
    __rt_errno_addr$intlibspace              0x0801da31   Thumb Code     0  rt_errno_addr_intlibspace.o(.text)
    strtol                                   0x0801da39   Thumb Code   112  strtol.o(.text)
    __user_libspace                          0x0801daa9   Thumb Code     8  libspace.o(.text)
    __user_perproc_libspace                  0x0801daa9   Thumb Code     0  libspace.o(.text)
    __user_perthread_libspace                0x0801daa9   Thumb Code     0  libspace.o(.text)
    __rt_ctype_table                         0x0801dab1   Thumb Code    16  rt_ctype_table.o(.text)
    _strtoul                                 0x0801dac1   Thumb Code   158  _strtoul.o(.text)
    __user_setup_stackheap                   0x0801db5f   Thumb Code    74  sys_stackheap_outer.o(.text)
    __rt_locale                              0x0801dba9   Thumb Code     8  rt_locale_intlibspace.o(.text)
    _chval                                   0x0801dbb1   Thumb Code    28  _chval.o(.text)
    exit                                     0x0801dbcd   Thumb Code    18  exit.o(.text)
    _sys_exit                                0x0801dbe1   Thumb Code     8  sys_exit.o(.text)
    __I$use$semihosting                      0x0801dbed   Thumb Code     0  use_no_semi.o(.text)
    __use_no_semihosting_swi                 0x0801dbed   Thumb Code     2  use_no_semi.o(.text)
    __semihosting_library_function           0x0801dbef   Thumb Code     0  indicate_semi.o(.text)
    _get_lc_ctype                            0x0801dbf1   Thumb Code    44  lc_ctype_c.o(locale$$code)
    __lowest_bit_bitmap                      0x0801df10   Data         256  kservice.o(.constdata)
    op_table                                 0x0801e6a8   Data         196  finsh_ops.o(.constdata)
    memp_sizes                               0x0801e8a0   Data          28  memp.o(.constdata)
    tcp_persist_backoff                      0x0801e8bc   Data           7  tcp.o(.constdata)
    tcp_state_str                            0x0801e8c4   Data          44  tcp.o(.constdata)
    tcp_backoff                              0x0801e8f0   Data          13  tcp.o(.constdata)
    tcp_pcb_lists                            0x0801e900   Data          16  tcp.o(.constdata)
    ip_addr_any                              0x0801e910   Data           4  ip_addr.o(.constdata)
    ethbroadcast                             0x0801e914   Data           6  etharp.o(.constdata)
    ethzero                                  0x0801e91a   Data           6  etharp.o(.constdata)
    led_pin                                  0x0801e978   Data          32  led.o(.constdata)
    _monlen                                  0x0801e998   Data          12  _monlen.o(.constdata)
    __fsym_phy_search_name                   0x0801eed4   Data          11  stm32_eth.o(.rodata.name)
    __fsym_phy_search_desc                   0x0801eedf   Data          20  stm32_eth.o(.rodata.name)
    __fsym_phy_dump_name                     0x0801eef3   Data           9  stm32_eth.o(.rodata.name)
    __fsym_phy_dump_desc                     0x0801eefc   Data          18  stm32_eth.o(.rodata.name)
    __fsym_phy_write_name                    0x0801ef0e   Data          10  stm32_eth.o(.rodata.name)
    __fsym_phy_write_desc                    0x0801ef18   Data          19  stm32_eth.o(.rodata.name)
    __fsym_emac_dump_name                    0x0801ef2b   Data          10  stm32_eth.o(.rodata.name)
    __fsym_emac_dump_desc                    0x0801ef35   Data          19  stm32_eth.o(.rodata.name)
    __fsym_list_mem_name                     0x0801ef48   Data           9  mem.o(.rodata.name)
    __fsym_list_mem_desc                     0x0801ef51   Data          30  mem.o(.rodata.name)
    __fsym_ls_name                           0x0801ef6f   Data           3  dfs_file.o(.rodata.name)
    __fsym_ls_desc                           0x0801ef72   Data          24  dfs_file.o(.rodata.name)
    __fsym_rm_name                           0x0801ef8a   Data           3  dfs_file.o(.rodata.name)
    __fsym_rm_desc                           0x0801ef8d   Data          28  dfs_file.o(.rodata.name)
    __fsym_cat_name                          0x0801efa9   Data           4  dfs_file.o(.rodata.name)
    __fsym_cat_desc                          0x0801efad   Data          11  dfs_file.o(.rodata.name)
    __fsym_copy_name                         0x0801efb8   Data           5  dfs_file.o(.rodata.name)
    __fsym_copy_desc                         0x0801efbd   Data          17  dfs_file.o(.rodata.name)
    __fsym_mkfs_name                         0x0801efce   Data           5  dfs_fs.o(.rodata.name)
    __fsym_mkfs_desc                         0x0801efd3   Data          19  dfs_fs.o(.rodata.name)
    __fsym_df_name                           0x0801efe6   Data           3  dfs_fs.o(.rodata.name)
    __fsym_df_desc                           0x0801efe9   Data          14  dfs_fs.o(.rodata.name)
    __fsym_mkdir_name                        0x0801eff7   Data           6  dfs_posix.o(.rodata.name)
    __fsym_mkdir_desc                        0x0801effd   Data          19  dfs_posix.o(.rodata.name)
    __fsym_hello_name                        0x0801f010   Data           6  cmd.o(.rodata.name)
    __fsym_hello_desc                        0x0801f016   Data          16  cmd.o(.rodata.name)
    __fsym_version_name                      0x0801f026   Data           8  cmd.o(.rodata.name)
    __fsym_version_desc                      0x0801f02e   Data          35  cmd.o(.rodata.name)
    __fsym_list_thread_name                  0x0801f051   Data          12  cmd.o(.rodata.name)
    __fsym_list_thread_desc                  0x0801f05d   Data          12  cmd.o(.rodata.name)
    __fsym_list_sem_name                     0x0801f069   Data           9  cmd.o(.rodata.name)
    __fsym_list_sem_desc                     0x0801f072   Data          25  cmd.o(.rodata.name)
    __fsym_list_event_name                   0x0801f08b   Data          11  cmd.o(.rodata.name)
    __fsym_list_event_desc                   0x0801f096   Data          21  cmd.o(.rodata.name)
    __fsym_list_mutex_name                   0x0801f0ab   Data          11  cmd.o(.rodata.name)
    __fsym_list_mutex_desc                   0x0801f0b6   Data          21  cmd.o(.rodata.name)
    __fsym_list_mailbox_name                 0x0801f0cb   Data          13  cmd.o(.rodata.name)
    __fsym_list_mailbox_desc                 0x0801f0d8   Data          24  cmd.o(.rodata.name)
    __fsym_list_msgqueue_name                0x0801f0f0   Data          14  cmd.o(.rodata.name)
    __fsym_list_msgqueue_desc                0x0801f0fe   Data          29  cmd.o(.rodata.name)
    __fsym_list_mempool_name                 0x0801f11b   Data          13  cmd.o(.rodata.name)
    __fsym_list_mempool_desc                 0x0801f128   Data          27  cmd.o(.rodata.name)
    __fsym_list_timer_name                   0x0801f143   Data          11  cmd.o(.rodata.name)
    __fsym_list_timer_desc                   0x0801f14e   Data          21  cmd.o(.rodata.name)
    __fsym_list_device_name                  0x0801f163   Data          12  cmd.o(.rodata.name)
    __fsym_list_device_desc                  0x0801f16f   Data          22  cmd.o(.rodata.name)
    __fsym_list_name                         0x0801f185   Data           5  cmd.o(.rodata.name)
    __fsym_list_desc                         0x0801f18a   Data          26  cmd.o(.rodata.name)
    __vsym_dummy_name                        0x0801f1a4   Data           6  cmd.o(.rodata.name)
    __vsym_dummy_desc                        0x0801f1aa   Data          25  cmd.o(.rodata.name)
    __fsym_set_if_name                       0x0801f1c3   Data           7  ethernetif.o(.rodata.name)
    __fsym_set_if_desc                       0x0801f1ca   Data          30  ethernetif.o(.rodata.name)
    __fsym_set_dns_name                      0x0801f1e8   Data           8  ethernetif.o(.rodata.name)
    __fsym_set_dns_desc                      0x0801f1f0   Data          23  ethernetif.o(.rodata.name)
    __fsym_list_if_name                      0x0801f207   Data           8  ethernetif.o(.rodata.name)
    __fsym_list_if_desc                      0x0801f20f   Data          35  ethernetif.o(.rodata.name)
    __fsym_list_tcps_name                    0x0801f232   Data          10  ethernetif.o(.rodata.name)
    __fsym_list_tcps_desc                    0x0801f23c   Data          28  ethernetif.o(.rodata.name)
    FSymTab$$Base                            0x0801f258   Number         0  stm32_eth.o(FSymTab)
    __fsym_phy_search                        0x0801f258   Data          12  stm32_eth.o(FSymTab)
    __fsym_phy_dump                          0x0801f264   Data          12  stm32_eth.o(FSymTab)
    __fsym_phy_write                         0x0801f270   Data          12  stm32_eth.o(FSymTab)
    __fsym_emac_dump                         0x0801f27c   Data          12  stm32_eth.o(FSymTab)
    __fsym_list_mem                          0x0801f288   Data          12  mem.o(FSymTab)
    __fsym_ls                                0x0801f294   Data          12  dfs_file.o(FSymTab)
    __fsym_rm                                0x0801f2a0   Data          12  dfs_file.o(FSymTab)
    __fsym_cat                               0x0801f2ac   Data          12  dfs_file.o(FSymTab)
    __fsym_copy                              0x0801f2b8   Data          12  dfs_file.o(FSymTab)
    __fsym_mkfs                              0x0801f2c4   Data          12  dfs_fs.o(FSymTab)
    __fsym_df                                0x0801f2d0   Data          12  dfs_fs.o(FSymTab)
    __fsym_mkdir                             0x0801f2dc   Data          12  dfs_posix.o(FSymTab)
    __fsym_hello                             0x0801f2e8   Data          12  cmd.o(FSymTab)
    __fsym_version                           0x0801f2f4   Data          12  cmd.o(FSymTab)
    __fsym_list_thread                       0x0801f300   Data          12  cmd.o(FSymTab)
    __fsym_list_sem                          0x0801f30c   Data          12  cmd.o(FSymTab)
    __fsym_list_event                        0x0801f318   Data          12  cmd.o(FSymTab)
    __fsym_list_mutex                        0x0801f324   Data          12  cmd.o(FSymTab)
    __fsym_list_mailbox                      0x0801f330   Data          12  cmd.o(FSymTab)
    __fsym_list_msgqueue                     0x0801f33c   Data          12  cmd.o(FSymTab)
    __fsym_list_mempool                      0x0801f348   Data          12  cmd.o(FSymTab)
    __fsym_list_timer                        0x0801f354   Data          12  cmd.o(FSymTab)
    __fsym_list_device                       0x0801f360   Data          12  cmd.o(FSymTab)
    __fsym_list                              0x0801f36c   Data          12  cmd.o(FSymTab)
    __fsym_set_if                            0x0801f378   Data          12  ethernetif.o(FSymTab)
    __fsym_set_dns                           0x0801f384   Data          12  ethernetif.o(FSymTab)
    __fsym_list_if                           0x0801f390   Data          12  ethernetif.o(FSymTab)
    __fsym_list_tcps                         0x0801f39c   Data          12  ethernetif.o(FSymTab)
    FSymTab$$Limit                           0x0801f3a8   Number         0  ethernetif.o(FSymTab)
    Region$$Table$$Base                      0x0801f3a8   Number         0  anon$$obj.o(Region$$Table)
    Region$$Table$$Limit                     0x0801f3c8   Number         0  anon$$obj.o(Region$$Table)
    VSymTab$$Base                            0x0801f3c8   Number         0  cmd.o(VSymTab)
    __vsym_dummy                             0x0801f3c8   Data          16  cmd.o(VSymTab)
    VSymTab$$Limit                           0x0801f3d8   Number         0  cmd.o(VSymTab)
    __ctype                                  0x0801f3e5   Data           0  lc_ctype_c.o(locale$$data)
    uart1                                    0x20000000   Data           8  usart.o(.data)
    DMATxDescToSet                           0x20000010   Data           4  stm32_eth.o(.data)
    DMARxDescToGet                           0x20000014   Data           4  stm32_eth.o(.data)
    DMAPTPTxDescToSet                        0x20000018   Data           4  stm32_eth.o(.data)
    DMAPTPRxDescToGet                        0x2000001c   Data           4  stm32_eth.o(.data)
    SystemCoreClock                          0x20000028   Data           4  system_stm32f10x.o(.data)
    AHBPrescTable                            0x2000002c   Data          16  system_stm32f10x.o(.data)
    rt_interrupt_nest                        0x20000058   Data           1  irq.o(.data)
    rt_assert_hook                           0x20000064   Data           4  kservice.o(.data)
    rt_object_trytake_hook                   0x20000090   Data           4  object.o(.data)
    rt_object_take_hook                      0x20000094   Data           4  object.o(.data)
    rt_object_put_hook                       0x20000098   Data           4  object.o(.data)
    rt_object_container                      0x2000009c   Data         144  object.o(.data)
    rt_current_priority                      0x2000012c   Data           1  scheduler.o(.data)
    rt_current_thread                        0x20000130   Data           4  scheduler.o(.data)
    rt_thread_ready_priority_group           0x20000134   Data           4  scheduler.o(.data)
    rt_thread_defunct                        0x2000013c   Data           8  scheduler.o(.data)
    rt_interrupt_from_thread                 0x20000158   Data           4  cpuport.o(.data)
    rt_interrupt_to_thread                   0x2000015c   Data           4  cpuport.o(.data)
    rt_thread_switch_interrupt_flag          0x20000160   Data           4  cpuport.o(.data)
    shell                                    0x20000178   Data           4  shell.o(.data)
    _syscall_table_begin                     0x2000017c   Data           4  symbol.o(.data)
    _syscall_table_end                       0x20000180   Data           4  symbol.o(.data)
    _sysvar_table_begin                      0x20000184   Data           4  symbol.o(.data)
    _sysvar_table_end                        0x20000188   Data           4  symbol.o(.data)
    finsh_compile_sp                         0x20000190   Data           4  finsh_compiler.o(.data)
    finsh_compile_pc                         0x20000194   Data           4  finsh_compiler.o(.data)
    global_errno                             0x20000198   Data           1  finsh_error.o(.data)
    global_sysvar_list                       0x200001e0   Data           4  finsh_var.o(.data)
    global_syscall_list                      0x200001e4   Data           4  finsh_vm.o(.data)
    finsh_sp                                 0x200001e8   Data           4  finsh_vm.o(.data)
    finsh_pc                                 0x200001ec   Data           4  finsh_vm.o(.data)
    netif_list                               0x20000224   Data           4  netif.o(.data)
    netif_default                            0x20000228   Data           4  netif.o(.data)
    pbuf_free_ooseq_pending                  0x2000022c   Data           1  pbuf.o(.data)
    tcp_active_pcbs_changed                  0x20000234   Data           1  tcp.o(.data)
    tcp_ticks                                0x20000240   Data           4  tcp.o(.data)
    tcp_bound_pcbs                           0x20000244   Data           4  tcp.o(.data)
    tcp_listen_pcbs                          0x20000248   Data           4  tcp.o(.data)
    tcp_active_pcbs                          0x2000024c   Data           4  tcp.o(.data)
    tcp_tw_pcbs                              0x20000250   Data           4  tcp.o(.data)
    tcp_tmp_pcb                              0x20000254   Data           4  tcp.o(.data)
    tcp_input_pcb                            0x20000270   Data           4  tcp_in.o(.data)
    udp_pcbs                                 0x20000280   Data           4  udp.o(.data)
    current_netif                            0x20000288   Data           4  ip.o(.data)
    current_header                           0x2000028c   Data           4  ip.o(.data)
    current_iphdr_src                        0x20000290   Data           4  ip.o(.data)
    current_iphdr_dest                       0x20000294   Data           4  ip.o(.data)
    serial1                                  0x2000029c   Data          84  usart.o(.bss)
    rt_thread_priority_table                 0x20002b78   Data         256  scheduler.o(.bss)
    filesystem_operation_table               0x20002c78   Data          16  dfs.o(.bss)
    filesystem_table                         0x20002c88   Data          32  dfs.o(.bss)
    fd_table                                 0x20002ccc   Data         128  dfs.o(.bss)
    finsh_heap                               0x200036f0   Data         128  finsh_heap.o(.bss)
    global_node_table                        0x20003770   Data         320  finsh_node.o(.bss)
    global_variable                          0x200038b0   Data         192  finsh_var.o(.bss)
    finsh_vm_stack                           0x20003970   Data         256  finsh_vm.o(.bss)
    text_segment                             0x20003a70   Data         128  finsh_vm.o(.bss)
    __libspace_start                         0x2000591c   Data          96  libspace.o(.bss)
    __temporary_stack_top$libspace           0x2000597c   Data           0  libspace.o(.bss)
    Image$$RW_IRAM1$$ZI$$Limit               0x20005f80   Number         0  anon$$obj.o ABSOLUTE



==============================================================================

Memory Map of the image

  Image Entry point : 0x08000151

  Load Region LR_IROM1 (Base: 0x08000000, Size: 0x0001f784, Max: 0x00040000, ABSOLUTE, COMPRESSED[0x0001f59c])

    Execution Region ER_IROM1 (Base: 0x08000000, Size: 0x0001f4e8, Max: 0x00040000, ABSOLUTE)

    Base Addr    Size         Type   Attr      Idx    E Section Name        Object

    0x08000000   0x00000150   Data   RO         1102    RESET               startup_stm32f10x_cl.o
    0x08000150   0x00000008   Code   RO         2980  * !!!main             c_w.l(__main.o)
    0x08000158   0x00000034   Code   RO         3161    !!!scatter          c_w.l(__scatter.o)
    0x0800018c   0x0000005a   Code   RO         3159    !!dczerorl2         c_w.l(__dczerorl2.o)
    0x080001e6   0x00000002   PAD
    0x080001e8   0x0000001c   Code   RO         3163    !!handler_zi        c_w.l(__scatter_zi.o)
    0x08000204   0x00000002   Code   RO         3032    .ARM.Collect$$libinit$$00000000  c_w.l(libinit.o)
    0x08000206   0x00000000   Code   RO         3036    .ARM.Collect$$libinit$$00000002  c_w.l(libinit2.o)
    0x08000206   0x00000000   Code   RO         3038    .ARM.Collect$$libinit$$00000004  c_w.l(libinit2.o)
    0x08000206   0x00000000   Code   RO         3041    .ARM.Collect$$libinit$$0000000A  c_w.l(libinit2.o)
    0x08000206   0x00000000   Code   RO         3043    .ARM.Collect$$libinit$$0000000C  c_w.l(libinit2.o)
    0x08000206   0x00000000   Code   RO         3045    .ARM.Collect$$libinit$$0000000E  c_w.l(libinit2.o)
    0x08000206   0x00000006   Code   RO         3046    .ARM.Collect$$libinit$$0000000F  c_w.l(libinit2.o)
    0x0800020c   0x00000000   Code   RO         3048    .ARM.Collect$$libinit$$00000011  c_w.l(libinit2.o)
    0x0800020c   0x0000000c   Code   RO         3049    .ARM.Collect$$libinit$$00000012  c_w.l(libinit2.o)
    0x08000218   0x00000000   Code   RO         3050    .ARM.Collect$$libinit$$00000013  c_w.l(libinit2.o)
    0x08000218   0x00000000   Code   RO         3052    .ARM.Collect$$libinit$$00000015  c_w.l(libinit2.o)
    0x08000218   0x00000000   Code   RO         3054    .ARM.Collect$$libinit$$00000017  c_w.l(libinit2.o)
    0x08000218   0x00000000   Code   RO         3056    .ARM.Collect$$libinit$$00000019  c_w.l(libinit2.o)
    0x08000218   0x00000000   Code   RO         3058    .ARM.Collect$$libinit$$0000001B  c_w.l(libinit2.o)
    0x08000218   0x00000000   Code   RO         3060    .ARM.Collect$$libinit$$0000001D  c_w.l(libinit2.o)
    0x08000218   0x00000000   Code   RO         3062    .ARM.Collect$$libinit$$0000001F  c_w.l(libinit2.o)
    0x08000218   0x00000000   Code   RO         3064    .ARM.Collect$$libinit$$00000021  c_w.l(libinit2.o)
    0x08000218   0x00000000   Code   RO         3066    .ARM.Collect$$libinit$$00000023  c_w.l(libinit2.o)
    0x08000218   0x00000000   Code   RO         3068    .ARM.Collect$$libinit$$00000025  c_w.l(libinit2.o)
    0x08000218   0x00000000   Code   RO         3072    .ARM.Collect$$libinit$$0000002C  c_w.l(libinit2.o)
    0x08000218   0x00000000   Code   RO         3074    .ARM.Collect$$libinit$$0000002E  c_w.l(libinit2.o)
    0x08000218   0x00000000   Code   RO         3076    .ARM.Collect$$libinit$$00000030  c_w.l(libinit2.o)
    0x08000218   0x00000000   Code   RO         3078    .ARM.Collect$$libinit$$00000032  c_w.l(libinit2.o)
    0x08000218   0x00000002   Code   RO         3079    .ARM.Collect$$libinit$$00000033  c_w.l(libinit2.o)
    0x0800021a   0x00000002   Code   RO         3099    .ARM.Collect$$libshutdown$$00000000  c_w.l(libshutdown.o)
    0x0800021c   0x00000000   Code   RO         3112    .ARM.Collect$$libshutdown$$00000002  c_w.l(libshutdown2.o)
    0x0800021c   0x00000000   Code   RO         3114    .ARM.Collect$$libshutdown$$00000004  c_w.l(libshutdown2.o)
    0x0800021c   0x00000000   Code   RO         3117    .ARM.Collect$$libshutdown$$00000007  c_w.l(libshutdown2.o)
    0x0800021c   0x00000000   Code   RO         3120    .ARM.Collect$$libshutdown$$0000000A  c_w.l(libshutdown2.o)
    0x0800021c   0x00000000   Code   RO         3122    .ARM.Collect$$libshutdown$$0000000C  c_w.l(libshutdown2.o)
    0x0800021c   0x00000000   Code   RO         3125    .ARM.Collect$$libshutdown$$0000000F  c_w.l(libshutdown2.o)
    0x0800021c   0x00000002   Code   RO         3126    .ARM.Collect$$libshutdown$$00000010  c_w.l(libshutdown2.o)
    0x0800021e   0x00000000   Code   RO         2982    .ARM.Collect$$rtentry$$00000000  c_w.l(__rtentry.o)
    0x0800021e   0x00000000   Code   RO         2995    .ARM.Collect$$rtentry$$00000002  c_w.l(__rtentry2.o)
    0x0800021e   0x00000006   Code   RO         3007    .ARM.Collect$$rtentry$$00000004  c_w.l(__rtentry4.o)
    0x08000224   0x00000000   Code   RO         2997    .ARM.Collect$$rtentry$$00000009  c_w.l(__rtentry2.o)
    0x08000224   0x00000004   Code   RO         2998    .ARM.Collect$$rtentry$$0000000A  c_w.l(__rtentry2.o)
    0x08000228   0x00000000   Code   RO         3000    .ARM.Collect$$rtentry$$0000000C  c_w.l(__rtentry2.o)
    0x08000228   0x00000008   Code   RO         3001    .ARM.Collect$$rtentry$$0000000D  c_w.l(__rtentry2.o)
    0x08000230   0x00000002   Code   RO         3033    .ARM.Collect$$rtexit$$00000000  c_w.l(rtexit.o)
    0x08000232   0x00000000   Code   RO         3081    .ARM.Collect$$rtexit$$00000002  c_w.l(rtexit2.o)
    0x08000232   0x00000004   Code   RO         3082    .ARM.Collect$$rtexit$$00000003  c_w.l(rtexit2.o)
    0x08000236   0x00000006   Code   RO         3083    .ARM.Collect$$rtexit$$00000004  c_w.l(rtexit2.o)
    0x0800023c   0x000000e8   Code   RO            3    .text               application.o
    0x08000324   0x000000b8   Code   RO          221    .text               startup.o
    0x080003dc   0x00000068   Code   RO          347    .text               board.o
    0x08000444   0x0000000c   Code   RO          375    .text               stm32f10x_it.o
    0x08000450   0x00000284   Code   RO          398    .text               usart.o
    0x080006d4   0x000000e4   Code   RO          439    .text               platform.o
    0x080007b8   0x00001dbc   Code   RO          470    .text               stm32_eth.o
    0x08002574   0x00000228   Code   RO          560    .text               rt_stm32f10x_spi.o
    0x0800279c   0x00000ebc   Code   RO          580    .text               msd.o
    0x08003658   0x000001c4   Code   RO          603    .text               system_stm32f10x.o
    0x0800381c   0x00000930   Code   RO          649    .text               stm32f10x_rcc.o
    0x0800414c   0x00000854   Code   RO          895    .text               stm32f10x_spi.o
    0x080049a0   0x00000958   Code   RO          959    .text               stm32f10x_gpio.o
    0x080052f8   0x00000bf4   Code   RO          979    .text               stm32f10x_usart.o
    0x08005eec   0x0000019c   Code   RO         1082    .text               misc.o
    0x08006088   0x00000040   Code   RO         1103    .text               startup_stm32f10x_cl.o
    0x080060c8   0x00000060   Code   RO         1107    .text               clock.o
    0x08006128   0x00000300   Code   RO         1121    .text               device.o
    0x08006428   0x00000118   Code   RO         1135    .text               idle.o
    0x08006540   0x000013d0   Code   RO         1155    .text               ipc.o
    0x08007910   0x00000038   Code   RO         1172    .text               irq.o
    0x08007948   0x00000810   Code   RO         1187    .text               kservice.o
    0x08008158   0x000006b4   Code   RO         1208    .text               mem.o
    0x0800880c   0x00000290   Code   RO         1247    .text               object.o
    0x08008a9c   0x0000026c   Code   RO         1266    .text               scheduler.o
    0x08008d08   0x00000544   Code   RO         1287    .text               thread.o
    0x0800924c   0x00000324   Code   RO         1304    .text               timer.o
    0x08009570   0x00000560   Code   RO         1323    .text               cpuport.o
    0x08009ad0   0x000000ec   Code   RO         1342    .text               context_rvds.o
    0x08009bbc   0x00000340   Code   RO         1380    .text               dfs.o
    0x08009efc   0x00000820   Code   RO         1414    .text               dfs_file.o
    0x0800a71c   0x000004e8   Code   RO         1449    .text               dfs_fs.o
    0x0800ac04   0x000004c4   Code   RO         1471    .text               dfs_posix.o
    0x0800b0c8   0x000008f0   Code   RO         1491    .text               dfs_elm.o
    0x0800b9b8   0x00002014   Code   RO         1522    .text               ff.o
    0x0800d9cc   0x00000734   Code   RO         1538    .text               serial.o
    0x0800e100   0x000004f8   Code   RO         1551    .text               spi_core.o
    0x0800e5f8   0x000001d0   Code   RO         1564    .text               spi_dev.o
    0x0800e7c8   0x000001a8   Code   RO         1577    .text               completion.o
    0x0800e970   0x000003dc   Code   RO         1590    .text               dataqueue.o
    0x0800ed4c   0x00000748   Code   RO         1669    .text               shell.o
    0x0800f494   0x00000ad4   Code   RO         1706    .text               cmd.o
    0x0800ff68   0x000007dc   Code   RO         1763    .text               finsh_compiler.o
    0x08010744   0x00000024   Code   RO         1800    .text               finsh_error.o
    0x08010768   0x000001b0   Code   RO         1816    .text               finsh_heap.o
    0x08010918   0x0000004c   Code   RO         1833    .text               finsh_init.o
    0x08010964   0x0000014c   Code   RO         1851    .text               finsh_node.o
    0x08010ab0   0x000005be   Code   RO         1866    .text               finsh_ops.o
    0x0801106e   0x00000002   PAD
    0x08011070   0x00000746   Code   RO         1884    .text               finsh_parser.o
    0x080117b6   0x00000002   PAD
    0x080117b8   0x00000160   Code   RO         1899    .text               finsh_var.o
    0x08011918   0x000000b0   Code   RO         1922    .text               finsh_vm.o
    0x080119c8   0x00000544   Code   RO         1949    .text               finsh_token.o
    0x08011f0c   0x00000a58   Code   RO         1964    .text               api_lib.o
    0x08012964   0x000014c8   Code   RO         2046    .text               api_msg.o
    0x08013e2c   0x0000030c   Code   RO         2101    .text               netbuf.o
    0x08014138   0x000000cc   Code   RO         2160    .text               netifapi.o
    0x08014204   0x00001564   Code   RO         2197    .text               sockets.o
    0x08015768   0x00000350   Code   RO         2242    .text               tcpip.o
    0x08015ab8   0x000006a8   Code   RO         2292    .text               sys_arch.o
    0x08016160   0x00000010   Code   RO         2335    .text               def.o
    0x08016170   0x00000618   Code   RO         2354    .text               dns.o
    0x08016788   0x00000022   Code   RO         2374    .text               init.o
    0x080167aa   0x00000002   PAD
    0x080167ac   0x0000023c   Code   RO         2459    .text               netif.o
    0x080169e8   0x00000cbe   Code   RO         2496    .text               pbuf.o
    0x080176a6   0x00000002   PAD
    0x080176a8   0x000001dc   Code   RO         2524    .text               raw.o
    0x08017884   0x00001040   Code   RO         2556    .text               tcp.o
    0x080188c4   0x00001510   Code   RO         2584    .text               tcp_in.o
    0x08019dd4   0x00000f5a   Code   RO         2610    .text               tcp_out.o
    0x0801ad2e   0x00000002   PAD
    0x0801ad30   0x00000224   Code   RO         2623    .text               timers.o
    0x0801af54   0x00000460   Code   RO         2649    .text               udp.o
    0x0801b3b4   0x00000368   Code   RO         2674    .text               icmp.o
    0x0801b71c   0x0000022c   Code   RO         2698    .text               inet_chksum.o
    0x0801b948   0x000002f8   Code   RO         2710    .text               ip.o
    0x0801bc40   0x0000023c   Code   RO         2734    .text               ip_addr.o
    0x0801be7c   0x00000b24   Code   RO         2764    .text               etharp.o
    0x0801c9a0   0x000008b0   Code   RO         2786    .text               ethernetif.o
    0x0801d250   0x000000f4   Code   RO         2845    .text               app_thread.o
    0x0801d344   0x00000034   Code   RO         2867    .text               led_app.o
    0x0801d378   0x00000004   Code   RO         2887    .text               common.o
    0x0801d37c   0x000000f8   Code   RO         2907    .text               led.o
    0x0801d474   0x0000001a   Code   RO         2950    .text               c_w.l(atoi.o)
    0x0801d48e   0x00000058   Code   RO         2952    .text               c_w.l(memcmp.o)
    0x0801d4e6   0x00000048   Code   RO         2954    .text               c_w.l(strcpy.o)
    0x0801d52e   0x00000016   Code   RO         2956    .text               c_w.l(strrchr.o)
    0x0801d544   0x0000003e   Code   RO         2958    .text               c_w.l(strlen.o)
    0x0801d582   0x00000096   Code   RO         2960    .text               c_w.l(strncmp.o)
    0x0801d618   0x0000008a   Code   RO         2962    .text               c_w.l(rt_memcpy_v6.o)
    0x0801d6a2   0x00000064   Code   RO         2964    .text               c_w.l(rt_memcpy_w.o)
    0x0801d706   0x00000010   Code   RO         2966    .text               c_w.l(aeabi_memset.o)
    0x0801d716   0x00000044   Code   RO         2968    .text               c_w.l(rt_memclr.o)
    0x0801d75a   0x0000004e   Code   RO         2970    .text               c_w.l(rt_memclr_w.o)
    0x0801d7a8   0x00000056   Code   RO         2972    .text               c_w.l(strncpy.o)
    0x0801d7fe   0x00000002   PAD
    0x0801d800   0x00000080   Code   RO         2974    .text               c_w.l(strcmpv7m.o)
    0x0801d880   0x000001a8   Code   RO         2976    .text               c_w.l(mktime.o)
    0x0801da28   0x00000006   Code   RO         2978    .text               c_w.l(heapauxi.o)
    0x0801da2e   0x00000002   PAD
    0x0801da30   0x00000008   Code   RO         2986    .text               c_w.l(rt_errno_addr_intlibspace.o)
    0x0801da38   0x00000070   Code   RO         2988    .text               c_w.l(strtol.o)
    0x0801daa8   0x00000008   Code   RO         2991    .text               c_w.l(libspace.o)
    0x0801dab0   0x00000010   Code   RO         3009    .text               c_w.l(rt_ctype_table.o)
    0x0801dac0   0x0000009e   Code   RO         3011    .text               c_w.l(_strtoul.o)
    0x0801db5e   0x0000004a   Code   RO         3013    .text               c_w.l(sys_stackheap_outer.o)
    0x0801dba8   0x00000008   Code   RO         3018    .text               c_w.l(rt_locale_intlibspace.o)
    0x0801dbb0   0x0000001c   Code   RO         3020    .text               c_w.l(_chval.o)
    0x0801dbcc   0x00000012   Code   RO         3025    .text               c_w.l(exit.o)
    0x0801dbde   0x00000002   PAD
    0x0801dbe0   0x0000000c   Code   RO         3091    .text               c_w.l(sys_exit.o)
    0x0801dbec   0x00000002   Code   RO         3102    .text               c_w.l(use_no_semi.o)
    0x0801dbee   0x00000000   Code   RO         3104    .text               c_w.l(indicate_semi.o)
    0x0801dbee   0x00000002   PAD
    0x0801dbf0   0x0000002c   Code   RO         3023    locale$$code        c_w.l(lc_ctype_c.o)
    0x0801dc1c   0x00000050   Data   RO          400    .constdata          usart.o
    0x0801dc6c   0x0000000f   Data   RO          582    .constdata          msd.o
    0x0801dc7b   0x000000a8   Data   RO         1122    .constdata          device.o
    0x0801dd23   0x00000016   Data   RO         1137    .constdata          idle.o
    0x0801dd39   0x000001d7   Data   RO         1156    .constdata          ipc.o
    0x0801df10   0x00000122   Data   RO         1189    .constdata          kservice.o
    0x0801e032   0x00000046   Data   RO         1210    .constdata          mem.o
    0x0801e078   0x0000005e   Data   RO         1248    .constdata          object.o
    0x0801e0d6   0x0000004e   Data   RO         1268    .constdata          scheduler.o
    0x0801e124   0x000000aa   Data   RO         1288    .constdata          thread.o
    0x0801e1ce   0x0000005c   Data   RO         1305    .constdata          timer.o
    0x0801e22a   0x00000013   Data   RO         1324    .constdata          cpuport.o
    0x0801e23d   0x00000023   Data   RO         1382    .constdata          dfs.o
    0x0801e260   0x00000033   Data   RO         1450    .constdata          dfs_fs.o
    0x0801e293   0x00000001   PAD
    0x0801e294   0x000000b9   Data   RO         1492    .constdata          dfs_elm.o
    0x0801e34d   0x00000001   PAD
    0x0801e34e   0x0000002c   Data   RO         1523    .constdata          ff.o
    0x0801e37a   0x000000d3   Data   RO         1539    .constdata          serial.o
    0x0801e44d   0x000000a3   Data   RO         1552    .constdata          spi_core.o
    0x0801e4f0   0x00000081   Data   RO         1565    .constdata          spi_dev.o
    0x0801e571   0x00000039   Data   RO         1578    .constdata          completion.o
    0x0801e5aa   0x0000004b   Data   RO         1591    .constdata          dataqueue.o
    0x0801e5f5   0x00000060   Data   RO         1671    .constdata          shell.o
    0x0801e655   0x00000003   PAD
    0x0801e658   0x00000050   Data   RO         1707    .constdata          cmd.o
    0x0801e6a8   0x000000c4   Data   RO         1867    .constdata          finsh_ops.o
    0x0801e76c   0x00000040   Data   RO         1950    .constdata          finsh_token.o
    0x0801e7ac   0x00000040   Data   RO         2199    .constdata          sockets.o
    0x0801e7ec   0x000000b3   Data   RO         2293    .constdata          sys_arch.o
    0x0801e89f   0x00000001   PAD
    0x0801e8a0   0x0000001c   Data   RO         2426    .constdata          memp.o
    0x0801e8bc   0x00000054   Data   RO         2557    .constdata          tcp.o
    0x0801e910   0x00000004   Data   RO         2736    .constdata          ip_addr.o
    0x0801e914   0x0000000c   Data   RO         2766    .constdata          etharp.o
    0x0801e920   0x00000057   Data   RO         2788    .constdata          ethernetif.o
    0x0801e977   0x00000001   PAD
    0x0801e978   0x00000020   Data   RO         2908    .constdata          led.o
    0x0801e998   0x0000000c   Data   RO         2990    .constdata          c_w.l(_monlen.o)
    0x0801e9a4   0x000000ed   Data   RO         1211    .conststring        mem.o
    0x0801ea91   0x00000003   PAD
    0x0801ea94   0x00000048   Data   RO         1493    .conststring        dfs_elm.o
    0x0801eadc   0x000001ad   Data   RO         1708    .conststring        cmd.o
    0x0801ec89   0x00000003   PAD
    0x0801ec8c   0x000000f3   Data   RO         1801    .conststring        finsh_error.o
    0x0801ed7f   0x00000001   PAD
    0x0801ed80   0x0000003e   Data   RO         1951    .conststring        finsh_token.o
    0x0801edbe   0x00000002   PAD
    0x0801edc0   0x00000075   Data   RO         2558    .conststring        tcp.o
    0x0801ee35   0x00000003   PAD
    0x0801ee38   0x00000055   Data   RO         2611    .conststring        tcp_out.o
    0x0801ee8d   0x00000003   PAD
    0x0801ee90   0x00000044   Data   RO         2767    .conststring        etharp.o
    0x0801eed4   0x0000000b   Data   RO          473    .rodata.name        stm32_eth.o
    0x0801eedf   0x00000014   Data   RO          474    .rodata.name        stm32_eth.o
    0x0801eef3   0x00000009   Data   RO          475    .rodata.name        stm32_eth.o
    0x0801eefc   0x00000012   Data   RO          476    .rodata.name        stm32_eth.o
    0x0801ef0e   0x0000000a   Data   RO          477    .rodata.name        stm32_eth.o
    0x0801ef18   0x00000013   Data   RO          478    .rodata.name        stm32_eth.o
    0x0801ef2b   0x0000000a   Data   RO          479    .rodata.name        stm32_eth.o
    0x0801ef35   0x00000013   Data   RO          480    .rodata.name        stm32_eth.o
    0x0801ef48   0x00000009   Data   RO         1213    .rodata.name        mem.o
    0x0801ef51   0x0000001e   Data   RO         1214    .rodata.name        mem.o
    0x0801ef6f   0x00000003   Data   RO         1416    .rodata.name        dfs_file.o
    0x0801ef72   0x00000018   Data   RO         1417    .rodata.name        dfs_file.o
    0x0801ef8a   0x00000003   Data   RO         1418    .rodata.name        dfs_file.o
    0x0801ef8d   0x0000001c   Data   RO         1419    .rodata.name        dfs_file.o
    0x0801efa9   0x00000004   Data   RO         1420    .rodata.name        dfs_file.o
    0x0801efad   0x0000000b   Data   RO         1421    .rodata.name        dfs_file.o
    0x0801efb8   0x00000005   Data   RO         1422    .rodata.name        dfs_file.o
    0x0801efbd   0x00000011   Data   RO         1423    .rodata.name        dfs_file.o
    0x0801efce   0x00000005   Data   RO         1451    .rodata.name        dfs_fs.o
    0x0801efd3   0x00000013   Data   RO         1452    .rodata.name        dfs_fs.o
    0x0801efe6   0x00000003   Data   RO         1453    .rodata.name        dfs_fs.o
    0x0801efe9   0x0000000e   Data   RO         1454    .rodata.name        dfs_fs.o
    0x0801eff7   0x00000006   Data   RO         1472    .rodata.name        dfs_posix.o
    0x0801effd   0x00000013   Data   RO         1473    .rodata.name        dfs_posix.o
    0x0801f010   0x00000006   Data   RO         1710    .rodata.name        cmd.o
    0x0801f016   0x00000010   Data   RO         1711    .rodata.name        cmd.o
    0x0801f026   0x00000008   Data   RO         1712    .rodata.name        cmd.o
    0x0801f02e   0x00000023   Data   RO         1713    .rodata.name        cmd.o
    0x0801f051   0x0000000c   Data   RO         1714    .rodata.name        cmd.o
    0x0801f05d   0x0000000c   Data   RO         1715    .rodata.name        cmd.o
    0x0801f069   0x00000009   Data   RO         1716    .rodata.name        cmd.o
    0x0801f072   0x00000019   Data   RO         1717    .rodata.name        cmd.o
    0x0801f08b   0x0000000b   Data   RO         1718    .rodata.name        cmd.o
    0x0801f096   0x00000015   Data   RO         1719    .rodata.name        cmd.o
    0x0801f0ab   0x0000000b   Data   RO         1720    .rodata.name        cmd.o
    0x0801f0b6   0x00000015   Data   RO         1721    .rodata.name        cmd.o
    0x0801f0cb   0x0000000d   Data   RO         1722    .rodata.name        cmd.o
    0x0801f0d8   0x00000018   Data   RO         1723    .rodata.name        cmd.o
    0x0801f0f0   0x0000000e   Data   RO         1724    .rodata.name        cmd.o
    0x0801f0fe   0x0000001d   Data   RO         1725    .rodata.name        cmd.o
    0x0801f11b   0x0000000d   Data   RO         1726    .rodata.name        cmd.o
    0x0801f128   0x0000001b   Data   RO         1727    .rodata.name        cmd.o
    0x0801f143   0x0000000b   Data   RO         1728    .rodata.name        cmd.o
    0x0801f14e   0x00000015   Data   RO         1729    .rodata.name        cmd.o
    0x0801f163   0x0000000c   Data   RO         1730    .rodata.name        cmd.o
    0x0801f16f   0x00000016   Data   RO         1731    .rodata.name        cmd.o
    0x0801f185   0x00000005   Data   RO         1732    .rodata.name        cmd.o
    0x0801f18a   0x0000001a   Data   RO         1733    .rodata.name        cmd.o
    0x0801f1a4   0x00000006   Data   RO         1734    .rodata.name        cmd.o
    0x0801f1aa   0x00000019   Data   RO         1735    .rodata.name        cmd.o
    0x0801f1c3   0x00000007   Data   RO         2789    .rodata.name        ethernetif.o
    0x0801f1ca   0x0000001e   Data   RO         2790    .rodata.name        ethernetif.o
    0x0801f1e8   0x00000008   Data   RO         2791    .rodata.name        ethernetif.o
    0x0801f1f0   0x00000017   Data   RO         2792    .rodata.name        ethernetif.o
    0x0801f207   0x00000008   Data   RO         2793    .rodata.name        ethernetif.o
    0x0801f20f   0x00000023   Data   RO         2794    .rodata.name        ethernetif.o
    0x0801f232   0x0000000a   Data   RO         2795    .rodata.name        ethernetif.o
    0x0801f23c   0x0000001c   Data   RO         2796    .rodata.name        ethernetif.o
    0x0801f258   0x0000000c   Data   RO          481    FSymTab             stm32_eth.o
    0x0801f264   0x0000000c   Data   RO          482    FSymTab             stm32_eth.o
    0x0801f270   0x0000000c   Data   RO          483    FSymTab             stm32_eth.o
    0x0801f27c   0x0000000c   Data   RO          484    FSymTab             stm32_eth.o
    0x0801f288   0x0000000c   Data   RO         1215    FSymTab             mem.o
    0x0801f294   0x0000000c   Data   RO         1424    FSymTab             dfs_file.o
    0x0801f2a0   0x0000000c   Data   RO         1425    FSymTab             dfs_file.o
    0x0801f2ac   0x0000000c   Data   RO         1426    FSymTab             dfs_file.o
    0x0801f2b8   0x0000000c   Data   RO         1427    FSymTab             dfs_file.o
    0x0801f2c4   0x0000000c   Data   RO         1455    FSymTab             dfs_fs.o
    0x0801f2d0   0x0000000c   Data   RO         1456    FSymTab             dfs_fs.o
    0x0801f2dc   0x0000000c   Data   RO         1474    FSymTab             dfs_posix.o
    0x0801f2e8   0x0000000c   Data   RO         1736    FSymTab             cmd.o
    0x0801f2f4   0x0000000c   Data   RO         1737    FSymTab             cmd.o
    0x0801f300   0x0000000c   Data   RO         1738    FSymTab             cmd.o
    0x0801f30c   0x0000000c   Data   RO         1739    FSymTab             cmd.o
    0x0801f318   0x0000000c   Data   RO         1740    FSymTab             cmd.o
    0x0801f324   0x0000000c   Data   RO         1741    FSymTab             cmd.o
    0x0801f330   0x0000000c   Data   RO         1742    FSymTab             cmd.o
    0x0801f33c   0x0000000c   Data   RO         1743    FSymTab             cmd.o
    0x0801f348   0x0000000c   Data   RO         1744    FSymTab             cmd.o
    0x0801f354   0x0000000c   Data   RO         1745    FSymTab             cmd.o
    0x0801f360   0x0000000c   Data   RO         1746    FSymTab             cmd.o
    0x0801f36c   0x0000000c   Data   RO         1747    FSymTab             cmd.o
    0x0801f378   0x0000000c   Data   RO         2797    FSymTab             ethernetif.o
    0x0801f384   0x0000000c   Data   RO         2798    FSymTab             ethernetif.o
    0x0801f390   0x0000000c   Data   RO         2799    FSymTab             ethernetif.o
    0x0801f39c   0x0000000c   Data   RO         2800    FSymTab             ethernetif.o
    0x0801f3a8   0x00000020   Data   RO         3157    Region$$Table       anon$$obj.o
    0x0801f3c8   0x00000010   Data   RO         1748    VSymTab             cmd.o
    0x0801f3d8   0x00000110   Data   RO         3022    locale$$data        c_w.l(lc_ctype_c.o)


    Execution Region RW_IRAM1 (Base: 0x20000000, Size: 0x00005f80, Max: 0x00010000, ABSOLUTE, COMPRESSED[0x000000b4])

    Base Addr    Size         Type   Attr      Idx    E Section Name        Object

    0x20000000   0x00000008   Data   RW          401    .data               usart.o
    0x20000008   0x00000008   Data   RW          441    .data               platform.o
    0x20000010   0x00000010   Data   RW          472    .data               stm32_eth.o
    0x20000020   0x00000008   Data   RW          561    .data               rt_stm32f10x_spi.o
    0x20000028   0x00000014   Data   RW          604    .data               system_stm32f10x.o
    0x2000003c   0x00000014   Data   RW          650    .data               stm32f10x_rcc.o
    0x20000050   0x00000004   Data   RW         1108    .data               clock.o
    0x20000054   0x00000004   Data   RW         1138    .data               idle.o
    0x20000058   0x00000001   Data   RW         1173    .data               irq.o
    0x20000059   0x00000003   PAD
    0x2000005c   0x0000000c   Data   RW         1190    .data               kservice.o
    0x20000068   0x00000020   Data   RW         1212    .data               mem.o
    0x20000088   0x000000a4   Data   RW         1249    .data               object.o
    0x2000012c   0x00000018   Data   RW         1269    .data               scheduler.o
    0x20000144   0x00000010   Data   RW         1306    .data               timer.o
    0x20000154   0x00000004   Data   RW         1325    .data               cpuport.o
    0x20000158   0x00000004   Data   RW         1326    .data               cpuport.o
    0x2000015c   0x00000004   Data   RW         1327    .data               cpuport.o
    0x20000160   0x00000004   Data   RW         1328    .data               cpuport.o
    0x20000164   0x00000008   Data   RW         1494    .data               dfs_elm.o
    0x2000016c   0x0000000c   Data   RW         1524    .data               ff.o
    0x20000178   0x00000004   Data   RW         1672    .data               shell.o
    0x2000017c   0x00000004   Data   RW         1690    .data               symbol.o
    0x20000180   0x00000004   Data   RW         1691    .data               symbol.o
    0x20000184   0x00000004   Data   RW         1692    .data               symbol.o
    0x20000188   0x00000004   Data   RW         1693    .data               symbol.o
    0x2000018c   0x00000004   Data   RW         1709    .data               cmd.o
    0x20000190   0x00000008   Data   RW         1764    .data               finsh_compiler.o
    0x20000198   0x00000040   Data   RW         1802    .data               finsh_error.o
    0x200001d8   0x00000008   Data   RW         1818    .data               finsh_heap.o
    0x200001e0   0x00000004   Data   RW         1901    .data               finsh_var.o
    0x200001e4   0x0000000c   Data   RW         1924    .data               finsh_vm.o
    0x200001f0   0x00000008   Data   RW         2200    .data               sockets.o
    0x200001f8   0x0000000c   Data   RW         2243    .data               tcpip.o
    0x20000204   0x00000006   Data   RW         2294    .data               sys_arch.o
    0x2000020a   0x00000002   PAD
    0x2000020c   0x00000014   Data   RW         2356    .data               dns.o
    0x20000220   0x0000000c   Data   RW         2460    .data               netif.o
    0x2000022c   0x00000001   Data   RW         2497    .data               pbuf.o
    0x2000022d   0x00000003   PAD
    0x20000230   0x00000004   Data   RW         2525    .data               raw.o
    0x20000234   0x00000024   Data   RW         2559    .data               tcp.o
    0x20000258   0x0000001c   Data   RW         2586    .data               tcp_in.o
    0x20000274   0x00000008   Data   RW         2624    .data               timers.o
    0x2000027c   0x00000008   Data   RW         2650    .data               udp.o
    0x20000284   0x00000014   Data   RW         2711    .data               ip.o
    0x20000298   0x00000001   Data   RW         2768    .data               etharp.o
    0x20000299   0x00000003   PAD
    0x2000029c   0x00000054   Zero   RW          399    .bss                usart.o
    0x200002f0   0x000000bc   Zero   RW          440    .bss                platform.o
    0x200003ac   0x00002554   Zero   RW          471    .bss                stm32_eth.o
    0x20002900   0x00000058   Zero   RW          581    .bss                msd.o
    0x20002958   0x00000180   Zero   RW         1136    .bss                idle.o
    0x20002ad8   0x00000080   Zero   RW         1188    .bss                kservice.o
    0x20002b58   0x00000020   Zero   RW         1209    .bss                mem.o
    0x20002b78   0x00000100   Zero   RW         1267    .bss                scheduler.o
    0x20002c78   0x000000d4   Zero   RW         1381    .bss                dfs.o
    0x20002d4c   0x00000124   Zero   RW         1415    .bss                dfs_file.o
    0x20002e70   0x00000880   Zero   RW         1670    .bss                shell.o
    0x200036f0   0x00000080   Zero   RW         1817    .bss                finsh_heap.o
    0x20003770   0x00000140   Zero   RW         1852    .bss                finsh_node.o
    0x200038b0   0x000000c0   Zero   RW         1900    .bss                finsh_var.o
    0x20003970   0x00000180   Zero   RW         1923    .bss                finsh_vm.o
    0x20003af0   0x00000060   Zero   RW         2198    .bss                sockets.o
    0x20003b50   0x00000663   Zero   RW         2355    .bss                dns.o
    0x200041b3   0x00000001   PAD
    0x200041b4   0x00000010   Zero   RW         2585    .bss                tcp_in.o
    0x200041c4   0x00000010   Zero   RW         2735    .bss                ip_addr.o
    0x200041d4   0x000000c8   Zero   RW         2765    .bss                etharp.o
    0x2000429c   0x00000580   Zero   RW         2787    .bss                ethernetif.o
    0x2000481c   0x00001100   Zero   RW         2846    .bss                app_thread.o
    0x2000591c   0x00000060   Zero   RW         2992    .bss                c_w.l(libspace.o)
    0x2000597c   0x00000004   PAD
    0x20005980   0x00000200   Zero   RW         1101    HEAP                startup_stm32f10x_cl.o
    0x20005b80   0x00000400   Zero   RW         1100    STACK               startup_stm32f10x_cl.o


==============================================================================

Image component sizes


      Code (inc. data)   RO Data    RW Data    ZI Data      Debug   Object Name

      2648        870          0          0          0      27954   api_lib.o
      5320       1236          0          0          0      24479   api_msg.o
       244        144          0          0       4352       1339   app_thread.o
       232        116          0          0          0     243167   application.o
       104         16          0          0          0      23387   board.o
        96          6          0          4          0       1548   clock.o
      2772       1240       1104          4          0      10419   cmd.o
         4          0          0          0          0        451   common.o
       424        118         57          0          0       2243   completion.o
       236         24          0          0          0        796   context_rvds.o
      1376        720         19         16          0       4227   cpuport.o
       988        100         75          0          0       6329   dataqueue.o
        16          0          0          0          0       1544   def.o
       768        100        168          0          0       5097   device.o
       832        108         35          0        212       9138   dfs.o
      2288        200        257          8          0      18061   dfs_elm.o
      2080        358        143          0        292      14101   dfs_file.o
      1256        254        116          0          0       6394   dfs_fs.o
      1220         48         37          0          0      10203   dfs_posix.o
      1560        244          0         20       1635       8394   dns.o
      2852        592         80          1        200      11481   etharp.o
      2224        746        284          0       1408      21729   ethernetif.o
      8212        112         44         12          0      26943   ff.o
      2012         96          0          8          0       9918   finsh_compiler.o
        36          4        243         64          0       1765   finsh_error.o
       432         14          0          8        128       3645   finsh_heap.o
        76          4          0          0          0       1620   finsh_init.o
       332          6          0          0        320       3604   finsh_node.o
      1470         28        196          0          0       8708   finsh_ops.o
      1862         26          0          0          0      10429   finsh_parser.o
      1348         18        126          0          0       6276   finsh_token.o
       352         16          0          4        192       7741   finsh_var.o
       176         20          0         12        384       7350   finsh_vm.o
       872        400          0          0          0       2583   icmp.o
       280         70         22          4        384       3039   idle.o
       556         72          0          0          0       3373   inet_chksum.o
        34          0          0          0          0      15560   init.o
       760        126          0         20          0       6511   ip.o
       572         80          4          0         16       9767   ip_addr.o
      5072        288        471          0          0      20723   ipc.o
        56          6          0          1          0       1498   irq.o
      2064        224        290         12        128      12830   kservice.o
       248          6         32          0          0       1907   led.o
        52          0          0          0          0        642   led_app.o
      1716        486        358         32         32       5623   mem.o
         0          0         28          0          0       1333   memp.o
       412         66          0          0          0       2233   misc.o
      3772         82         15          0         88      12171   msd.o
       780        316          0          0          0       8441   netbuf.o
         0          0          0          0          0       3028   netdb.o
       572         90          0         12          0      15980   netif.o
       204          0          0          0          0       6956   netifapi.o
       656        112         94        164          0       5972   object.o
      3262       1144          0          1          0      10549   pbuf.o
       228         48          0          8        188      36295   platform.o
       476        106          0          4          0       3733   raw.o
       552         24          0          8          0       3089   rt_stm32f10x_spi.o
       620        140         78         24        256       4977   scheduler.o
      1844        252        211          0          0       8093   serial.o
      1864        262         96          4       2176       6139   shell.o
      5476        616         64          8         96      35077   sockets.o
      1272         86        163          0          0       5958   spi_core.o
       464        128        129          0          0       3347   spi_dev.o
       184         88          0          0          0     266599   startup.o
        64         26        336          0       1536        936   startup_stm32f10x_cl.o
      7612        350        164         16       9556      53004   stm32_eth.o
      2392        198          0          0          0       7477   stm32f10x_gpio.o
        12          0          0          0          0        945   stm32f10x_it.o
      2352        132          0         20          0      13986   stm32f10x_rcc.o
      2132         96          0          0          0       8714   stm32f10x_spi.o
      3060        126          0          0          0      11472   stm32f10x_usart.o
         0          0          0         16          0       4433   symbol.o
      1704        320        179          6          0      12223   sys_arch.o
       452         46          0         20          0       2423   system_stm32f10x.o
      4160        992        201         36          0      23098   tcp.o
      5392        878          0         28         16      16631   tcp_in.o
      3930        834         85          0          0      11227   tcp_out.o
       848        152          0         12          0      18250   tcpip.o
      1348        174        170          0          0       7577   thread.o
       804         74         92         16          0       6663   timer.o
       548        144          0          8          0       4735   timers.o
      1120        166          0          8          0       7608   udp.o
       644         60         80          8         84      33448   usart.o

    ----------------------------------------------------------------------
    119352      17670       6400        668      23680    1309356   Object Totals
         0          0         32          0          0          0   (incl. Generated)
        10          0         22         11          1          0   (incl. Padding)

    ----------------------------------------------------------------------

      Code (inc. data)   RO Data    RW Data    ZI Data      Debug   Library Member Name

        90          0          0          0          0          0   __dczerorl2.o
         8          0          0          0          0         68   __main.o
         0          0          0          0          0          0   __rtentry.o
        12          0          0          0          0          0   __rtentry2.o
         6          0          0          0          0          0   __rtentry4.o
        52          8          0          0          0          0   __scatter.o
        28          0          0          0          0          0   __scatter_zi.o
        28          0          0          0          0         68   _chval.o
         0          0         12          0          0          0   _monlen.o
       158          0          0          0          0         92   _strtoul.o
        16          0          0          0          0         68   aeabi_memset.o
        26          0          0          0          0         80   atoi.o
        18          0          0          0          0         80   exit.o
         6          0          0          0          0        152   heapauxi.o
         0          0          0          0          0          0   indicate_semi.o
        44         10        272          0          0         76   lc_ctype_c.o
         2          0          0          0          0          0   libinit.o
        20          0          0          0          0          0   libinit2.o
         2          0          0          0          0          0   libshutdown.o
         2          0          0          0          0          0   libshutdown2.o
         8          4          0          0         96         68   libspace.o
        88          0          0          0          0         76   memcmp.o
       424         10          0          0          0        124   mktime.o
        16          4          0          0          0         76   rt_ctype_table.o
         8          4          0          0          0         68   rt_errno_addr_intlibspace.o
         8          4          0          0          0         68   rt_locale_intlibspace.o
        68          0          0          0          0         68   rt_memclr.o
        78          0          0          0          0         80   rt_memclr_w.o
       138          0          0          0          0         68   rt_memcpy_v6.o
       100          0          0          0          0         80   rt_memcpy_w.o
         2          0          0          0          0          0   rtexit.o
        10          0          0          0          0          0   rtexit2.o
       128          0          0          0          0         68   strcmpv7m.o
        72          0          0          0          0         80   strcpy.o
        62          0          0          0          0         76   strlen.o
       150          0          0          0          0         80   strncmp.o
        86          0          0          0          0         76   strncpy.o
        22          0          0          0          0         68   strrchr.o
       112          0          0          0          0         88   strtol.o
        12          4          0          0          0         68   sys_exit.o
        74          0          0          0          0         80   sys_stackheap_outer.o
         2          0          0          0          0         68   use_no_semi.o

    ----------------------------------------------------------------------
      2196         48        284          0        100       2212   Library Totals
        10          0          0          0          4          0   (incl. Padding)

    ----------------------------------------------------------------------

      Code (inc. data)   RO Data    RW Data    ZI Data      Debug   Library Name

      2186         48        284          0         96       2212   c_w.l

    ----------------------------------------------------------------------
      2196         48        284          0        100       2212   Library Totals

    ----------------------------------------------------------------------

==============================================================================


      Code (inc. data)   RO Data    RW Data    ZI Data      Debug   

    121548      17718       6684        668      23780    1302672   Grand Totals
    121548      17718       6684        180      23780    1302672   ELF Image Totals (compressed)
    121548      17718       6684        180          0          0   ROM Totals

==============================================================================

    Total RO  Size (Code + RO Data)               128232 ( 125.23kB)
    Total RW  Size (RW Data + ZI Data)             24448 (  23.88kB)
    Total ROM Size (Code + RO Data + RW Data)     128412 ( 125.40kB)

==============================================================================

